Archive member included to satisfy reference by file (symbol)

/usr/lib/gcc/arm-none-eabi/6.3.1/libgcc.a(_udivsi3.o)
                              /home/aaronli/freeRTOSbuild/RaspberryPi-FreeRTOS/build/Drivers/lan9514/lib/dwhcixferstagedata.o (__aeabi_uidiv)
/usr/lib/gcc/arm-none-eabi/6.3.1/libgcc.a(_dvmd_tls.o)
                              /usr/lib/gcc/arm-none-eabi/6.3.1/libgcc.a(_udivsi3.o) (__aeabi_idiv0)

Allocating common symbols
Common symbol       size              file

SCREEN_WIDTH        0x4               /home/aaronli/freeRTOSbuild/RaspberryPi-FreeRTOS/build/Drivers/video.o
s_bWereEnabled      0x1               /home/aaronli/freeRTOSbuild/RaspberryPi-FreeRTOS/build/FreeRTOS/Source/portable/GCC/RaspberryPi/portisr.o
xBoundUdpSocketsList
                    0x14              /home/aaronli/freeRTOSbuild/RaspberryPi-FreeRTOS/build/Drivers/FreeRTOS-Plus-TCP/FreeRTOS_Sockets.o
SCREEN_HEIGHT       0x4               /home/aaronli/freeRTOSbuild/RaspberryPi-FreeRTOS/build/Drivers/video.o
framebuffer         0x4               /home/aaronli/freeRTOSbuild/RaspberryPi-FreeRTOS/build/Drivers/video.o
mailbuffer          0x58              /home/aaronli/freeRTOSbuild/RaspberryPi-FreeRTOS/build/Drivers/video.o
xBoundTcpSocketsList
                    0x14              /home/aaronli/freeRTOSbuild/RaspberryPi-FreeRTOS/build/Drivers/FreeRTOS-Plus-TCP/FreeRTOS_Sockets.o

Memory Configuration

Name             Origin             Length             Attributes
RESERVED         0x0000000000000000 0x0000000000008000 r
INIT_RAM         0x0000000000008000 0x0000000000008000 xrw
RAM              0x0000000000010000 0x0000000008000000 xrw
*default*        0x0000000000000000 0xffffffffffffffff

Linker script and memory map

LOAD /home/aaronli/freeRTOSbuild/RaspberryPi-FreeRTOS/build/FreeRTOS/Source/portable/GCC/RaspberryPi/port.o
LOAD /home/aaronli/freeRTOSbuild/RaspberryPi-FreeRTOS/build/FreeRTOS/Source/portable/GCC/RaspberryPi/portisr.o
LOAD /home/aaronli/freeRTOSbuild/RaspberryPi-FreeRTOS/build/FreeRTOS/Source/croutine.o
LOAD /home/aaronli/freeRTOSbuild/RaspberryPi-FreeRTOS/build/FreeRTOS/Source/list.o
LOAD /home/aaronli/freeRTOSbuild/RaspberryPi-FreeRTOS/build/FreeRTOS/Source/queue.o
LOAD /home/aaronli/freeRTOSbuild/RaspberryPi-FreeRTOS/build/FreeRTOS/Source/tasks.o
LOAD /home/aaronli/freeRTOSbuild/RaspberryPi-FreeRTOS/build/FreeRTOS/Source/event_groups.o
LOAD /home/aaronli/freeRTOSbuild/RaspberryPi-FreeRTOS/build/Drivers/interrupts.o
LOAD /home/aaronli/freeRTOSbuild/RaspberryPi-FreeRTOS/build/Drivers/gpio.o
LOAD /home/aaronli/freeRTOSbuild/RaspberryPi-FreeRTOS/build/FreeRTOS/Source/portable/MemMang/heap_4.o
LOAD /home/aaronli/freeRTOSbuild/RaspberryPi-FreeRTOS/build/Demo/startup.o
LOAD /home/aaronli/freeRTOSbuild/RaspberryPi-FreeRTOS/build/Demo/main.o
LOAD /home/aaronli/freeRTOSbuild/RaspberryPi-FreeRTOS/build/Drivers/mailbox.o
LOAD /home/aaronli/freeRTOSbuild/RaspberryPi-FreeRTOS/build/Demo/trace.o
LOAD /home/aaronli/freeRTOSbuild/RaspberryPi-FreeRTOS/build/Drivers/mem.o
LOAD /home/aaronli/freeRTOSbuild/RaspberryPi-FreeRTOS/build/Drivers/video.o
LOAD /home/aaronli/freeRTOSbuild/RaspberryPi-FreeRTOS/build/Drivers/lan9514/uspibind.o
LOAD /home/aaronli/freeRTOSbuild/RaspberryPi-FreeRTOS/build/Drivers/lan9514/lib/uspilibrary.o
LOAD /home/aaronli/freeRTOSbuild/RaspberryPi-FreeRTOS/build/Drivers/lan9514/lib/dwhcidevice.o
LOAD /home/aaronli/freeRTOSbuild/RaspberryPi-FreeRTOS/build/Drivers/lan9514/lib/dwhciregister.o
LOAD /home/aaronli/freeRTOSbuild/RaspberryPi-FreeRTOS/build/Drivers/lan9514/lib/dwhcixferstagedata.o
LOAD /home/aaronli/freeRTOSbuild/RaspberryPi-FreeRTOS/build/Drivers/lan9514/lib/usbconfigparser.o
LOAD /home/aaronli/freeRTOSbuild/RaspberryPi-FreeRTOS/build/Drivers/lan9514/lib/usbdevice.o
LOAD /home/aaronli/freeRTOSbuild/RaspberryPi-FreeRTOS/build/Drivers/lan9514/lib/usbdevicefactory.o
LOAD /home/aaronli/freeRTOSbuild/RaspberryPi-FreeRTOS/build/Drivers/lan9514/lib/usbendpoint.o
LOAD /home/aaronli/freeRTOSbuild/RaspberryPi-FreeRTOS/build/Drivers/lan9514/lib/usbrequest.o
LOAD /home/aaronli/freeRTOSbuild/RaspberryPi-FreeRTOS/build/Drivers/lan9514/lib/usbstandardhub.o
LOAD /home/aaronli/freeRTOSbuild/RaspberryPi-FreeRTOS/build/Drivers/lan9514/lib/devicenameservice.o
LOAD /home/aaronli/freeRTOSbuild/RaspberryPi-FreeRTOS/build/Drivers/lan9514/lib/macaddress.o
LOAD /home/aaronli/freeRTOSbuild/RaspberryPi-FreeRTOS/build/Drivers/lan9514/lib/smsc951x.o
LOAD /home/aaronli/freeRTOSbuild/RaspberryPi-FreeRTOS/build/Drivers/lan9514/lib/string.o
LOAD /home/aaronli/freeRTOSbuild/RaspberryPi-FreeRTOS/build/Drivers/lan9514/lib/util.o
LOAD /home/aaronli/freeRTOSbuild/RaspberryPi-FreeRTOS/build/Drivers/lan9514/lib/usbmassdevice.o
LOAD /home/aaronli/freeRTOSbuild/RaspberryPi-FreeRTOS/build/Drivers/lan9514/lib/dwhciframeschednper.o
LOAD /home/aaronli/freeRTOSbuild/RaspberryPi-FreeRTOS/build/Drivers/lan9514/lib/dwhciframeschedper.o
LOAD /home/aaronli/freeRTOSbuild/RaspberryPi-FreeRTOS/build/Drivers/lan9514/lib/keymap.o
LOAD /home/aaronli/freeRTOSbuild/RaspberryPi-FreeRTOS/build/Drivers/lan9514/lib/usbkeyboard.o
LOAD /home/aaronli/freeRTOSbuild/RaspberryPi-FreeRTOS/build/Drivers/lan9514/lib/dwhcirootport.o
LOAD /home/aaronli/freeRTOSbuild/RaspberryPi-FreeRTOS/build/Drivers/lan9514/lib/usbmouse.o
LOAD /home/aaronli/freeRTOSbuild/RaspberryPi-FreeRTOS/build/Drivers/lan9514/lib/dwhciframeschednsplit.o
LOAD /home/aaronli/freeRTOSbuild/RaspberryPi-FreeRTOS/build/Drivers/lan9514/lib/usbgamepad.o
LOAD /home/aaronli/freeRTOSbuild/RaspberryPi-FreeRTOS/build/Drivers/lan9514/lib/synchronize.o
LOAD /home/aaronli/freeRTOSbuild/RaspberryPi-FreeRTOS/build/Drivers/lan9514/lib/usbstring.o
LOAD /home/aaronli/freeRTOSbuild/RaspberryPi-FreeRTOS/build/Drivers/FreeRTOS-Plus-TCP/FreeRTOS_ARP.o
LOAD /home/aaronli/freeRTOSbuild/RaspberryPi-FreeRTOS/build/Drivers/FreeRTOS-Plus-TCP/FreeRTOS_DHCP.o
LOAD /home/aaronli/freeRTOSbuild/RaspberryPi-FreeRTOS/build/Drivers/FreeRTOS-Plus-TCP/FreeRTOS_DNS.o
LOAD /home/aaronli/freeRTOSbuild/RaspberryPi-FreeRTOS/build/Drivers/FreeRTOS-Plus-TCP/FreeRTOS_IP.o
LOAD /home/aaronli/freeRTOSbuild/RaspberryPi-FreeRTOS/build/Drivers/FreeRTOS-Plus-TCP/FreeRTOS_Sockets.o
LOAD /home/aaronli/freeRTOSbuild/RaspberryPi-FreeRTOS/build/Drivers/FreeRTOS-Plus-TCP/FreeRTOS_Stream_Buffer.o
LOAD /home/aaronli/freeRTOSbuild/RaspberryPi-FreeRTOS/build/Drivers/FreeRTOS-Plus-TCP/FreeRTOS_TCP_IP.o
LOAD /home/aaronli/freeRTOSbuild/RaspberryPi-FreeRTOS/build/Drivers/FreeRTOS-Plus-TCP/FreeRTOS_TCP_WIN.o
LOAD /home/aaronli/freeRTOSbuild/RaspberryPi-FreeRTOS/build/Drivers/FreeRTOS-Plus-TCP/FreeRTOS_UDP_IP.o
LOAD /home/aaronli/freeRTOSbuild/RaspberryPi-FreeRTOS/build/Drivers/FreeRTOS-Plus-TCP/portable/BufferManagement/BufferAllocation_2.o
LOAD /home/aaronli/freeRTOSbuild/RaspberryPi-FreeRTOS/build/Drivers/FreeRTOS-Plus-TCP/portable/NetworkInterface.o

.init           0x0000000000008000       0xe0
 *(.init)
 .init          0x0000000000008000       0xe0 /home/aaronli/freeRTOSbuild/RaspberryPi-FreeRTOS/build/Demo/startup.o
                0x0000000000008000                _start

.module_entries
                0x00000000000080e0        0x0
                0x00000000000080e0                __module_entries_start = .
 *(.module_entries)
 *(.module_entries.*)
                0x00000000000080e0                __module_entries_end = .
                0x0000000000000000                __module_entries_size = SIZEOF (.module_entries)

.text           0x0000000000010000    0x28d9c
 *(.text)
 .text          0x0000000000010000      0x354 /home/aaronli/freeRTOSbuild/RaspberryPi-FreeRTOS/build/FreeRTOS/Source/portable/GCC/RaspberryPi/port.o
                0x0000000000010000                pxPortInitialiseStack
                0x0000000000010240                xPortStartScheduler
                0x000000000001025c                vPortEndScheduler
                0x0000000000010274                vTickISR
 .text          0x0000000000010354      0x338 /home/aaronli/freeRTOSbuild/RaspberryPi-FreeRTOS/build/FreeRTOS/Source/portable/GCC/RaspberryPi/portisr.o
                0x0000000000010354                vPortISRStartFirstTask
                0x00000000000103f0                vPortYieldProcessor
                0x00000000000104ac                vFreeRTOS_ISR
                0x0000000000010568                vPortEnterCritical
                0x00000000000105fc                vPortExitCritical
 .text          0x000000000001068c      0x7b4 /home/aaronli/freeRTOSbuild/RaspberryPi-FreeRTOS/build/FreeRTOS/Source/croutine.o
                0x000000000001068c                xCoRoutineCreate
                0x00000000000107f4                vCoRoutineAddToDelayedList
                0x0000000000010bd4                vCoRoutineSchedule
                0x0000000000010db4                xCoRoutineRemoveFromEventList
 .text          0x0000000000010e40      0x2a4 /home/aaronli/freeRTOSbuild/RaspberryPi-FreeRTOS/build/FreeRTOS/Source/list.o
                0x0000000000010e40                vListInitialise
                0x0000000000010ea8                vListInitialiseItem
                0x0000000000010ed4                vListInsertEnd
                0x0000000000010f6c                vListInsert
                0x0000000000011044                vListRemove
 .text          0x00000000000110e4      0xd54 /home/aaronli/freeRTOSbuild/RaspberryPi-FreeRTOS/build/FreeRTOS/Source/queue.o
                0x00000000000110e4                xQueueGenericReset
                0x00000000000111f8                xQueueGenericCreate
                0x00000000000112c0                xQueueCreateMutex
                0x000000000001139c                xQueueCreateCountingSemaphore
                0x00000000000113ec                xQueueGenericSend
                0x0000000000011590                xQueueGenericSendFromISR
                0x000000000001166c                xQueueGenericReceive
                0x00000000000118b8                xQueueReceiveFromISR
                0x0000000000011998                uxQueueMessagesWaiting
                0x00000000000119cc                uxQueueMessagesWaitingFromISR
                0x00000000000119fc                vQueueDelete
                0x0000000000011d64                xQueueIsQueueEmptyFromISR
                0x0000000000011df0                xQueueIsQueueFullFromISR
 .text          0x0000000000011e38     0x1e58 /home/aaronli/freeRTOSbuild/RaspberryPi-FreeRTOS/build/FreeRTOS/Source/tasks.o
                0x0000000000011e38                xTaskGenericCreate
                0x00000000000120a0                vTaskDelete
                0x00000000000121ac                vTaskDelayUntil
                0x00000000000122c4                vTaskDelay
                0x0000000000012348                uxTaskPriorityGet
                0x00000000000123a0                vTaskPrioritySet
                0x0000000000012568                vTaskSuspend
                0x0000000000012678                xTaskIsTaskSuspended
                0x00000000000126f4                vTaskResume
                0x00000000000127ec                xTaskResumeFromISR
                0x0000000000012904                vTaskStartScheduler
                0x00000000000129a0                vTaskEndScheduler
                0x00000000000129d8                vTaskSuspendAll
                0x0000000000012a0c                xTaskResumeAll
                0x0000000000012bc8                xTaskGetTickCount
                0x0000000000012bfc                xTaskGetTickCountFromISR
                0x0000000000012c34                uxTaskGetNumberOfTasks
                0x0000000000012c58                vTaskIncrementTick
                0x0000000000012eb0                vTaskSetApplicationTaskTag
                0x0000000000012f0c                xTaskGetApplicationTaskTag
                0x0000000000012f68                xTaskCallApplicationTaskHook
                0x0000000000012fe4                vTaskSwitchContext
                0x00000000000130ec                vTaskPlaceOnEventList
                0x0000000000013190                vTaskPlaceOnUnorderedEventList
                0x0000000000013250                xTaskRemoveFromEventList
                0x0000000000013364                xTaskRemoveFromUnorderedEventList
                0x0000000000013460                vTaskSetTimeOutState
                0x00000000000134a8                xTaskCheckForTimeOut
                0x00000000000135a4                vTaskMissedYield
                0x00000000000139fc                xTaskGetCurrentTaskHandle
                0x0000000000013a2c                vTaskPriorityInherit
                0x0000000000013b5c                vTaskPriorityDisinherit
                0x0000000000013c38                uxTaskResetEventItemValue
 .text          0x0000000000013c90      0x714 /home/aaronli/freeRTOSbuild/RaspberryPi-FreeRTOS/build/FreeRTOS/Source/event_groups.o
                0x0000000000013c90                xEventGroupCreate
                0x0000000000013ce0                xEventGroupSync
                0x0000000000013e6c                xEventGroupWaitBits
                0x0000000000014038                xEventGroupClearBits
                0x0000000000014094                xEventGroupGetBitsFromISR
                0x00000000000140d4                xEventGroupSetBits
                0x0000000000014264                vEventGroupDelete
                0x00000000000142cc                vEventGroupSetBitsCallback
                0x00000000000142f8                vEventGroupClearBitsCallback
 .text          0x00000000000143a4      0x420 /home/aaronli/freeRTOSbuild/RaspberryPi-FreeRTOS/build/Drivers/interrupts.o
                0x00000000000143dc                irqHandler
                0x00000000000144fc                InitInterruptController
                0x0000000000014574                RegisterInterrupt
                0x00000000000145f4                EnableInterrupt
                0x00000000000146c4                DisableInterrupt
                0x0000000000014794                EnableInterrupts
                0x00000000000147ac                DisableInterrupts
 .text          0x00000000000147c4      0x5fc /home/aaronli/freeRTOSbuild/RaspberryPi-FreeRTOS/build/Drivers/gpio.o
                0x00000000000147c4                SetGpioFunction
                0x0000000000014898                SetGpioDirection
                0x00000000000148cc                SetGpio
                0x0000000000014958                ReadGpio
                0x00000000000149a8                EnableGpioDetect
                0x0000000000014b84                DisableGpioDetect
                0x0000000000014d68                ClearGpioInterrupt
 .text          0x0000000000014dc0      0x4e0 /home/aaronli/freeRTOSbuild/RaspberryPi-FreeRTOS/build/FreeRTOS/Source/portable/MemMang/heap_4.o
                0x0000000000014dc0                pvPortMalloc
                0x0000000000014f98                vPortFree
                0x0000000000015018                xPortGetFreeHeapSize
                0x000000000001503c                vPortInitialiseBlocks
 .text          0x00000000000152a0       0x28 /home/aaronli/freeRTOSbuild/RaspberryPi-FreeRTOS/build/Demo/startup.o
                0x00000000000152b8                PUT32
                0x00000000000152c0                GET32
 .text          0x00000000000152c8      0x938 /home/aaronli/freeRTOSbuild/RaspberryPi-FreeRTOS/build/Demo/main.o
                0x00000000000152c8                task1
                0x0000000000015300                task2
                0x0000000000015340                blinkDot
                0x0000000000015378                blinkDash
                0x00000000000153b0                restSpace
                0x00000000000153c8                task3
                0x0000000000015480                serverTask
                0x00000000000155a4                serverListenTask
                0x0000000000015b7c                main
 .text          0x0000000000015c00       0xec /home/aaronli/freeRTOSbuild/RaspberryPi-FreeRTOS/build/Drivers/mailbox.o
                0x0000000000015c00                mailboxWrite
                0x0000000000015c6c                mailboxRead
 .text          0x0000000000015cec      0x32c /home/aaronli/freeRTOSbuild/RaspberryPi-FreeRTOS/build/Demo/trace.o
                0x0000000000015cec                __cyg_profile_func_enter
                0x0000000000015e74                __cyg_profile_func_exit
 .text          0x0000000000016018      0x3d8 /home/aaronli/freeRTOSbuild/RaspberryPi-FreeRTOS/build/Drivers/mem.o
                0x0000000000016018                memset
                0x000000000001607c                memmove
                0x000000000001612c                memcpy2
                0x00000000000161a0                memcmp
                0x0000000000016240                strcpy
                0x00000000000162a0                strncpy
                0x0000000000016348                strlen
                0x000000000001639c                rand
 .text          0x00000000000163f0      0xa20 /home/aaronli/freeRTOSbuild/RaspberryPi-FreeRTOS/build/Drivers/video.o
                0x00000000000163f0                enablelogging
                0x0000000000016418                initFB
                0x000000000001664c                drawPixel
                0x00000000000166b0                drawRect
                0x0000000000016740                drawChar
                0x000000000001686c                drawString
                0x00000000000168d8                println
                0x0000000000016b10                printHex
                0x0000000000016d2c                videotest
 .text          0x0000000000016e10      0x478 /home/aaronli/freeRTOSbuild/RaspberryPi-FreeRTOS/build/Drivers/lan9514/uspibind.o
                0x0000000000016e10                MsDelay
                0x0000000000016e78                usDelay
                0x0000000000016ed8                StartKernelTimer
                0x0000000000016f14                CancelKernelTimer
                0x0000000000016f40                ConnectInterrupt
                0x0000000000016f84                SetPowerStateOn
                0x000000000001704c                GetMACAddress
                0x0000000000017170                LogWrite
                0x00000000000171a8                uspi_assertion_failed
                0x00000000000171f4                DebugHexdump
                0x0000000000017228                malloc
                0x000000000001725c                free
 .text          0x0000000000017288     0x1088 /home/aaronli/freeRTOSbuild/RaspberryPi-FreeRTOS/build/Drivers/lan9514/lib/uspilibrary.o
                0x0000000000017288                USPiInitialize
                0x00000000000175d4                USPiKeyboardAvailable
                0x0000000000017630                USPiKeyboardRegisterKeyPressedHandler
                0x00000000000176c4                USPiKeyboardRegisterShutdownHandler
                0x0000000000017758                USPiKeyboardRegisterKeyStatusHandlerRaw
                0x00000000000177ec                USPiMouseAvailable
                0x0000000000017848                USPiMouseRegisterStatusHandler
                0x00000000000178dc                USPiMassStorageDeviceAvailable
                0x0000000000017970                USPiMassStorageDeviceRead
                0x0000000000017a5c                USPiMassStorageDeviceWrite
                0x0000000000017b48                USPiMassStorageDeviceGetCapacity
                0x0000000000017be8                USPiEthernetAvailable
                0x0000000000017c44                USPiGetMACAddress
                0x0000000000017d08                USPiSendFrame
                0x0000000000017db8                USPiReceiveFrame
                0x0000000000017e68                USPiGamePadAvailable
                0x0000000000017f04                USPiGamePadRegisterStatusHandler
                0x0000000000017fc4                USPiGamePadGetStatus
                0x0000000000018094                USPiDeviceGetInformation
 .text          0x0000000000018310     0x3594 /home/aaronli/freeRTOSbuild/RaspberryPi-FreeRTOS/build/Drivers/lan9514/lib/dwhcidevice.o
                0x0000000000018310                DWHCIDevice
                0x00000000000183c0                _DWHCIDevice
                0x00000000000183ec                DWHCIDeviceInitialize
                0x0000000000018690                DWHCIDeviceGetDescriptor
                0x0000000000018748                DWHCIDeviceSetAddress
                0x00000000000187ec                DWHCIDeviceSetConfiguration
                0x0000000000018890                DWHCIDeviceControlMessage
                0x0000000000018a14                DWHCIDeviceTransfer
                0x0000000000018ac4                DWHCIDeviceSubmitBlockingRequest
                0x0000000000018dc0                DWHCIDeviceSubmitAsyncRequest
                0x0000000000018ef0                DWHCIDeviceInitCore
                0x0000000000019224                DWHCIDeviceInitHost
                0x0000000000019500                DWHCIDeviceEnableRootPort
                0x0000000000019628                DWHCIDeviceReset
                0x000000000001972c                DWHCIDeviceEnableGlobalInterrupts
                0x00000000000197b4                DWHCIDeviceEnableCommonInterrupts
                0x000000000001982c                DWHCIDeviceEnableHostInterrupts
                0x00000000000198cc                DWHCIDeviceEnableChannelInterrupt
                0x0000000000019970                DWHCIDeviceDisableChannelInterrupt
                0x0000000000019a18                DWHCIDeviceFlushTxFIFO
                0x0000000000019af4                DWHCIDeviceFlushRxFIFO
                0x0000000000019ba4                DWHCIDeviceTransferStage
                0x0000000000019cb4                DWHCIDeviceCompletionRoutine
                0x0000000000019d10                DWHCIDeviceTransferStageAsync
                0x0000000000019f2c                DWHCIDeviceStartTransaction
                0x000000000001a0b8                DWHCIDeviceStartChannel
                0x000000000001a640                DWHCIDeviceChannelInterruptHandler
                0x000000000001ada0                DWHCIDeviceInterruptHandler
                0x000000000001af70                DWHCIDeviceTimerHandler
                0x000000000001b0cc                DWHCIDeviceAllocateChannel
                0x000000000001b194                DWHCIDeviceFreeChannel
                0x000000000001b268                DWHCIDeviceWaitForBit
                0x000000000001b3a0                DWHCIDeviceGetPortSpeed
                0x000000000001b464                DWHCIDeviceOvercurrentDetected
                0x000000000001b4f8                DWHCIDeviceDisableRootPort
                0x000000000001b580                DWHCIDeviceDumpRegister
                0x000000000001b608                DWHCIDeviceDumpStatus
 .text          0x000000000001b8a4      0x71c /home/aaronli/freeRTOSbuild/RaspberryPi-FreeRTOS/build/Drivers/lan9514/lib/dwhciregister.o
                0x000000000001b8a4                DWHCIRegister
                0x000000000001b900                DWHCIRegister2
                0x000000000001b96c                _DWHCIRegister
                0x000000000001b9b8                DWHCIRegisterRead
                0x000000000001ba20                DWHCIRegisterWrite
                0x000000000001baa0                DWHCIRegisterGet
                0x000000000001bb10                DWHCIRegisterSet
                0x000000000001bb6c                DWHCIRegisterIsSet
                0x000000000001bbf8                DWHCIRegisterAnd
                0x000000000001bc7c                DWHCIRegisterOr
                0x000000000001bd00                DWHCIRegisterClearBit
                0x000000000001bdb4                DWHCIRegisterSetBit
                0x000000000001be64                DWHCIRegisterClearAll
                0x000000000001bebc                DWHCIRegisterSetAll
                0x000000000001bf14                DWHCIRegisterDump
 .text          0x000000000001bfc0     0x14b4 /home/aaronli/freeRTOSbuild/RaspberryPi-FreeRTOS/build/Drivers/lan9514/lib/dwhcixferstagedata.o
                0x000000000001bfc0                DWHCITransferStageData
                0x000000000001c514                _DWHCITransferStageData
                0x000000000001c5f8                DWHCITransferStageDataTransactionComplete
                0x000000000001c800                DWHCITransferStageDataSetSplitComplete
                0x000000000001c878                DWHCITransferStageDataSetState
                0x000000000001c8c8                DWHCITransferStageDataGetState
                0x000000000001c910                DWHCITransferStageDataSetSubState
                0x000000000001c960                DWHCITransferStageDataGetSubState
                0x000000000001c9a8                DWHCITransferStageDataBeginSplitCycle
                0x000000000001c9cc                DWHCITransferStageDataGetChannelNumber
                0x000000000001ca14                DWHCITransferStageDataIsPeriodic
                0x000000000001cab8                DWHCITransferStageDataGetDeviceAddress
                0x000000000001cb34                DWHCITransferStageDataGetEndpointType
                0x000000000001cc18                DWHCITransferStageDataGetEndpointNumber
                0x000000000001cc94                DWHCITransferStageDataGetMaxPacketSize
                0x000000000001ccdc                DWHCITransferStageDataGetSpeed
                0x000000000001cd24                DWHCITransferStageDataGetPID
                0x000000000001ce10                DWHCITransferStageDataIsDirectionIn
                0x000000000001ce58                DWHCITransferStageDataIsStatusStage
                0x000000000001cea0                DWHCITransferStageDataGetDMAAddress
                0x000000000001cf10                DWHCITransferStageDataGetBytesToTransfer
                0x000000000001cf58                DWHCITransferStageDataGetPacketsToTransfer
                0x000000000001cfa0                DWHCITransferStageDataIsSplit
                0x000000000001cfe8                DWHCITransferStageDataIsSplitComplete
                0x000000000001d058                DWHCITransferStageDataGetHubAddress
                0x000000000001d0fc                DWHCITransferStageDataGetHubPortAddress
                0x000000000001d1a0                DWHCITransferStageDataGetSplitPosition
                0x000000000001d20c                DWHCITransferStageDataGetStatusMask
                0x000000000001d288                DWHCITransferStageDataGetTransactionStatus
                0x000000000001d2f8                DWHCITransferStageDataIsStageComplete
                0x000000000001d350                DWHCITransferStageDataGetResultLen
                0x000000000001d3bc                DWHCITransferStageDataGetURB
                0x000000000001d42c                DWHCITransferStageDataGetFrameScheduler
 .text          0x000000000001d474      0x5e8 /home/aaronli/freeRTOSbuild/RaspberryPi-FreeRTOS/build/Drivers/lan9514/lib/usbconfigparser.o
                0x000000000001d474                USBConfigurationParser
                0x000000000001d7b0                _USBConfigurationParser
                0x000000000001d7fc                USBConfigurationParserIsValid
                0x000000000001d844                USBConfigurationParserGetDescriptor
                0x000000000001d9ac                USBConfigurationParserError
 .text          0x000000000001da5c     0x1514 /home/aaronli/freeRTOSbuild/RaspberryPi-FreeRTOS/build/Drivers/lan9514/lib/usbdevice.o
                0x000000000001da5c                USBDevice
                0x000000000001dc24                USBDeviceCopy
                0x000000000001df38                _USBDevice
                0x000000000001e080                USBDeviceInitialize
                0x000000000001e774                USBDeviceConfigure
                0x000000000001e87c                USBDeviceGetName
                0x000000000001eb0c                USBDeviceGetAddress
                0x000000000001eb54                USBDeviceGetSpeed
                0x000000000001eb9c                USBDeviceGetHubAddress
                0x000000000001ebe4                USBDeviceGetHubPortNumber
                0x000000000001ec2c                USBDeviceGetEndpoint0
                0x000000000001ec9c                USBDeviceGetHost
                0x000000000001ed0c                USBDeviceGetDeviceDescriptor
                0x000000000001ed7c                USBDeviceGetConfigurationDescriptor
                0x000000000001edec                USBDeviceGetDescriptor
                0x000000000001ee78                USBDeviceConfigurationError
                0x000000000001eef8                USBDeviceSetAddress
 .text          0x000000000001ef70      0x414 /home/aaronli/freeRTOSbuild/RaspberryPi-FreeRTOS/build/Drivers/lan9514/lib/usbdevicefactory.o
                0x000000000001ef70                USBDeviceFactoryGetDevice
                0x000000000001f064                GetDevice
 .text          0x000000000001f384      0x94c /home/aaronli/freeRTOSbuild/RaspberryPi-FreeRTOS/build/Drivers/lan9514/lib/usbendpoint.o
                0x000000000001f384                USBEndpoint
                0x000000000001f444                USBEndpoint2
                0x000000000001f6c8                USBEndpointCopy
                0x000000000001f7c8                _USBEndpoint
                0x000000000001f814                USBEndpointGetDevice
                0x000000000001f884                USBEndpointGetNumber
                0x000000000001f8cc                USBEndpointGetType
                0x000000000001f914                USBEndpointIsDirectionIn
                0x000000000001f95c                USBEndpointSetMaxPacketSize
                0x000000000001f9ac                USBEndpointGetMaxPacketSize
                0x000000000001f9f4                USBEndpointGetInterval
                0x000000000001fa64                USBEndpointGetNextPID
                0x000000000001faec                USBEndpointSkipPID
                0x000000000001fc5c                USBEndpointResetPID
 .text          0x000000000001fcd0      0x5dc /home/aaronli/freeRTOSbuild/RaspberryPi-FreeRTOS/build/Drivers/lan9514/lib/usbrequest.o
                0x000000000001fcd0                USBRequest
                0x000000000001fde8                _USBRequest
                0x000000000001fe58                USBRequestGetEndpoint
                0x000000000001fec8                USBRequestSetStatus
                0x000000000001ff18                USBRequestSetResultLen
                0x000000000001ff68                USBRequestGetStatus
                0x000000000001ffb0                USBRequestGetResultLength
                0x0000000000020020                USBRequestGetSetupData
                0x00000000000200c4                USBRequestGetBuffer
                0x0000000000020144                USBRequestGetBufLen
                0x000000000002018c                USBRequestSetCompletionRoutine
                0x0000000000020224                USBRequestCallCompletionRoutine
 .text          0x00000000000202ac     0x13f8 /home/aaronli/freeRTOSbuild/RaspberryPi-FreeRTOS/build/Drivers/lan9514/lib/usbstandardhub.o
                0x00000000000202ac                USBStandardHub
                0x0000000000020374                _USBStandardHub
                0x00000000000204c4                USBStandardHubInitialize
                0x0000000000020514                USBStandardHubConfigure
                0x00000000000209e0                USBStandardHubEnumeratePorts
                0x0000000000021538                USBStandardHubGetDeviceNames
 .text          0x00000000000216a4      0x448 /home/aaronli/freeRTOSbuild/RaspberryPi-FreeRTOS/build/Drivers/lan9514/lib/devicenameservice.o
                0x00000000000216a4                DeviceNameService
                0x000000000002172c                _DeviceNameService
                0x000000000002181c                DeviceNameServiceAddDevice
                0x000000000002197c                DeviceNameServiceGetDevice
                0x0000000000021aa4                DeviceNameServiceGet
 .text          0x0000000000021aec      0x568 /home/aaronli/freeRTOSbuild/RaspberryPi-FreeRTOS/build/Drivers/lan9514/lib/macaddress.o
                0x0000000000021aec                MACAddress
                0x0000000000021b38                MACAddress2
                0x0000000000021b88                _MACAddress
                0x0000000000021bd4                MACAddressIsEqual
                0x0000000000021c78                MACAddressSet
                0x0000000000021d04                MACAddressSetBroadcast
                0x0000000000021d68                MACAddressGet
                0x0000000000021dd8                MACAddressCopyTo
                0x0000000000021e80                MACAddressIsBroadcast
                0x0000000000021f34                MACAddressGetSize
                0x0000000000021f58                MACAddressFormat
 .text          0x0000000000022054      0xed8 /home/aaronli/freeRTOSbuild/RaspberryPi-FreeRTOS/build/Drivers/lan9514/lib/smsc951x.o
                0x0000000000022054                SMSC951xDevice
                0x000000000002211c                _SMSC951xDevice
                0x000000000002220c                SMSC951xDeviceConfigure
                0x0000000000022760                SMSC951xDeviceGetMACAddress
                0x00000000000227a8                SMSC951xDeviceSendFrame
                0x00000000000228f8                SMSC951xDeviceReceiveFrame
                0x0000000000022b54                SMSC951xDeviceWriteReg
                0x0000000000022c00                SMSC951xDeviceReadReg
                0x0000000000022cb0                SMSC951xDeviceDumpReg
                0x0000000000022d5c                SMSC951xDeviceDumpRegs
 .text          0x0000000000022f2c      0xfac /home/aaronli/freeRTOSbuild/RaspberryPi-FreeRTOS/build/Drivers/lan9514/lib/string.o
                0x0000000000022f2c                String
                0x0000000000022f84                String2
                0x0000000000023014                _String
                0x0000000000023080                StringGet
                0x00000000000230e4                StringSet
                0x000000000002319c                StringGetLength
                0x0000000000023208                StringAppend
                0x0000000000023324                StringCompare
                0x0000000000023380                StringFind
                0x0000000000023428                StringFormat
                0x000000000002348c                StringFormatV
                0x0000000000023b64                StringPutChar
                0x0000000000023bf0                StringPutString
                0x0000000000023c78                StringReserveSpace
                0x0000000000023d98                ntoa
 .text          0x0000000000023ed8      0x548 /home/aaronli/freeRTOSbuild/RaspberryPi-FreeRTOS/build/Drivers/lan9514/lib/util.o
                0x0000000000023ed8                uspi_memset
                0x0000000000023f3c                uspi_memcpy2
                0x0000000000023fb0                uspi_memcmp
                0x000000000002405c                uspi_strlen
                0x00000000000240b0                uspi_strcmp
                0x0000000000024194                uspi_strcpy
                0x0000000000024204                uspi_strncpy
                0x00000000000242a4                uspi_strcat
                0x0000000000024334                uspi_char2int
                0x0000000000024380                uspi_le2be16
                0x00000000000243cc                uspi_le2be32
 .text          0x0000000000024420     0x132c /home/aaronli/freeRTOSbuild/RaspberryPi-FreeRTOS/build/Drivers/lan9514/lib/usbmassdevice.o
                0x0000000000024420                USBBulkOnlyMassStorageDevice
                0x00000000000244c4                _USBBulkOnlyMassStorageDevice
                0x0000000000024588                USBBulkOnlyMassStorageDeviceConfigure
                0x0000000000024c70                USBBulkOnlyMassStorageDeviceRead
                0x0000000000024d30                USBBulkOnlyMassStorageDeviceWrite
                0x0000000000024df0                USBBulkOnlyMassStorageDeviceSeek
                0x0000000000024e4c                USBBulkOnlyMassStorageDeviceGetCapacity
                0x0000000000024e94                USBBulkOnlyMassStorageDeviceTryRead
                0x000000000002505c                USBBulkOnlyMassStorageDeviceTryWrite
                0x0000000000025220                USBBulkOnlyMassStorageDeviceCommand
                0x0000000000025570                USBBulkOnlyMassStorageDeviceReset
 .text          0x000000000002574c      0x430 /home/aaronli/freeRTOSbuild/RaspberryPi-FreeRTOS/build/Drivers/lan9514/lib/dwhciframeschednper.o
                0x000000000002574c                DWHCIFrameSchedulerNonPeriodic
                0x0000000000025800                _DWHCIFrameSchedulerNonPeriodic
                0x0000000000025854                DWHCIFrameSchedulerNonPeriodicStartSplit
                0x00000000000258a8                DWHCIFrameSchedulerNonPeriodicCompleteSplit
                0x0000000000025980                DWHCIFrameSchedulerNonPeriodicTransactionComplete
                0x0000000000025b38                DWHCIFrameSchedulerNonPeriodicWaitForFrame
                0x0000000000025b58                DWHCIFrameSchedulerNonPeriodicIsOddFrame
 .text          0x0000000000025b7c      0x568 /home/aaronli/freeRTOSbuild/RaspberryPi-FreeRTOS/build/Drivers/lan9514/lib/dwhciframeschedper.o
                0x0000000000025b7c                DWHCIFrameSchedulerPeriodic
                0x0000000000025c3c                _DWHCIFrameSchedulerPeriodic
                0x0000000000025c90                DWHCIFrameSchedulerPeriodicStartSplit
                0x0000000000025cf0                DWHCIFrameSchedulerPeriodicCompleteSplit
                0x0000000000025e08                DWHCIFrameSchedulerPeriodicTransactionComplete
                0x0000000000025f9c                DWHCIFrameSchedulerPeriodicWaitForFrame
                0x0000000000026080                DWHCIFrameSchedulerPeriodicIsOddFrame
 .text          0x00000000000260e4      0x690 /home/aaronli/freeRTOSbuild/RaspberryPi-FreeRTOS/build/Drivers/lan9514/lib/keymap.o
                0x00000000000260e4                KeyMap
                0x0000000000026160                _KeyMap
                0x0000000000026180                KeyMapClearTable
                0x0000000000026228                KeyMapSetEntry
                0x00000000000262ec                KeyMapTranslate
                0x0000000000026534                KeyMapGetString
                0x00000000000266d4                KeyMapGetLEDStatus
 .text          0x0000000000026774      0xd50 /home/aaronli/freeRTOSbuild/RaspberryPi-FreeRTOS/build/Drivers/lan9514/lib/usbkeyboard.o
                0x0000000000026774                USBKeyboardDevice
                0x0000000000026894                _CUSBKeyboardDevice
                0x0000000000026958                USBKeyboardDeviceConfigure
                0x0000000000026d40                USBKeyboardDeviceRegisterKeyPressedHandler
                0x0000000000026db4                USBKeyboardDeviceRegisterSelectConsoleHandler
                0x0000000000026e28                USBKeyboardDeviceRegisterShutdownHandler
                0x0000000000026e9c                USBKeyboardDeviceRegisterKeyStatusHandlerRaw
 .text          0x00000000000274c4      0x4a4 /home/aaronli/freeRTOSbuild/RaspberryPi-FreeRTOS/build/Drivers/lan9514/lib/dwhcirootport.o
                0x00000000000274c4                DWHCIRootPort
                0x0000000000027548                _DWHCIRootPort
                0x00000000000275d0                DWHCIRootPortInitialize
 .text          0x0000000000027968      0x8e4 /home/aaronli/freeRTOSbuild/RaspberryPi-FreeRTOS/build/Drivers/lan9514/lib/usbmouse.o
                0x0000000000027968                USBMouseDevice
                0x0000000000027a3c                _CUSBMouseDevice
                0x0000000000027af0                USBMouseDeviceConfigure
                0x0000000000027ed8                USBMouseDeviceRegisterStatusHandler
 .text          0x000000000002824c      0x2ac /home/aaronli/freeRTOSbuild/RaspberryPi-FreeRTOS/build/Drivers/lan9514/lib/dwhciframeschednsplit.o
                0x000000000002824c                DWHCIFrameSchedulerNoSplit
                0x0000000000028310                _DWHCIFrameSchedulerNoSplit
                0x0000000000028330                DWHCIFrameSchedulerNoSplitStartSplit
                0x0000000000028364                DWHCIFrameSchedulerNoSplitCompleteSplit
                0x000000000002839c                DWHCIFrameSchedulerNoSplitTransactionComplete
                0x00000000000283d4                DWHCIFrameSchedulerNoSplitWaitForFrame
                0x0000000000028494                DWHCIFrameSchedulerNoSplitIsOddFrame
 .text          0x00000000000284f8     0x1764 /home/aaronli/freeRTOSbuild/RaspberryPi-FreeRTOS/build/Drivers/lan9514/lib/usbgamepad.o
                0x00000000000284f8                USBGamePadDevice
                0x00000000000286dc                _CUSBGamePadDevice
                0x0000000000029140                USBGamePadDeviceConfigure
                0x0000000000029744                USBGamePadDeviceRegisterStatusHandler
                0x0000000000029a70                USBGamePadDeviceGetReport
 .text          0x0000000000029c5c      0x12c /home/aaronli/freeRTOSbuild/RaspberryPi-FreeRTOS/build/Drivers/lan9514/lib/synchronize.o
                0x0000000000029c5c                uspi_EnterCritical
                0x0000000000029cd4                uspi_LeaveCritical
                0x0000000000029d58                uspi_CleanAndInvalidateDataCacheRange
 .text          0x0000000000029d88      0xc10 /home/aaronli/freeRTOSbuild/RaspberryPi-FreeRTOS/build/Drivers/lan9514/lib/usbstring.o
                0x0000000000029d88                USBString
                0x0000000000029e5c                USBStringCopy
                0x0000000000029ff0                _USBString
                0x000000000002a0bc                USBStringGetFromDescriptor
                0x000000000002a5f4                USBStringGet
                0x000000000002a648                USBStringGetLanguageID
 .text          0x000000000002a998      0xd54 /home/aaronli/freeRTOSbuild/RaspberryPi-FreeRTOS/build/Drivers/FreeRTOS-Plus-TCP/FreeRTOS_ARP.o
                0x000000000002a998                eARPProcessPacket
                0x000000000002ad3c                vARPRefreshCacheEntry
                0x000000000002b0b8                eARPGetCacheEntry
                0x000000000002b30c                vARPAgeCache
                0x000000000002b500                vARPSendGratuitous
                0x000000000002b528                FreeRTOS_OutputARPRequest
                0x000000000002b580                vARPGenerateRequestPacket
                0x000000000002b6c8                FreeRTOS_ClearARP
 .text          0x000000000002b6ec        0x0 /home/aaronli/freeRTOSbuild/RaspberryPi-FreeRTOS/build/Drivers/FreeRTOS-Plus-TCP/FreeRTOS_DHCP.o
 .text          0x000000000002b6ec      0x89c /home/aaronli/freeRTOSbuild/RaspberryPi-FreeRTOS/build/Drivers/FreeRTOS-Plus-TCP/FreeRTOS_DNS.o
                0x000000000002b738                FreeRTOS_gethostbyname
                0x000000000002bb9c                ulDNSHandlePacket
 .text          0x000000000002bf88     0x1ee0 /home/aaronli/freeRTOSbuild/RaspberryPi-FreeRTOS/build/Drivers/FreeRTOS-Plus-TCP/FreeRTOS_IP.o
                0x000000000002c18c                xIsCallingFromIPTask
                0x000000000002c584                FreeRTOS_NetworkDown
                0x000000000002c5e4                FreeRTOS_NetworkDownFromISR
                0x000000000002c658                FreeRTOS_GetUDPPayloadBuffer
                0x000000000002c6d0                pxDuplicateNetworkBufferWithDescriptor
                0x000000000002c764                pxPacketBuffer_to_NetworkBuffer
                0x000000000002c7dc                pxUDPPayloadBuffer_to_NetworkBuffer
                0x000000000002c854                FreeRTOS_ReleaseUDPPayloadBuffer
                0x000000000002c884                FreeRTOS_IPInit
                0x000000000002cb40                FreeRTOS_GetAddressConfiguration
                0x000000000002cbec                FreeRTOS_SetAddressConfiguration
                0x000000000002cc98                xSendEventToIPTask
                0x000000000002cce4                xSendEventStructToIPTask
                0x000000000002ce5c                eConsiderFrameForProcessing
                0x000000000002cf94                vIPNetworkUpCalls
                0x000000000002d694                usGenerateProtocolChecksum
                0x000000000002d8f0                usGenerateChecksum
                0x000000000002dc34                vReturnEthernetFrame
                0x000000000002dce0                FreeRTOS_GetIPAddress
                0x000000000002dd04                FreeRTOS_SetIPAddress
                0x000000000002dd34                FreeRTOS_GetGatewayAddress
                0x000000000002dd58                FreeRTOS_GetDNSServerAddress
                0x000000000002dd7c                FreeRTOS_GetNetmask
                0x000000000002dda0                FreeRTOS_GetMACAddress
                0x000000000002ddc0                FreeRTOS_SetNetmask
                0x000000000002ddf0                FreeRTOS_SetGatewayAddress
                0x000000000002de20                xIPIsNetworkTaskReady
                0x000000000002de44                FreeRTOS_IsNetworkUp
 .text          0x000000000002de68     0x3558 /home/aaronli/freeRTOSbuild/RaspberryPi-FreeRTOS/build/Drivers/FreeRTOS-Plus-TCP/FreeRTOS_Sockets.o
                0x000000000002e278                vNetworkSocketsInit
                0x000000000002e400                FreeRTOS_socket
                0x000000000002e5ec                FreeRTOS_recvfrom
                0x000000000002e81c                FreeRTOS_sendto
                0x000000000002ea0c                FreeRTOS_bind
                0x000000000002eb6c                vSocketBind
                0x000000000002ed28                FreeRTOS_closesocket
                0x000000000002edbc                vSocketClose
                0x000000000002efe0                FreeRTOS_setsockopt
                0x000000000002f6d8                pxUDPSocketLookup
                0x000000000002f730                FreeRTOS_inet_addr
                0x000000000002f8f4                FreeRTOS_GetLocalAddress
                0x000000000002f970                vWakeUpSocketUser
                0x000000000002fbf4                FreeRTOS_connect
                0x000000000002fd10                FreeRTOS_accept
                0x000000000002ffd4                FreeRTOS_recv
                0x000000000003039c                FreeRTOS_get_tx_head
                0x0000000000030450                FreeRTOS_send
                0x0000000000030700                FreeRTOS_listen
                0x0000000000030860                FreeRTOS_shutdown
                0x00000000000308fc                xTCPTimerCheck
                0x0000000000030aa4                pxTCPSocketLookup
                0x0000000000030ba8                FreeRTOS_get_rx_buf
                0x0000000000030d58                lTCPAddRxdata
                0x0000000000030e70                FreeRTOS_outstanding
                0x0000000000030ee8                FreeRTOS_recvcount
                0x0000000000030f60                FreeRTOS_GetRemoteAddress
                0x0000000000031038                FreeRTOS_maywrite
                0x00000000000310fc                FreeRTOS_tx_space
                0x0000000000031178                FreeRTOS_tx_size
                0x00000000000311f0                FreeRTOS_issocketconnected
                0x0000000000031268                FreeRTOS_mss
                0x00000000000312bc                FreeRTOS_connstatus
                0x0000000000031310                FreeRTOS_rx_size
                0x0000000000031388                FreeRTOS_netstat
 .text          0x00000000000313c0      0x5dc /home/aaronli/freeRTOSbuild/RaspberryPi-FreeRTOS/build/Drivers/FreeRTOS-Plus-TCP/FreeRTOS_Stream_Buffer.o
                0x0000000000031618                uxStreamBufferAdd
                0x00000000000317ec                uxStreamBufferGet
 .text          0x000000000003199c     0x4704 /home/aaronli/freeRTOSbuild/RaspberryPi-FreeRTOS/build/Drivers/FreeRTOS-Plus-TCP/FreeRTOS_TCP_IP.o
                0x0000000000031dac                xTCPSocketCheck
                0x00000000000332e8                vTCPStateChange
                0x0000000000035534                xProcessReceivedTCPPacket
                0x0000000000035f9c                xTCPCheckNewClient
 .text          0x00000000000360a0     0x1de0 /home/aaronli/freeRTOSbuild/RaspberryPi-FreeRTOS/build/Drivers/FreeRTOS-Plus-TCP/FreeRTOS_TCP_WIN.o
                0x000000000003629c                vListInsertGeneric
                0x000000000003661c                xTCPWindowRxEmpty
                0x0000000000036800                vTCPWindowDestroy
                0x00000000000368a4                vTCPWindowCreate
                0x0000000000036980                vTCPWindowInit
                0x0000000000036c28                lTCPWindowRxCheck
                0x000000000003702c                lTCPWindowTxAdd
                0x0000000000037334                xTCPWindowTxDone
                0x0000000000037478                xTCPWindowTxHasData
                0x00000000000375dc                ulTCPWindowTxGet
                0x0000000000037d70                ulTCPWindowTxAck
                0x0000000000037dd8                ulTCPWindowTxSack
 .text          0x0000000000037e80      0x618 /home/aaronli/freeRTOSbuild/RaspberryPi-FreeRTOS/build/Drivers/FreeRTOS-Plus-TCP/FreeRTOS_UDP_IP.o
                0x0000000000037e80                vProcessGeneratedUDPPacket
                0x00000000000382f0                xProcessReceivedUDPPacket
 .text          0x0000000000038498      0x458 /home/aaronli/freeRTOSbuild/RaspberryPi-FreeRTOS/build/Drivers/FreeRTOS-Plus-TCP/portable/BufferManagement/BufferAllocation_2.o
                0x0000000000038498                xNetworkBuffersInitialise
                0x0000000000038604                pucGetNetworkBuffer
                0x0000000000038670                vReleaseNetworkBuffer
                0x00000000000386ac                pxGetNetworkBufferWithDescriptor
                0x00000000000387fc                vReleaseNetworkBufferAndDescriptor
                0x00000000000388a8                uxGetNumberOfFreeNetworkBuffers
                0x00000000000388cc                uxGetMinimumFreeNetworkBuffers
 .text          0x00000000000388f0      0x394 /home/aaronli/freeRTOSbuild/RaspberryPi-FreeRTOS/build/Drivers/FreeRTOS-Plus-TCP/portable/NetworkInterface.o
                0x00000000000388f0                ethernetPollTask
                0x0000000000038b8c                xNetworkInterfaceInitialise
                0x0000000000038c34                xNetworkInterfaceOutput
 .text          0x0000000000038c84      0x114 /usr/lib/gcc/arm-none-eabi/6.3.1/libgcc.a(_udivsi3.o)
                0x0000000000038c84                __udivsi3
                0x0000000000038c84                __aeabi_uidiv
                0x0000000000038d78                __aeabi_uidivmod
 .text          0x0000000000038d98        0x4 /usr/lib/gcc/arm-none-eabi/6.3.1/libgcc.a(_dvmd_tls.o)
                0x0000000000038d98                __aeabi_ldiv0
                0x0000000000038d98                __aeabi_idiv0

.rodata         0x0000000000038d9c     0x2c11
 .rodata        0x0000000000038d9c        0x4 /home/aaronli/freeRTOSbuild/RaspberryPi-FreeRTOS/build/FreeRTOS/Source/portable/GCC/RaspberryPi/port.o
 .rodata        0x0000000000038da0        0x5 /home/aaronli/freeRTOSbuild/RaspberryPi-FreeRTOS/build/FreeRTOS/Source/tasks.o
 *fill*         0x0000000000038da5        0x3 
 .rodata        0x0000000000038da8        0x4 /home/aaronli/freeRTOSbuild/RaspberryPi-FreeRTOS/build/Drivers/interrupts.o
 .rodata        0x0000000000038dac        0x4 /home/aaronli/freeRTOSbuild/RaspberryPi-FreeRTOS/build/Drivers/gpio.o
                0x0000000000038dac                pRegs
 .rodata        0x0000000000038db0        0x8 /home/aaronli/freeRTOSbuild/RaspberryPi-FreeRTOS/build/FreeRTOS/Source/portable/MemMang/heap_4.o
 .rodata        0x0000000000038db8      0x1b8 /home/aaronli/freeRTOSbuild/RaspberryPi-FreeRTOS/build/Demo/main.o
 .rodata        0x0000000000038f70      0x25a /home/aaronli/freeRTOSbuild/RaspberryPi-FreeRTOS/build/Drivers/video.o
                0x0000000000038f70                font
 *fill*         0x00000000000391ca        0x2 
 .rodata        0x00000000000391cc       0x3d /home/aaronli/freeRTOSbuild/RaspberryPi-FreeRTOS/build/Drivers/lan9514/uspibind.o
 *fill*         0x0000000000039209        0x3 
 .rodata        0x000000000003920c      0x16b /home/aaronli/freeRTOSbuild/RaspberryPi-FreeRTOS/build/Drivers/lan9514/lib/uspilibrary.o
 *fill*         0x0000000000039377        0x1 
 .rodata        0x0000000000039378        0x6 /home/aaronli/freeRTOSbuild/RaspberryPi-FreeRTOS/build/Drivers/lan9514/lib/dwhcidevice.o
 *fill*         0x000000000003937e        0x2 
 .rodata        0x0000000000039380       0xd9 /home/aaronli/freeRTOSbuild/RaspberryPi-FreeRTOS/build/Drivers/lan9514/lib/dwhciregister.o
 *fill*         0x0000000000039459        0x3 
 .rodata        0x000000000003945c      0x215 /home/aaronli/freeRTOSbuild/RaspberryPi-FreeRTOS/build/Drivers/lan9514/lib/dwhcixferstagedata.o
 *fill*         0x0000000000039671        0x3 
 .rodata        0x0000000000039674       0xef /home/aaronli/freeRTOSbuild/RaspberryPi-FreeRTOS/build/Drivers/lan9514/lib/usbconfigparser.o
 *fill*         0x0000000000039763        0x1 
 .rodata        0x0000000000039764      0x33d /home/aaronli/freeRTOSbuild/RaspberryPi-FreeRTOS/build/Drivers/lan9514/lib/usbdevice.o
 *fill*         0x0000000000039aa1        0x3 
 .rodata        0x0000000000039aa4       0xf3 /home/aaronli/freeRTOSbuild/RaspberryPi-FreeRTOS/build/Drivers/lan9514/lib/usbdevicefactory.o
 *fill*         0x0000000000039b97        0x1 
 .rodata        0x0000000000039b98      0x1ce /home/aaronli/freeRTOSbuild/RaspberryPi-FreeRTOS/build/Drivers/lan9514/lib/usbendpoint.o
 *fill*         0x0000000000039d66        0x2 
 .rodata        0x0000000000039d68      0x139 /home/aaronli/freeRTOSbuild/RaspberryPi-FreeRTOS/build/Drivers/lan9514/lib/usbrequest.o
 *fill*         0x0000000000039ea1        0x3 
 .rodata        0x0000000000039ea4      0x3c3 /home/aaronli/freeRTOSbuild/RaspberryPi-FreeRTOS/build/Drivers/lan9514/lib/usbstandardhub.o
 *fill*         0x000000000003a267        0x1 
 .rodata        0x000000000003a268       0xf1 /home/aaronli/freeRTOSbuild/RaspberryPi-FreeRTOS/build/Drivers/lan9514/lib/devicenameservice.o
 *fill*         0x000000000003a359        0x3 
 .rodata        0x000000000003a35c       0xbe /home/aaronli/freeRTOSbuild/RaspberryPi-FreeRTOS/build/Drivers/lan9514/lib/macaddress.o
 *fill*         0x000000000003a41a        0x2 
 .rodata        0x000000000003a41c      0x2c2 /home/aaronli/freeRTOSbuild/RaspberryPi-FreeRTOS/build/Drivers/lan9514/lib/smsc951x.o
 *fill*         0x000000000003a6de        0x2 
 .rodata        0x000000000003a6e0       0x5d /home/aaronli/freeRTOSbuild/RaspberryPi-FreeRTOS/build/Drivers/lan9514/lib/string.o
 *fill*         0x000000000003a73d        0x3 
 .rodata        0x000000000003a740      0x2fc /home/aaronli/freeRTOSbuild/RaspberryPi-FreeRTOS/build/Drivers/lan9514/lib/usbmassdevice.o
 .rodata        0x000000000003aa3c       0xac /home/aaronli/freeRTOSbuild/RaspberryPi-FreeRTOS/build/Drivers/lan9514/lib/dwhciframeschednper.o
 .rodata        0x000000000003aae8       0xac /home/aaronli/freeRTOSbuild/RaspberryPi-FreeRTOS/build/Drivers/lan9514/lib/dwhciframeschedper.o
 .rodata        0x000000000003ab94      0x2bb /home/aaronli/freeRTOSbuild/RaspberryPi-FreeRTOS/build/Drivers/lan9514/lib/keymap.o
 *fill*         0x000000000003ae4f        0x1 
 .rodata        0x000000000003ae50      0x1de /home/aaronli/freeRTOSbuild/RaspberryPi-FreeRTOS/build/Drivers/lan9514/lib/usbkeyboard.o
 *fill*         0x000000000003b02e        0x2 
 .rodata        0x000000000003b030      0x143 /home/aaronli/freeRTOSbuild/RaspberryPi-FreeRTOS/build/Drivers/lan9514/lib/dwhcirootport.o
 *fill*         0x000000000003b173        0x1 
 .rodata        0x000000000003b174      0x17a /home/aaronli/freeRTOSbuild/RaspberryPi-FreeRTOS/build/Drivers/lan9514/lib/usbmouse.o
 *fill*         0x000000000003b2ee        0x2 
 .rodata        0x000000000003b2f0       0x6e /home/aaronli/freeRTOSbuild/RaspberryPi-FreeRTOS/build/Drivers/lan9514/lib/dwhciframeschednsplit.o
 *fill*         0x000000000003b35e        0x2 
 .rodata        0x000000000003b360      0x19e /home/aaronli/freeRTOSbuild/RaspberryPi-FreeRTOS/build/Drivers/lan9514/lib/usbgamepad.o
 *fill*         0x000000000003b4fe        0x2 
 .rodata        0x000000000003b500      0x195 /home/aaronli/freeRTOSbuild/RaspberryPi-FreeRTOS/build/Drivers/lan9514/lib/usbstring.o
 *fill*         0x000000000003b695        0x3 
 .rodata        0x000000000003b698       0x26 /home/aaronli/freeRTOSbuild/RaspberryPi-FreeRTOS/build/Drivers/FreeRTOS-Plus-TCP/FreeRTOS_ARP.o
 *fill*         0x000000000003b6be        0x2 
 .rodata        0x000000000003b6c0        0xc /home/aaronli/freeRTOSbuild/RaspberryPi-FreeRTOS/build/Drivers/FreeRTOS-Plus-TCP/FreeRTOS_DNS.o
 .rodata        0x000000000003b6cc       0xbc /home/aaronli/freeRTOSbuild/RaspberryPi-FreeRTOS/build/Drivers/FreeRTOS-Plus-TCP/FreeRTOS_IP.o
                0x000000000003b6cc                xBroadcastMACAddress
 .rodata        0x000000000003b788       0xe7 /home/aaronli/freeRTOSbuild/RaspberryPi-FreeRTOS/build/Drivers/FreeRTOS-Plus-TCP/FreeRTOS_Sockets.o
 *fill*         0x000000000003b86f        0x1 
 .rodata        0x000000000003b870       0xd8 /home/aaronli/freeRTOSbuild/RaspberryPi-FreeRTOS/build/Drivers/FreeRTOS-Plus-TCP/FreeRTOS_TCP_IP.o
 .rodata        0x000000000003b948        0x4 /home/aaronli/freeRTOSbuild/RaspberryPi-FreeRTOS/build/Drivers/FreeRTOS-Plus-TCP/portable/BufferManagement/BufferAllocation_2.o
                0x000000000003b948                xBufferAllocFixedSize
 .rodata        0x000000000003b94c       0x61 /home/aaronli/freeRTOSbuild/RaspberryPi-FreeRTOS/build/Drivers/FreeRTOS-Plus-TCP/portable/NetworkInterface.o

.rodata.str1.4  0x000000000003b9b0      0x674
 .rodata.str1.4
                0x000000000003b9b0      0x606 /home/aaronli/freeRTOSbuild/RaspberryPi-FreeRTOS/build/Drivers/lan9514/lib/dwhcidevice.o
                                        0x60a (size before relaxing)
 *fill*         0x000000000003bfb6        0x2 
 .rodata.str1.4
                0x000000000003bfb8       0x6c /home/aaronli/freeRTOSbuild/RaspberryPi-FreeRTOS/build/Drivers/lan9514/lib/synchronize.o
                                         0x69 (size before relaxing)

.glue_7         0x000000000003c024        0x0
 .glue_7        0x000000000003c024        0x0 linker stubs

.glue_7t        0x000000000003c024        0x0
 .glue_7t       0x000000000003c024        0x0 linker stubs

.vfp11_veneer   0x000000000003c024        0x0
 .vfp11_veneer  0x000000000003c024        0x0 linker stubs

.v4_bx          0x000000000003c024        0x0
 .v4_bx         0x000000000003c024        0x0 linker stubs

.iplt           0x000000000003c024        0x0
 .iplt          0x000000000003c024        0x0 /home/aaronli/freeRTOSbuild/RaspberryPi-FreeRTOS/build/FreeRTOS/Source/portable/GCC/RaspberryPi/port.o

.rel.dyn        0x000000000003c024        0x0
 .rel.iplt      0x000000000003c024        0x0 /home/aaronli/freeRTOSbuild/RaspberryPi-FreeRTOS/build/FreeRTOS/Source/portable/GCC/RaspberryPi/port.o

.data           0x000000000003c024      0x14c
 *(.data)
 .data          0x000000000003c024        0x0 /home/aaronli/freeRTOSbuild/RaspberryPi-FreeRTOS/build/FreeRTOS/Source/portable/GCC/RaspberryPi/port.o
 .data          0x000000000003c024        0x4 /home/aaronli/freeRTOSbuild/RaspberryPi-FreeRTOS/build/FreeRTOS/Source/portable/GCC/RaspberryPi/portisr.o
                0x000000000003c024                ulCriticalNesting
 .data          0x000000000003c028        0x0 /home/aaronli/freeRTOSbuild/RaspberryPi-FreeRTOS/build/FreeRTOS/Source/croutine.o
 .data          0x000000000003c028        0x0 /home/aaronli/freeRTOSbuild/RaspberryPi-FreeRTOS/build/FreeRTOS/Source/list.o
 .data          0x000000000003c028        0x0 /home/aaronli/freeRTOSbuild/RaspberryPi-FreeRTOS/build/FreeRTOS/Source/queue.o
 .data          0x000000000003c028        0x4 /home/aaronli/freeRTOSbuild/RaspberryPi-FreeRTOS/build/FreeRTOS/Source/tasks.o
 .data          0x000000000003c02c        0x0 /home/aaronli/freeRTOSbuild/RaspberryPi-FreeRTOS/build/FreeRTOS/Source/event_groups.o
 .data          0x000000000003c02c        0x0 /home/aaronli/freeRTOSbuild/RaspberryPi-FreeRTOS/build/Drivers/interrupts.o
 .data          0x000000000003c02c        0x0 /home/aaronli/freeRTOSbuild/RaspberryPi-FreeRTOS/build/Drivers/gpio.o
 .data          0x000000000003c02c        0x4 /home/aaronli/freeRTOSbuild/RaspberryPi-FreeRTOS/build/FreeRTOS/Source/portable/MemMang/heap_4.o
 .data          0x000000000003c030        0x0 /home/aaronli/freeRTOSbuild/RaspberryPi-FreeRTOS/build/Demo/startup.o
 .data          0x000000000003c030        0x0 /home/aaronli/freeRTOSbuild/RaspberryPi-FreeRTOS/build/Demo/main.o
 .data          0x000000000003c030        0x0 /home/aaronli/freeRTOSbuild/RaspberryPi-FreeRTOS/build/Drivers/mailbox.o
 .data          0x000000000003c030        0x0 /home/aaronli/freeRTOSbuild/RaspberryPi-FreeRTOS/build/Demo/trace.o
 .data          0x000000000003c030        0x4 /home/aaronli/freeRTOSbuild/RaspberryPi-FreeRTOS/build/Drivers/mem.o
                0x000000000003c030                next
 .data          0x000000000003c034        0x0 /home/aaronli/freeRTOSbuild/RaspberryPi-FreeRTOS/build/Drivers/video.o
 .data          0x000000000003c034        0x0 /home/aaronli/freeRTOSbuild/RaspberryPi-FreeRTOS/build/Drivers/lan9514/uspibind.o
 .data          0x000000000003c034        0x0 /home/aaronli/freeRTOSbuild/RaspberryPi-FreeRTOS/build/Drivers/lan9514/lib/uspilibrary.o
 .data          0x000000000003c034        0x0 /home/aaronli/freeRTOSbuild/RaspberryPi-FreeRTOS/build/Drivers/lan9514/lib/dwhcidevice.o
 .data          0x000000000003c034        0x0 /home/aaronli/freeRTOSbuild/RaspberryPi-FreeRTOS/build/Drivers/lan9514/lib/dwhciregister.o
 .data          0x000000000003c034        0x0 /home/aaronli/freeRTOSbuild/RaspberryPi-FreeRTOS/build/Drivers/lan9514/lib/dwhcixferstagedata.o
 .data          0x000000000003c034        0x0 /home/aaronli/freeRTOSbuild/RaspberryPi-FreeRTOS/build/Drivers/lan9514/lib/usbconfigparser.o
 .data          0x000000000003c034        0x1 /home/aaronli/freeRTOSbuild/RaspberryPi-FreeRTOS/build/Drivers/lan9514/lib/usbdevice.o
 .data          0x000000000003c035        0x0 /home/aaronli/freeRTOSbuild/RaspberryPi-FreeRTOS/build/Drivers/lan9514/lib/usbdevicefactory.o
 .data          0x000000000003c035        0x0 /home/aaronli/freeRTOSbuild/RaspberryPi-FreeRTOS/build/Drivers/lan9514/lib/usbendpoint.o
 .data          0x000000000003c035        0x0 /home/aaronli/freeRTOSbuild/RaspberryPi-FreeRTOS/build/Drivers/lan9514/lib/usbrequest.o
 .data          0x000000000003c035        0x0 /home/aaronli/freeRTOSbuild/RaspberryPi-FreeRTOS/build/Drivers/lan9514/lib/usbstandardhub.o
 .data          0x000000000003c035        0x0 /home/aaronli/freeRTOSbuild/RaspberryPi-FreeRTOS/build/Drivers/lan9514/lib/devicenameservice.o
 .data          0x000000000003c035        0x0 /home/aaronli/freeRTOSbuild/RaspberryPi-FreeRTOS/build/Drivers/lan9514/lib/macaddress.o
 .data          0x000000000003c035        0x0 /home/aaronli/freeRTOSbuild/RaspberryPi-FreeRTOS/build/Drivers/lan9514/lib/smsc951x.o
 .data          0x000000000003c035        0x0 /home/aaronli/freeRTOSbuild/RaspberryPi-FreeRTOS/build/Drivers/lan9514/lib/string.o
 .data          0x000000000003c035        0x0 /home/aaronli/freeRTOSbuild/RaspberryPi-FreeRTOS/build/Drivers/lan9514/lib/util.o
 *fill*         0x000000000003c035        0x3 
 .data          0x000000000003c038        0x4 /home/aaronli/freeRTOSbuild/RaspberryPi-FreeRTOS/build/Drivers/lan9514/lib/usbmassdevice.o
 .data          0x000000000003c03c        0x0 /home/aaronli/freeRTOSbuild/RaspberryPi-FreeRTOS/build/Drivers/lan9514/lib/dwhciframeschednper.o
 .data          0x000000000003c03c        0x0 /home/aaronli/freeRTOSbuild/RaspberryPi-FreeRTOS/build/Drivers/lan9514/lib/dwhciframeschedper.o
 .data          0x000000000003c03c       0xcc /home/aaronli/freeRTOSbuild/RaspberryPi-FreeRTOS/build/Drivers/lan9514/lib/keymap.o
 .data          0x000000000003c108        0x4 /home/aaronli/freeRTOSbuild/RaspberryPi-FreeRTOS/build/Drivers/lan9514/lib/usbkeyboard.o
 .data          0x000000000003c10c        0x0 /home/aaronli/freeRTOSbuild/RaspberryPi-FreeRTOS/build/Drivers/lan9514/lib/dwhcirootport.o
 .data          0x000000000003c10c        0x4 /home/aaronli/freeRTOSbuild/RaspberryPi-FreeRTOS/build/Drivers/lan9514/lib/usbmouse.o
 .data          0x000000000003c110        0x0 /home/aaronli/freeRTOSbuild/RaspberryPi-FreeRTOS/build/Drivers/lan9514/lib/dwhciframeschednsplit.o
 .data          0x000000000003c110       0x39 /home/aaronli/freeRTOSbuild/RaspberryPi-FreeRTOS/build/Drivers/lan9514/lib/usbgamepad.o
 .data          0x000000000003c149        0x0 /home/aaronli/freeRTOSbuild/RaspberryPi-FreeRTOS/build/Drivers/lan9514/lib/synchronize.o
 .data          0x000000000003c149        0x0 /home/aaronli/freeRTOSbuild/RaspberryPi-FreeRTOS/build/Drivers/lan9514/lib/usbstring.o
 .data          0x000000000003c149        0x0 /home/aaronli/freeRTOSbuild/RaspberryPi-FreeRTOS/build/Drivers/FreeRTOS-Plus-TCP/FreeRTOS_ARP.o
 .data          0x000000000003c149        0x0 /home/aaronli/freeRTOSbuild/RaspberryPi-FreeRTOS/build/Drivers/FreeRTOS-Plus-TCP/FreeRTOS_DHCP.o
 .data          0x000000000003c149        0x0 /home/aaronli/freeRTOSbuild/RaspberryPi-FreeRTOS/build/Drivers/FreeRTOS-Plus-TCP/FreeRTOS_DNS.o
 .data          0x000000000003c149        0x0 /home/aaronli/freeRTOSbuild/RaspberryPi-FreeRTOS/build/Drivers/FreeRTOS-Plus-TCP/FreeRTOS_IP.o
 *fill*         0x000000000003c149        0x3 
 .data          0x000000000003c14c        0x4 /home/aaronli/freeRTOSbuild/RaspberryPi-FreeRTOS/build/Drivers/FreeRTOS-Plus-TCP/FreeRTOS_Sockets.o
 .data          0x000000000003c150        0x0 /home/aaronli/freeRTOSbuild/RaspberryPi-FreeRTOS/build/Drivers/FreeRTOS-Plus-TCP/FreeRTOS_Stream_Buffer.o
 .data          0x000000000003c150        0x0 /home/aaronli/freeRTOSbuild/RaspberryPi-FreeRTOS/build/Drivers/FreeRTOS-Plus-TCP/FreeRTOS_TCP_IP.o
 .data          0x000000000003c150        0x0 /home/aaronli/freeRTOSbuild/RaspberryPi-FreeRTOS/build/Drivers/FreeRTOS-Plus-TCP/FreeRTOS_TCP_WIN.o
 .data          0x000000000003c150       0x18 /home/aaronli/freeRTOSbuild/RaspberryPi-FreeRTOS/build/Drivers/FreeRTOS-Plus-TCP/FreeRTOS_UDP_IP.o
                0x000000000003c150                xDefaultPartUDPPacketHeader
 .data          0x000000000003c168        0x0 /home/aaronli/freeRTOSbuild/RaspberryPi-FreeRTOS/build/Drivers/FreeRTOS-Plus-TCP/portable/BufferManagement/BufferAllocation_2.o
 .data          0x000000000003c168        0x8 /home/aaronli/freeRTOSbuild/RaspberryPi-FreeRTOS/build/Drivers/FreeRTOS-Plus-TCP/portable/NetworkInterface.o
 .data          0x000000000003c170        0x0 /usr/lib/gcc/arm-none-eabi/6.3.1/libgcc.a(_udivsi3.o)
 .data          0x000000000003c170        0x0 /usr/lib/gcc/arm-none-eabi/6.3.1/libgcc.a(_dvmd_tls.o)

.igot.plt       0x000000000003c170        0x0
 .igot.plt      0x000000000003c170        0x0 /home/aaronli/freeRTOSbuild/RaspberryPi-FreeRTOS/build/FreeRTOS/Source/portable/GCC/RaspberryPi/port.o

.bss            0x000000000003c170    0x1ec30
                0x000000000003c170                __bss_start = .
 *(.bss)
 .bss           0x000000000003c170        0x0 /home/aaronli/freeRTOSbuild/RaspberryPi-FreeRTOS/build/FreeRTOS/Source/portable/GCC/RaspberryPi/port.o
 .bss           0x000000000003c170        0x4 /home/aaronli/freeRTOSbuild/RaspberryPi-FreeRTOS/build/FreeRTOS/Source/portable/GCC/RaspberryPi/portisr.o
                0x000000000003c170                g_bStarted
 .bss           0x000000000003c174       0x80 /home/aaronli/freeRTOSbuild/RaspberryPi-FreeRTOS/build/FreeRTOS/Source/croutine.o
                0x000000000003c1e0                pxCurrentCoRoutine
 .bss           0x000000000003c1f4        0x0 /home/aaronli/freeRTOSbuild/RaspberryPi-FreeRTOS/build/FreeRTOS/Source/list.o
 .bss           0x000000000003c1f4        0x0 /home/aaronli/freeRTOSbuild/RaspberryPi-FreeRTOS/build/FreeRTOS/Source/queue.o
 .bss           0x000000000003c1f4      0x100 /home/aaronli/freeRTOSbuild/RaspberryPi-FreeRTOS/build/FreeRTOS/Source/tasks.o
                0x000000000003c1f4                pxCurrentTCB
 .bss           0x000000000003c2f4        0x0 /home/aaronli/freeRTOSbuild/RaspberryPi-FreeRTOS/build/FreeRTOS/Source/event_groups.o
 .bss           0x000000000003c2f4      0x240 /home/aaronli/freeRTOSbuild/RaspberryPi-FreeRTOS/build/Drivers/interrupts.o
 .bss           0x000000000003c534        0x0 /home/aaronli/freeRTOSbuild/RaspberryPi-FreeRTOS/build/Drivers/gpio.o
 *fill*         0x000000000003c534        0x4 
 .bss           0x000000000003c538    0x1e010 /home/aaronli/freeRTOSbuild/RaspberryPi-FreeRTOS/build/FreeRTOS/Source/portable/MemMang/heap_4.o
                0x000000000005a544                allocated
 .bss           0x000000000005a548        0x0 /home/aaronli/freeRTOSbuild/RaspberryPi-FreeRTOS/build/Demo/startup.o
 .bss           0x000000000005a548        0x0 /home/aaronli/freeRTOSbuild/RaspberryPi-FreeRTOS/build/Demo/main.o
 .bss           0x000000000005a548        0x0 /home/aaronli/freeRTOSbuild/RaspberryPi-FreeRTOS/build/Drivers/mailbox.o
 .bss           0x000000000005a548        0x4 /home/aaronli/freeRTOSbuild/RaspberryPi-FreeRTOS/build/Demo/trace.o
                0x000000000005a548                depth
 .bss           0x000000000005a54c        0x0 /home/aaronli/freeRTOSbuild/RaspberryPi-FreeRTOS/build/Drivers/mem.o
 .bss           0x000000000005a54c        0xc /home/aaronli/freeRTOSbuild/RaspberryPi-FreeRTOS/build/Drivers/video.o
                0x000000000005a54c                loaded
                0x000000000005a550                position_x
                0x000000000005a554                position_y
 .bss           0x000000000005a558        0x0 /home/aaronli/freeRTOSbuild/RaspberryPi-FreeRTOS/build/Drivers/lan9514/uspibind.o
 .bss           0x000000000005a558        0x4 /home/aaronli/freeRTOSbuild/RaspberryPi-FreeRTOS/build/Drivers/lan9514/lib/uspilibrary.o
 .bss           0x000000000005a55c        0x0 /home/aaronli/freeRTOSbuild/RaspberryPi-FreeRTOS/build/Drivers/lan9514/lib/dwhcidevice.o
 .bss           0x000000000005a55c        0x0 /home/aaronli/freeRTOSbuild/RaspberryPi-FreeRTOS/build/Drivers/lan9514/lib/dwhciregister.o
 .bss           0x000000000005a55c        0x0 /home/aaronli/freeRTOSbuild/RaspberryPi-FreeRTOS/build/Drivers/lan9514/lib/dwhcixferstagedata.o
 .bss           0x000000000005a55c        0x0 /home/aaronli/freeRTOSbuild/RaspberryPi-FreeRTOS/build/Drivers/lan9514/lib/usbconfigparser.o
 .bss           0x000000000005a55c        0x0 /home/aaronli/freeRTOSbuild/RaspberryPi-FreeRTOS/build/Drivers/lan9514/lib/usbdevice.o
 .bss           0x000000000005a55c        0x0 /home/aaronli/freeRTOSbuild/RaspberryPi-FreeRTOS/build/Drivers/lan9514/lib/usbdevicefactory.o
 .bss           0x000000000005a55c        0x0 /home/aaronli/freeRTOSbuild/RaspberryPi-FreeRTOS/build/Drivers/lan9514/lib/usbendpoint.o
 .bss           0x000000000005a55c        0x0 /home/aaronli/freeRTOSbuild/RaspberryPi-FreeRTOS/build/Drivers/lan9514/lib/usbrequest.o
 .bss           0x000000000005a55c        0x0 /home/aaronli/freeRTOSbuild/RaspberryPi-FreeRTOS/build/Drivers/lan9514/lib/usbstandardhub.o
 .bss           0x000000000005a55c        0x4 /home/aaronli/freeRTOSbuild/RaspberryPi-FreeRTOS/build/Drivers/lan9514/lib/devicenameservice.o
 .bss           0x000000000005a560        0x0 /home/aaronli/freeRTOSbuild/RaspberryPi-FreeRTOS/build/Drivers/lan9514/lib/macaddress.o
 .bss           0x000000000005a560        0x4 /home/aaronli/freeRTOSbuild/RaspberryPi-FreeRTOS/build/Drivers/lan9514/lib/smsc951x.o
 .bss           0x000000000005a564        0x0 /home/aaronli/freeRTOSbuild/RaspberryPi-FreeRTOS/build/Drivers/lan9514/lib/string.o
 .bss           0x000000000005a564        0x0 /home/aaronli/freeRTOSbuild/RaspberryPi-FreeRTOS/build/Drivers/lan9514/lib/util.o
 .bss           0x000000000005a564        0x0 /home/aaronli/freeRTOSbuild/RaspberryPi-FreeRTOS/build/Drivers/lan9514/lib/usbmassdevice.o
 .bss           0x000000000005a564        0x0 /home/aaronli/freeRTOSbuild/RaspberryPi-FreeRTOS/build/Drivers/lan9514/lib/dwhciframeschednper.o
 .bss           0x000000000005a564        0x0 /home/aaronli/freeRTOSbuild/RaspberryPi-FreeRTOS/build/Drivers/lan9514/lib/dwhciframeschedper.o
 .bss           0x000000000005a564        0x0 /home/aaronli/freeRTOSbuild/RaspberryPi-FreeRTOS/build/Drivers/lan9514/lib/keymap.o
 .bss           0x000000000005a564        0x0 /home/aaronli/freeRTOSbuild/RaspberryPi-FreeRTOS/build/Drivers/lan9514/lib/usbkeyboard.o
 .bss           0x000000000005a564        0x0 /home/aaronli/freeRTOSbuild/RaspberryPi-FreeRTOS/build/Drivers/lan9514/lib/dwhcirootport.o
 .bss           0x000000000005a564        0x0 /home/aaronli/freeRTOSbuild/RaspberryPi-FreeRTOS/build/Drivers/lan9514/lib/usbmouse.o
 .bss           0x000000000005a564        0x0 /home/aaronli/freeRTOSbuild/RaspberryPi-FreeRTOS/build/Drivers/lan9514/lib/dwhciframeschednsplit.o
 .bss           0x000000000005a564        0x0 /home/aaronli/freeRTOSbuild/RaspberryPi-FreeRTOS/build/Drivers/lan9514/lib/usbgamepad.o
 .bss           0x000000000005a564        0x8 /home/aaronli/freeRTOSbuild/RaspberryPi-FreeRTOS/build/Drivers/lan9514/lib/synchronize.o
 .bss           0x000000000005a56c        0x0 /home/aaronli/freeRTOSbuild/RaspberryPi-FreeRTOS/build/Drivers/lan9514/lib/usbstring.o
 .bss           0x000000000005a56c       0x7c /home/aaronli/freeRTOSbuild/RaspberryPi-FreeRTOS/build/Drivers/FreeRTOS-Plus-TCP/FreeRTOS_ARP.o
 .bss           0x000000000005a5e8        0x0 /home/aaronli/freeRTOSbuild/RaspberryPi-FreeRTOS/build/Drivers/FreeRTOS-Plus-TCP/FreeRTOS_DHCP.o
 .bss           0x000000000005a5e8        0xc /home/aaronli/freeRTOSbuild/RaspberryPi-FreeRTOS/build/Drivers/FreeRTOS-Plus-TCP/FreeRTOS_DNS.o
 .bss           0x000000000005a5f4       0x74 /home/aaronli/freeRTOSbuild/RaspberryPi-FreeRTOS/build/Drivers/FreeRTOS-Plus-TCP/FreeRTOS_IP.o
                0x000000000005a5f4                xNetworkEventQueue
                0x000000000005a5f8                uxRxEventCount
                0x000000000005a5fc                usPacketIdentifier
                0x000000000005a600                xNetworkAddressing
                0x000000000005a614                xDefaultAddressing
 .bss           0x000000000005a668        0x4 /home/aaronli/freeRTOSbuild/RaspberryPi-FreeRTOS/build/Drivers/FreeRTOS-Plus-TCP/FreeRTOS_Sockets.o
 .bss           0x000000000005a66c        0x0 /home/aaronli/freeRTOSbuild/RaspberryPi-FreeRTOS/build/Drivers/FreeRTOS-Plus-TCP/FreeRTOS_Stream_Buffer.o
 .bss           0x000000000005a66c        0x4 /home/aaronli/freeRTOSbuild/RaspberryPi-FreeRTOS/build/Drivers/FreeRTOS-Plus-TCP/FreeRTOS_TCP_IP.o
                0x000000000005a66c                ulNextInitialSequenceNumber
 .bss           0x000000000005a670       0x1c /home/aaronli/freeRTOSbuild/RaspberryPi-FreeRTOS/build/Drivers/FreeRTOS-Plus-TCP/FreeRTOS_TCP_WIN.o
                0x000000000005a688                xTCPWindowLoggingLevel
 .bss           0x000000000005a68c        0x0 /home/aaronli/freeRTOSbuild/RaspberryPi-FreeRTOS/build/Drivers/FreeRTOS-Plus-TCP/FreeRTOS_UDP_IP.o
 .bss           0x000000000005a68c      0x670 /home/aaronli/freeRTOSbuild/RaspberryPi-FreeRTOS/build/Drivers/FreeRTOS-Plus-TCP/portable/BufferManagement/BufferAllocation_2.o
 .bss           0x000000000005acfc        0x8 /home/aaronli/freeRTOSbuild/RaspberryPi-FreeRTOS/build/Drivers/FreeRTOS-Plus-TCP/portable/NetworkInterface.o
                0x000000000005acfc                xOutputQueue
 .bss           0x000000000005ad04        0x0 /usr/lib/gcc/arm-none-eabi/6.3.1/libgcc.a(_udivsi3.o)
 .bss           0x000000000005ad04        0x0 /usr/lib/gcc/arm-none-eabi/6.3.1/libgcc.a(_dvmd_tls.o)
 *(.bss.*)
                0x000000000005ad04                __bss_end = .
 COMMON         0x000000000005ad04        0x1 /home/aaronli/freeRTOSbuild/RaspberryPi-FreeRTOS/build/FreeRTOS/Source/portable/GCC/RaspberryPi/portisr.o
                0x000000000005ad04                s_bWereEnabled
 *fill*         0x000000000005ad05        0xb 
 COMMON         0x000000000005ad10       0x68 /home/aaronli/freeRTOSbuild/RaspberryPi-FreeRTOS/build/Drivers/video.o
                0x000000000005ad10                SCREEN_WIDTH
                0x000000000005ad14                SCREEN_HEIGHT
                0x000000000005ad18                framebuffer
                0x000000000005ad20                mailbuffer
 COMMON         0x000000000005ad78       0x28 /home/aaronli/freeRTOSbuild/RaspberryPi-FreeRTOS/build/Drivers/FreeRTOS-Plus-TCP/FreeRTOS_Sockets.o
                0x000000000005ad78                xBoundUdpSocketsList
                0x000000000005ad8c                xBoundTcpSocketsList
                0x0000000008010000                _estack = (ORIGIN (RAM) + LENGTH (RAM))
LOAD /usr/lib/gcc/arm-none-eabi/6.3.1/libgcc.a
LOAD /usr/lib/arm-none-eabi/lib/libc.a
OUTPUT(kernel.elf elf32-littlearm)

.debug_info     0x0000000000000000    0x27feb
 .debug_info    0x0000000000000000      0x1f1 /home/aaronli/freeRTOSbuild/RaspberryPi-FreeRTOS/build/FreeRTOS/Source/portable/GCC/RaspberryPi/port.o
 .debug_info    0x00000000000001f1      0x1b5 /home/aaronli/freeRTOSbuild/RaspberryPi-FreeRTOS/build/FreeRTOS/Source/portable/GCC/RaspberryPi/portisr.o
 .debug_info    0x00000000000003a6      0x452 /home/aaronli/freeRTOSbuild/RaspberryPi-FreeRTOS/build/FreeRTOS/Source/croutine.o
 .debug_info    0x00000000000007f8      0xa82 /home/aaronli/freeRTOSbuild/RaspberryPi-FreeRTOS/build/FreeRTOS/Source/list.o
 .debug_info    0x000000000000127a      0xfe8 /home/aaronli/freeRTOSbuild/RaspberryPi-FreeRTOS/build/FreeRTOS/Source/queue.o
 .debug_info    0x0000000000002262     0x169f /home/aaronli/freeRTOSbuild/RaspberryPi-FreeRTOS/build/FreeRTOS/Source/tasks.o
 .debug_info    0x0000000000003901      0xe7e /home/aaronli/freeRTOSbuild/RaspberryPi-FreeRTOS/build/FreeRTOS/Source/event_groups.o
 .debug_info    0x000000000000477f      0x31d /home/aaronli/freeRTOSbuild/RaspberryPi-FreeRTOS/build/Drivers/interrupts.o
 .debug_info    0x0000000000004a9c      0x3fe /home/aaronli/freeRTOSbuild/RaspberryPi-FreeRTOS/build/Drivers/gpio.o
[...]
 .comment       0x0000000000000031       0x32 /home/aaronli/freeRTOSbuild/RaspberryPi-FreeRTOS/build/Drivers/lan9514/lib/smsc951x.o
 .comment       0x0000000000000031       0x32 /home/aaronli/freeRTOSbuild/RaspberryPi-FreeRTOS/build/Drivers/lan9514/lib/string.o
 .comment       0x0000000000000031       0x32 /home/aaronli/freeRTOSbuild/RaspberryPi-FreeRTOS/build/Drivers/lan9514/lib/util.o
 .comment       0x0000000000000031       0x32 /home/aaronli/freeRTOSbuild/RaspberryPi-FreeRTOS/build/Drivers/lan9514/lib/usbmassdevice.o
 .comment       0x0000000000000031       0x32 /home/aaronli/freeRTOSbuild/RaspberryPi-FreeRTOS/build/Drivers/lan9514/lib/dwhciframeschednper.o
 .comment       0x0000000000000031       0x32 /home/aaronli/freeRTOSbuild/RaspberryPi-FreeRTOS/build/Drivers/lan9514/lib/dwhciframeschedper.o
 .comment       0x0000000000000031       0x32 /home/aaronli/freeRTOSbuild/RaspberryPi-FreeRTOS/build/Drivers/lan9514/lib/keymap.o
 .comment       0x0000000000000031       0x32 /home/aaronli/freeRTOSbuild/RaspberryPi-FreeRTOS/build/Drivers/lan9514/lib/usbkeyboard.o
 .comment       0x0000000000000031       0x32 /home/aaronli/freeRTOSbuild/RaspberryPi-FreeRTOS/build/Drivers/lan9514/lib/dwhcirootport.o
 .comment       0x0000000000000031       0x32 /home/aaronli/freeRTOSbuild/RaspberryPi-FreeRTOS/build/Drivers/lan9514/lib/usbmouse.o
 .comment       0x0000000000000031       0x32 /home/aaronli/freeRTOSbuild/RaspberryPi-FreeRTOS/build/Drivers/lan9514/lib/dwhciframeschednsplit.o
 .comment       0x0000000000000031       0x32 /home/aaronli/freeRTOSbuild/RaspberryPi-FreeRTOS/build/Drivers/lan9514/lib/usbgamepad.o
 .comment       0x0000000000000031       0x32 /home/aaronli/freeRTOSbuild/RaspberryPi-FreeRTOS/build/Drivers/lan9514/lib/synchronize.o
 .comment       0x0000000000000031       0x32 /home/aaronli/freeRTOSbuild/RaspberryPi-FreeRTOS/build/Drivers/lan9514/lib/usbstring.o
 .comment       0x0000000000000031       0x32 /home/aaronli/freeRTOSbuild/RaspberryPi-FreeRTOS/build/Drivers/FreeRTOS-Plus-TCP/FreeRTOS_ARP.o
 .comment       0x0000000000000031       0x32 /home/aaronli/freeRTOSbuild/RaspberryPi-FreeRTOS/build/Drivers/FreeRTOS-Plus-TCP/FreeRTOS_DHCP.o
 .comment       0x0000000000000031       0x32 /home/aaronli/freeRTOSbuild/RaspberryPi-FreeRTOS/build/Drivers/FreeRTOS-Plus-TCP/FreeRTOS_DNS.o
 .comment       0x0000000000000031       0x32 /home/aaronli/freeRTOSbuild/RaspberryPi-FreeRTOS/build/Drivers/FreeRTOS-Plus-TCP/FreeRTOS_IP.o
 .comment       0x0000000000000031       0x32 /home/aaronli/freeRTOSbuild/RaspberryPi-FreeRTOS/build/Drivers/FreeRTOS-Plus-TCP/FreeRTOS_Sockets.o
 .comment       0x0000000000000031       0x32 /home/aaronli/freeRTOSbuild/RaspberryPi-FreeRTOS/build/Drivers/FreeRTOS-Plus-TCP/FreeRTOS_Stream_Buffer.o
 .comment       0x0000000000000031       0x32 /home/aaronli/freeRTOSbuild/RaspberryPi-FreeRTOS/build/Drivers/FreeRTOS-Plus-TCP/FreeRTOS_TCP_IP.o
 .comment       0x0000000000000031       0x32 /home/aaronli/freeRTOSbuild/RaspberryPi-FreeRTOS/build/Drivers/FreeRTOS-Plus-TCP/FreeRTOS_TCP_WIN.o
 .comment       0x0000000000000031       0x32 /home/aaronli/freeRTOSbuild/RaspberryPi-FreeRTOS/build/Drivers/FreeRTOS-Plus-TCP/FreeRTOS_UDP_IP.o
 .comment       0x0000000000000031       0x32 /home/aaronli/freeRTOSbuild/RaspberryPi-FreeRTOS/build/Drivers/FreeRTOS-Plus-TCP/portable/BufferManagement/BufferAllocation_2.o
 .comment       0x0000000000000031       0x32 /home/aaronli/freeRTOSbuild/RaspberryPi-FreeRTOS/build/Drivers/FreeRTOS-Plus-TCP/portable/NetworkInterface.o

.ARM.attributes
                0x0000000000000000       0x2f
 .ARM.attributes
                0x0000000000000000       0x2f /home/aaronli/freeRTOSbuild/RaspberryPi-FreeRTOS/build/FreeRTOS/Source/portable/GCC/RaspberryPi/port.o
 .ARM.attributes
                0x000000000000002f       0x2f /home/aaronli/freeRTOSbuild/RaspberryPi-FreeRTOS/build/FreeRTOS/Source/portable/GCC/RaspberryPi/portisr.o
 .ARM.attributes
                0x000000000000005e       0x2f /home/aaronli/freeRTOSbuild/RaspberryPi-FreeRTOS/build/FreeRTOS/Source/croutine.o
 .ARM.attributes
                0x000000000000008d       0x2f /home/aaronli/freeRTOSbuild/RaspberryPi-FreeRTOS/build/FreeRTOS/Source/list.o
 .ARM.attributes
                0x00000000000000bc       0x2f /home/aaronli/freeRTOSbuild/RaspberryPi-FreeRTOS/build/FreeRTOS/Source/queue.o
 .ARM.attributes
                0x00000000000000eb       0x2f /home/aaronli/freeRTOSbuild/RaspberryPi-FreeRTOS/build/FreeRTOS/Source/tasks.o
 .ARM.attributes
                0x000000000000011a       0x2f /home/aaronli/freeRTOSbuild/RaspberryPi-FreeRTOS/build/FreeRTOS/Source/event_groups.o
 .ARM.attributes
                0x0000000000000149       0x2f /home/aaronli/freeRTOSbuild/RaspberryPi-FreeRTOS/build/Drivers/interrupts.o
 .ARM.attributes
                0x0000000000000178       0x2f /home/aaronli/freeRTOSbuild/RaspberryPi-FreeRTOS/build/Drivers/gpio.o
 .ARM.attributes
                0x00000000000001a7       0x2f /home/aaronli/freeRTOSbuild/RaspberryPi-FreeRTOS/build/FreeRTOS/Source/portable/MemMang/heap_4.o
 .ARM.attributes
                0x00000000000001d6       0x18 /home/aaronli/freeRTOSbuild/RaspberryPi-FreeRTOS/build/Demo/startup.o
 .ARM.attributes
                0x00000000000001ee       0x2f /home/aaronli/freeRTOSbuild/RaspberryPi-FreeRTOS/build/Demo/main.o
 .ARM.attributes
                0x000000000000021d       0x2f /home/aaronli/freeRTOSbuild/RaspberryPi-FreeRTOS/build/Drivers/mailbox.o
 .ARM.attributes
                0x000000000000024c       0x2f /home/aaronli/freeRTOSbuild/RaspberryPi-FreeRTOS/build/Demo/trace.o
 .ARM.attributes
                0x000000000000027b       0x2f /home/aaronli/freeRTOSbuild/RaspberryPi-FreeRTOS/build/Drivers/mem.o
 .ARM.attributes
                0x00000000000002aa       0x2f /home/aaronli/freeRTOSbuild/RaspberryPi-FreeRTOS/build/Drivers/video.o
 .ARM.attributes
                0x00000000000002d9       0x2f /home/aaronli/freeRTOSbuild/RaspberryPi-FreeRTOS/build/Drivers/lan9514/uspibind.o
 .ARM.attributes
                0x0000000000000308       0x2f /home/aaronli/freeRTOSbuild/RaspberryPi-FreeRTOS/build/Drivers/lan9514/lib/uspilibrary.o
 .ARM.attributes
                0x0000000000000337       0x2f /home/aaronli/freeRTOSbuild/RaspberryPi-FreeRTOS/build/Drivers/lan9514/lib/dwhcidevice.o
 .ARM.attributes
                0x0000000000000366       0x2f /home/aaronli/freeRTOSbuild/RaspberryPi-FreeRTOS/build/Drivers/lan9514/lib/dwhciregister.o
 .ARM.attributes
                0x0000000000000395       0x2f /home/aaronli/freeRTOSbuild/RaspberryPi-FreeRTOS/build/Drivers/lan9514/lib/dwhcixferstagedata.o
 .ARM.attributes
                0x00000000000003c4       0x2f /home/aaronli/freeRTOSbuild/RaspberryPi-FreeRTOS/build/Drivers/lan9514/lib/usbconfigparser.o
 .ARM.attributes
                0x00000000000003f3       0x2f /home/aaronli/freeRTOSbuild/RaspberryPi-FreeRTOS/build/Drivers/lan9514/lib/usbdevice.o
 .ARM.attributes
                0x0000000000000422       0x2f /home/aaronli/freeRTOSbuild/RaspberryPi-FreeRTOS/build/Drivers/lan9514/lib/usbdevicefactory.o
 .ARM.attributes
                0x0000000000000451       0x2f /home/aaronli/freeRTOSbuild/RaspberryPi-FreeRTOS/build/Drivers/lan9514/lib/usbendpoint.o
 .ARM.attributes
                0x0000000000000480       0x2f /home/aaronli/freeRTOSbuild/RaspberryPi-FreeRTOS/build/Drivers/lan9514/lib/usbrequest.o
 .ARM.attributes
                0x00000000000004af       0x2f /home/aaronli/freeRTOSbuild/RaspberryPi-FreeRTOS/build/Drivers/lan9514/lib/usbstandardhub.o
 .ARM.attributes
                0x00000000000004de       0x2f /home/aaronli/freeRTOSbuild/RaspberryPi-FreeRTOS/build/Drivers/lan9514/lib/devicenameservice.o
 .ARM.attributes
                0x000000000000050d       0x2f /home/aaronli/freeRTOSbuild/RaspberryPi-FreeRTOS/build/Drivers/lan9514/lib/macaddress.o
 .ARM.attributes
                0x000000000000053c       0x2f /home/aaronli/freeRTOSbuild/RaspberryPi-FreeRTOS/build/Drivers/lan9514/lib/smsc951x.o
 .ARM.attributes
                0x000000000000056b       0x2f /home/aaronli/freeRTOSbuild/RaspberryPi-FreeRTOS/build/Drivers/lan9514/lib/string.o
 .ARM.attributes
                0x000000000000059a       0x2f /home/aaronli/freeRTOSbuild/RaspberryPi-FreeRTOS/build/Drivers/lan9514/lib/util.o
 .ARM.attributes
                0x00000000000005c9       0x2f /home/aaronli/freeRTOSbuild/RaspberryPi-FreeRTOS/build/Drivers/lan9514/lib/usbmassdevice.o
 .ARM.attributes
                0x00000000000005f8       0x2f /home/aaronli/freeRTOSbuild/RaspberryPi-FreeRTOS/build/Drivers/lan9514/lib/dwhciframeschednper.o
 .ARM.attributes
                0x0000000000000627       0x2f /home/aaronli/freeRTOSbuild/RaspberryPi-FreeRTOS/build/Drivers/lan9514/lib/dwhciframeschedper.o
 .ARM.attributes
                0x0000000000000656       0x2f /home/aaronli/freeRTOSbuild/RaspberryPi-FreeRTOS/build/Drivers/lan9514/lib/keymap.o
 .ARM.attributes
                0x0000000000000685       0x2f /home/aaronli/freeRTOSbuild/RaspberryPi-FreeRTOS/build/Drivers/lan9514/lib/usbkeyboard.o
 .ARM.attributes
                0x00000000000006b4       0x2f /home/aaronli/freeRTOSbuild/RaspberryPi-FreeRTOS/build/Drivers/lan9514/lib/dwhcirootport.o
 .ARM.attributes
                0x00000000000006e3       0x2f /home/aaronli/freeRTOSbuild/RaspberryPi-FreeRTOS/build/Drivers/lan9514/lib/usbmouse.o
 .ARM.attributes
                0x0000000000000712       0x2f /home/aaronli/freeRTOSbuild/RaspberryPi-FreeRTOS/build/Drivers/lan9514/lib/dwhciframeschednsplit.o
 .ARM.attributes
                0x0000000000000741       0x2f /home/aaronli/freeRTOSbuild/RaspberryPi-FreeRTOS/build/Drivers/lan9514/lib/usbgamepad.o
 .ARM.attributes
                0x0000000000000770       0x2f /home/aaronli/freeRTOSbuild/RaspberryPi-FreeRTOS/build/Drivers/lan9514/lib/synchronize.o
 .ARM.attributes
                0x000000000000079f       0x2f /home/aaronli/freeRTOSbuild/RaspberryPi-FreeRTOS/build/Drivers/lan9514/lib/usbstring.o
 .ARM.attributes
                0x00000000000007ce       0x2f /home/aaronli/freeRTOSbuild/RaspberryPi-FreeRTOS/build/Drivers/FreeRTOS-Plus-TCP/FreeRTOS_ARP.o
 .ARM.attributes
                0x00000000000007fd       0x2d /home/aaronli/freeRTOSbuild/RaspberryPi-FreeRTOS/build/Drivers/FreeRTOS-Plus-TCP/FreeRTOS_DHCP.o
 .ARM.attributes
                0x000000000000082a       0x2f /home/aaronli/freeRTOSbuild/RaspberryPi-FreeRTOS/build/Drivers/FreeRTOS-Plus-TCP/FreeRTOS_DNS.o
 .ARM.attributes
                0x0000000000000859       0x2f /home/aaronli/freeRTOSbuild/RaspberryPi-FreeRTOS/build/Drivers/FreeRTOS-Plus-TCP/FreeRTOS_IP.o
 .ARM.attributes
                0x0000000000000888       0x2f /home/aaronli/freeRTOSbuild/RaspberryPi-FreeRTOS/build/Drivers/FreeRTOS-Plus-TCP/FreeRTOS_Sockets.o
 .ARM.attributes
                0x00000000000008b7       0x2f /home/aaronli/freeRTOSbuild/RaspberryPi-FreeRTOS/build/Drivers/FreeRTOS-Plus-TCP/FreeRTOS_Stream_Buffer.o
 .ARM.attributes
                0x00000000000008e6       0x2f /home/aaronli/freeRTOSbuild/RaspberryPi-FreeRTOS/build/Drivers/FreeRTOS-Plus-TCP/FreeRTOS_TCP_IP.o
 .ARM.attributes
                0x0000000000000915       0x2f /home/aaronli/freeRTOSbuild/RaspberryPi-FreeRTOS/build/Drivers/FreeRTOS-Plus-TCP/FreeRTOS_TCP_WIN.o
 .ARM.attributes
                0x0000000000000944       0x2f /home/aaronli/freeRTOSbuild/RaspberryPi-FreeRTOS/build/Drivers/FreeRTOS-Plus-TCP/FreeRTOS_UDP_IP.o
 .ARM.attributes
                0x0000000000000973       0x2f /home/aaronli/freeRTOSbuild/RaspberryPi-FreeRTOS/build/Drivers/FreeRTOS-Plus-TCP/portable/BufferManagement/BufferAllocation_2.o
 .ARM.attributes
                0x00000000000009a2       0x2f /home/aaronli/freeRTOSbuild/RaspberryPi-FreeRTOS/build/Drivers/FreeRTOS-Plus-TCP/portable/NetworkInterface.o
 .ARM.attributes
                0x00000000000009d1       0x18 /usr/lib/gcc/arm-none-eabi/6.3.1/libgcc.a(_udivsi3.o)
 .ARM.attributes
                0x00000000000009e9       0x18 /usr/lib/gcc/arm-none-eabi/6.3.1/libgcc.a(_dvmd_tls.o)

.debug_frame    0x0000000000000000     0x5640
 .debug_frame   0x0000000000000000       0xb0 /home/aaronli/freeRTOSbuild/RaspberryPi-FreeRTOS/build/FreeRTOS/Source/portable/GCC/RaspberryPi/port.o
 .debug_frame   0x00000000000000b0       0x90 /home/aaronli/freeRTOSbuild/RaspberryPi-FreeRTOS/build/FreeRTOS/Source/portable/GCC/RaspberryPi/portisr.o
 .debug_frame   0x0000000000000140       0xf0 /home/aaronli/freeRTOSbuild/RaspberryPi-FreeRTOS/build/FreeRTOS/Source/croutine.o
 .debug_frame   0x0000000000000230       0xb0 /home/aaronli/freeRTOSbuild/RaspberryPi-FreeRTOS/build/FreeRTOS/Source/list.o
 .debug_frame   0x00000000000002e0      0x254 /home/aaronli/freeRTOSbuild/RaspberryPi-FreeRTOS/build/FreeRTOS/Source/queue.o
 .debug_frame   0x0000000000000534      0x514 /home/aaronli/freeRTOSbuild/RaspberryPi-FreeRTOS/build/FreeRTOS/Source/tasks.o
 .debug_frame   0x0000000000000a48      0x150 /home/aaronli/freeRTOSbuild/RaspberryPi-FreeRTOS/build/FreeRTOS/Source/event_groups.o
 .debug_frame   0x0000000000000b98      0x14c /home/aaronli/freeRTOSbuild/RaspberryPi-FreeRTOS/build/Drivers/interrupts.o
 .debug_frame   0x0000000000000ce4       0xf0 /home/aaronli/freeRTOSbuild/RaspberryPi-FreeRTOS/build/Drivers/gpio.o
 .debug_frame   0x0000000000000dd4       0xd0 /home/aaronli/freeRTOSbuild/RaspberryPi-FreeRTOS/build/FreeRTOS/Source/portable/MemMang/heap_4.o
 .debug_frame   0x0000000000000ea4      0x12c /home/aaronli/freeRTOSbuild/RaspberryPi-FreeRTOS/build/Demo/main.o
 .debug_frame   0x0000000000000fd0       0x50 /home/aaronli/freeRTOSbuild/RaspberryPi-FreeRTOS/build/Drivers/mailbox.o
 .debug_frame   0x0000000000001020       0x60 /home/aaronli/freeRTOSbuild/RaspberryPi-FreeRTOS/build/Demo/trace.o
 .debug_frame   0x0000000000001080      0x11c /home/aaronli/freeRTOSbuild/RaspberryPi-FreeRTOS/build/Drivers/mem.o
 .debug_frame   0x000000000000119c      0x134 /home/aaronli/freeRTOSbuild/RaspberryPi-FreeRTOS/build/Drivers/video.o
 .debug_frame   0x00000000000012d0      0x1a4 /home/aaronli/freeRTOSbuild/RaspberryPi-FreeRTOS/build/Drivers/lan9514/uspibind.o
 .debug_frame   0x0000000000001474      0x270 /home/aaronli/freeRTOSbuild/RaspberryPi-FreeRTOS/build/Drivers/lan9514/lib/uspilibrary.o
 .debug_frame   0x00000000000016e4      0x4d4 /home/aaronli/freeRTOSbuild/RaspberryPi-FreeRTOS/build/Drivers/lan9514/lib/dwhcidevice.o
 .debug_frame   0x0000000000001bb8      0x1f0 /home/aaronli/freeRTOSbuild/RaspberryPi-FreeRTOS/build/Drivers/lan9514/lib/dwhciregister.o
 .debug_frame   0x0000000000001da8      0x434 /home/aaronli/freeRTOSbuild/RaspberryPi-FreeRTOS/build/Drivers/lan9514/lib/dwhcixferstagedata.o
 .debug_frame   0x00000000000021dc       0xb4 /home/aaronli/freeRTOSbuild/RaspberryPi-FreeRTOS/build/Drivers/lan9514/lib/usbconfigparser.o
 .debug_frame   0x0000000000002290      0x23c /home/aaronli/freeRTOSbuild/RaspberryPi-FreeRTOS/build/Drivers/lan9514/lib/usbdevice.o
 .debug_frame   0x00000000000024cc       0x54 /home/aaronli/freeRTOSbuild/RaspberryPi-FreeRTOS/build/Drivers/lan9514/lib/usbdevicefactory.o
 .debug_frame   0x0000000000002520      0x1d4 /home/aaronli/freeRTOSbuild/RaspberryPi-FreeRTOS/build/Drivers/lan9514/lib/usbendpoint.o
 .debug_frame   0x00000000000026f4      0x190 /home/aaronli/freeRTOSbuild/RaspberryPi-FreeRTOS/build/Drivers/lan9514/lib/usbrequest.o
 .debug_frame   0x0000000000002884       0xd8 /home/aaronli/freeRTOSbuild/RaspberryPi-FreeRTOS/build/Drivers/lan9514/lib/usbstandardhub.o
 .debug_frame   0x000000000000295c       0xac /home/aaronli/freeRTOSbuild/RaspberryPi-FreeRTOS/build/Drivers/lan9514/lib/devicenameservice.o
 .debug_frame   0x0000000000002a08      0x174 /home/aaronli/freeRTOSbuild/RaspberryPi-FreeRTOS/build/Drivers/lan9514/lib/macaddress.o
 .debug_frame   0x0000000000002b7c      0x160 /home/aaronli/freeRTOSbuild/RaspberryPi-FreeRTOS/build/Drivers/lan9514/lib/smsc951x.o
 .debug_frame   0x0000000000002cdc      0x208 /home/aaronli/freeRTOSbuild/RaspberryPi-FreeRTOS/build/Drivers/lan9514/lib/string.o
 .debug_frame   0x0000000000002ee4      0x170 /home/aaronli/freeRTOSbuild/RaspberryPi-FreeRTOS/build/Drivers/lan9514/lib/util.o
 .debug_frame   0x0000000000003054      0x180 /home/aaronli/freeRTOSbuild/RaspberryPi-FreeRTOS/build/Drivers/lan9514/lib/usbmassdevice.o
 .debug_frame   0x00000000000031d4       0xf0 /home/aaronli/freeRTOSbuild/RaspberryPi-FreeRTOS/build/Drivers/lan9514/lib/dwhciframeschednper.o
 .debug_frame   0x00000000000032c4       0xf0 /home/aaronli/freeRTOSbuild/RaspberryPi-FreeRTOS/build/Drivers/lan9514/lib/dwhciframeschedper.o
 .debug_frame   0x00000000000033b4       0xf4 /home/aaronli/freeRTOSbuild/RaspberryPi-FreeRTOS/build/Drivers/lan9514/lib/keymap.o
 .debug_frame   0x00000000000034a8      0x198 /home/aaronli/freeRTOSbuild/RaspberryPi-FreeRTOS/build/Drivers/lan9514/lib/usbkeyboard.o
 .debug_frame   0x0000000000003640       0x74 /home/aaronli/freeRTOSbuild/RaspberryPi-FreeRTOS/build/Drivers/lan9514/lib/dwhcirootport.o
 .debug_frame   0x00000000000036b4       0xdc /home/aaronli/freeRTOSbuild/RaspberryPi-FreeRTOS/build/Drivers/lan9514/lib/usbmouse.o
 .debug_frame   0x0000000000003790       0xf0 /home/aaronli/freeRTOSbuild/RaspberryPi-FreeRTOS/build/Drivers/lan9514/lib/dwhciframeschednsplit.o
 .debug_frame   0x0000000000003880      0x184 /home/aaronli/freeRTOSbuild/RaspberryPi-FreeRTOS/build/Drivers/lan9514/lib/usbgamepad.o
 .debug_frame   0x0000000000003a04       0x5c /home/aaronli/freeRTOSbuild/RaspberryPi-FreeRTOS/build/Drivers/lan9514/lib/synchronize.o
 .debug_frame   0x0000000000003a60       0xe8 /home/aaronli/freeRTOSbuild/RaspberryPi-FreeRTOS/build/Drivers/lan9514/lib/usbstring.o
 .debug_frame   0x0000000000003b48      0x130 /home/aaronli/freeRTOSbuild/RaspberryPi-FreeRTOS/build/Drivers/FreeRTOS-Plus-TCP/FreeRTOS_ARP.o
 .debug_frame   0x0000000000003c78      0x114 /home/aaronli/freeRTOSbuild/RaspberryPi-FreeRTOS/build/Drivers/FreeRTOS-Plus-TCP/FreeRTOS_DNS.o
 .debug_frame   0x0000000000003d8c      0x530 /home/aaronli/freeRTOSbuild/RaspberryPi-FreeRTOS/build/Drivers/FreeRTOS-Plus-TCP/FreeRTOS_IP.o
 .debug_frame   0x00000000000042bc      0x720 /home/aaronli/freeRTOSbuild/RaspberryPi-FreeRTOS/build/Drivers/FreeRTOS-Plus-TCP/FreeRTOS_Sockets.o
 .debug_frame   0x00000000000049dc      0x110 /home/aaronli/freeRTOSbuild/RaspberryPi-FreeRTOS/build/Drivers/FreeRTOS-Plus-TCP/FreeRTOS_Stream_Buffer.o
 .debug_frame   0x0000000000004aec      0x564 /home/aaronli/freeRTOSbuild/RaspberryPi-FreeRTOS/build/Drivers/FreeRTOS-Plus-TCP/FreeRTOS_TCP_IP.o
 .debug_frame   0x0000000000005050      0x420 /home/aaronli/freeRTOSbuild/RaspberryPi-FreeRTOS/build/Drivers/FreeRTOS-Plus-TCP/FreeRTOS_TCP_WIN.o
 .debug_frame   0x0000000000005470       0x54 /home/aaronli/freeRTOSbuild/RaspberryPi-FreeRTOS/build/Drivers/FreeRTOS-Plus-TCP/FreeRTOS_UDP_IP.o
 .debug_frame   0x00000000000054c4       0xf0 /home/aaronli/freeRTOSbuild/RaspberryPi-FreeRTOS/build/Drivers/FreeRTOS-Plus-TCP/portable/BufferManagement/BufferAllocation_2.o
 .debug_frame   0x00000000000055b4       0x6c /home/aaronli/freeRTOSbuild/RaspberryPi-FreeRTOS/build/Drivers/FreeRTOS-Plus-TCP/portable/NetworkInterface.o
 .debug_frame   0x0000000000005620       0x20 /usr/lib/gcc/arm-none-eabi/6.3.1/libgcc.a(_udivsi3.o)

.debug_ranges   0x0000000000000000       0x78
 .debug_ranges  0x0000000000000000       0x18 /home/aaronli/freeRTOSbuild/RaspberryPi-FreeRTOS/build/Drivers/lan9514/lib/usbconfigparser.o
 .debug_ranges  0x0000000000000018       0x18 /home/aaronli/freeRTOSbuild/RaspberryPi-FreeRTOS/build/Drivers/lan9514/lib/usbstandardhub.o
 .debug_ranges  0x0000000000000030       0x18 /home/aaronli/freeRTOSbuild/RaspberryPi-FreeRTOS/build/Drivers/lan9514/lib/string.o
 .debug_ranges  0x0000000000000048       0x18 /home/aaronli/freeRTOSbuild/RaspberryPi-FreeRTOS/build/Drivers/lan9514/lib/usbmassdevice.o
 .debug_ranges  0x0000000000000060       0x18 /home/aaronli/freeRTOSbuild/RaspberryPi-FreeRTOS/build/Drivers/FreeRTOS-Plus-TCP/FreeRTOS_TCP_IP.o
