Archive member included to satisfy reference by file (symbol)

/usr/lib/gcc/arm-none-eabi/6.3.1/libgcc.a(_udivsi3.o)
                              /home/aaronli/freeRTOSbuild/RaspberryPi-FreeRTOS/build/Drivers/lan9514/lib/dwhcixferstagedata.o (__aeabi_uidiv)
/usr/lib/gcc/arm-none-eabi/6.3.1/libgcc.a(_dvmd_tls.o)
                              /usr/lib/gcc/arm-none-eabi/6.3.1/libgcc.a(_udivsi3.o) (__aeabi_idiv0)

Allocating common symbols
Common symbol       size              file

SCREEN_WIDTH        0x4               /home/aaronli/freeRTOSbuild/RaspberryPi-FreeRTOS/build/Drivers/video.o
s_bWereEnabled      0x1               /home/aaronli/freeRTOSbuild/RaspberryPi-FreeRTOS/build/FreeRTOS/Source/portable/GCC/RaspberryPi/portisr.o
xBoundUdpSocketsList
                    0x14              /home/aaronli/freeRTOSbuild/RaspberryPi-FreeRTOS/build/Drivers/FreeRTOS-Plus-TCP/FreeRTOS_Sockets.o
SCREEN_HEIGHT       0x4               /home/aaronli/freeRTOSbuild/RaspberryPi-FreeRTOS/build/Drivers/video.o
framebuffer         0x4               /home/aaronli/freeRTOSbuild/RaspberryPi-FreeRTOS/build/Drivers/video.o
mailbuffer          0x58              /home/aaronli/freeRTOSbuild/RaspberryPi-FreeRTOS/build/Drivers/video.o
xBoundTcpSocketsList
                    0x14              /home/aaronli/freeRTOSbuild/RaspberryPi-FreeRTOS/build/Drivers/FreeRTOS-Plus-TCP/FreeRTOS_Sockets.o

Memory Configuration

Name             Origin             Length             Attributes
RESERVED         0x0000000000000000 0x0000000000008000 r
INIT_RAM         0x0000000000008000 0x0000000000008000 xrw
RAM              0x0000000000010000 0x0000000008000000 xrw
*default*        0x0000000000000000 0xffffffffffffffff

Linker script and memory map

LOAD /home/aaronli/freeRTOSbuild/RaspberryPi-FreeRTOS/build/FreeRTOS/Source/portable/GCC/RaspberryPi/port.o
LOAD /home/aaronli/freeRTOSbuild/RaspberryPi-FreeRTOS/build/FreeRTOS/Source/portable/GCC/RaspberryPi/portisr.o
LOAD /home/aaronli/freeRTOSbuild/RaspberryPi-FreeRTOS/build/FreeRTOS/Source/croutine.o
LOAD /home/aaronli/freeRTOSbuild/RaspberryPi-FreeRTOS/build/FreeRTOS/Source/list.o
LOAD /home/aaronli/freeRTOSbuild/RaspberryPi-FreeRTOS/build/FreeRTOS/Source/queue.o
LOAD /home/aaronli/freeRTOSbuild/RaspberryPi-FreeRTOS/build/FreeRTOS/Source/tasks.o
LOAD /home/aaronli/freeRTOSbuild/RaspberryPi-FreeRTOS/build/FreeRTOS/Source/event_groups.o
LOAD /home/aaronli/freeRTOSbuild/RaspberryPi-FreeRTOS/build/Drivers/interrupts.o
LOAD /home/aaronli/freeRTOSbuild/RaspberryPi-FreeRTOS/build/Drivers/gpio.o
LOAD /home/aaronli/freeRTOSbuild/RaspberryPi-FreeRTOS/build/FreeRTOS/Source/portable/MemMang/heap_4.o
LOAD /home/aaronli/freeRTOSbuild/RaspberryPi-FreeRTOS/build/Demo/startup.o
LOAD /home/aaronli/freeRTOSbuild/RaspberryPi-FreeRTOS/build/Demo/main.o
LOAD /home/aaronli/freeRTOSbuild/RaspberryPi-FreeRTOS/build/Drivers/mailbox.o
LOAD /home/aaronli/freeRTOSbuild/RaspberryPi-FreeRTOS/build/Demo/trace.o
LOAD /home/aaronli/freeRTOSbuild/RaspberryPi-FreeRTOS/build/Drivers/mem.o
LOAD /home/aaronli/freeRTOSbuild/RaspberryPi-FreeRTOS/build/Drivers/video.o
LOAD /home/aaronli/freeRTOSbuild/RaspberryPi-FreeRTOS/build/Drivers/lan9514/uspibind.o
LOAD /home/aaronli/freeRTOSbuild/RaspberryPi-FreeRTOS/build/Drivers/lan9514/lib/uspilibrary.o
LOAD /home/aaronli/freeRTOSbuild/RaspberryPi-FreeRTOS/build/Drivers/lan9514/lib/dwhcidevice.o
LOAD /home/aaronli/freeRTOSbuild/RaspberryPi-FreeRTOS/build/Drivers/lan9514/lib/dwhciregister.o
LOAD /home/aaronli/freeRTOSbuild/RaspberryPi-FreeRTOS/build/Drivers/lan9514/lib/dwhcixferstagedata.o
LOAD /home/aaronli/freeRTOSbuild/RaspberryPi-FreeRTOS/build/Drivers/lan9514/lib/usbconfigparser.o
LOAD /home/aaronli/freeRTOSbuild/RaspberryPi-FreeRTOS/build/Drivers/lan9514/lib/usbdevice.o
LOAD /home/aaronli/freeRTOSbuild/RaspberryPi-FreeRTOS/build/Drivers/lan9514/lib/usbdevicefactory.o
LOAD /home/aaronli/freeRTOSbuild/RaspberryPi-FreeRTOS/build/Drivers/lan9514/lib/usbendpoint.o
LOAD /home/aaronli/freeRTOSbuild/RaspberryPi-FreeRTOS/build/Drivers/lan9514/lib/usbrequest.o
LOAD /home/aaronli/freeRTOSbuild/RaspberryPi-FreeRTOS/build/Drivers/lan9514/lib/usbstandardhub.o
LOAD /home/aaronli/freeRTOSbuild/RaspberryPi-FreeRTOS/build/Drivers/lan9514/lib/devicenameservice.o
LOAD /home/aaronli/freeRTOSbuild/RaspberryPi-FreeRTOS/build/Drivers/lan9514/lib/macaddress.o
LOAD /home/aaronli/freeRTOSbuild/RaspberryPi-FreeRTOS/build/Drivers/lan9514/lib/smsc951x.o
LOAD /home/aaronli/freeRTOSbuild/RaspberryPi-FreeRTOS/build/Drivers/lan9514/lib/string.o
LOAD /home/aaronli/freeRTOSbuild/RaspberryPi-FreeRTOS/build/Drivers/lan9514/lib/util.o
LOAD /home/aaronli/freeRTOSbuild/RaspberryPi-FreeRTOS/build/Drivers/lan9514/lib/usbmassdevice.o
LOAD /home/aaronli/freeRTOSbuild/RaspberryPi-FreeRTOS/build/Drivers/lan9514/lib/dwhciframeschednper.o
LOAD /home/aaronli/freeRTOSbuild/RaspberryPi-FreeRTOS/build/Drivers/lan9514/lib/dwhciframeschedper.o
LOAD /home/aaronli/freeRTOSbuild/RaspberryPi-FreeRTOS/build/Drivers/lan9514/lib/keymap.o
LOAD /home/aaronli/freeRTOSbuild/RaspberryPi-FreeRTOS/build/Drivers/lan9514/lib/usbkeyboard.o
LOAD /home/aaronli/freeRTOSbuild/RaspberryPi-FreeRTOS/build/Drivers/lan9514/lib/dwhcirootport.o
LOAD /home/aaronli/freeRTOSbuild/RaspberryPi-FreeRTOS/build/Drivers/lan9514/lib/usbmouse.o
LOAD /home/aaronli/freeRTOSbuild/RaspberryPi-FreeRTOS/build/Drivers/lan9514/lib/dwhciframeschednsplit.o
LOAD /home/aaronli/freeRTOSbuild/RaspberryPi-FreeRTOS/build/Drivers/lan9514/lib/usbgamepad.o
LOAD /home/aaronli/freeRTOSbuild/RaspberryPi-FreeRTOS/build/Drivers/lan9514/lib/synchronize.o
LOAD /home/aaronli/freeRTOSbuild/RaspberryPi-FreeRTOS/build/Drivers/lan9514/lib/usbstring.o
LOAD /home/aaronli/freeRTOSbuild/RaspberryPi-FreeRTOS/build/Drivers/FreeRTOS-Plus-TCP/FreeRTOS_ARP.o
LOAD /home/aaronli/freeRTOSbuild/RaspberryPi-FreeRTOS/build/Drivers/FreeRTOS-Plus-TCP/FreeRTOS_DHCP.o
LOAD /home/aaronli/freeRTOSbuild/RaspberryPi-FreeRTOS/build/Drivers/FreeRTOS-Plus-TCP/FreeRTOS_DNS.o
LOAD /home/aaronli/freeRTOSbuild/RaspberryPi-FreeRTOS/build/Drivers/FreeRTOS-Plus-TCP/FreeRTOS_IP.o
LOAD /home/aaronli/freeRTOSbuild/RaspberryPi-FreeRTOS/build/Drivers/FreeRTOS-Plus-TCP/FreeRTOS_Sockets.o
LOAD /home/aaronli/freeRTOSbuild/RaspberryPi-FreeRTOS/build/Drivers/FreeRTOS-Plus-TCP/FreeRTOS_Stream_Buffer.o
LOAD /home/aaronli/freeRTOSbuild/RaspberryPi-FreeRTOS/build/Drivers/FreeRTOS-Plus-TCP/FreeRTOS_TCP_IP.o
LOAD /home/aaronli/freeRTOSbuild/RaspberryPi-FreeRTOS/build/Drivers/FreeRTOS-Plus-TCP/FreeRTOS_TCP_WIN.o
LOAD /home/aaronli/freeRTOSbuild/RaspberryPi-FreeRTOS/build/Drivers/FreeRTOS-Plus-TCP/FreeRTOS_UDP_IP.o
LOAD /home/aaronli/freeRTOSbuild/RaspberryPi-FreeRTOS/build/Drivers/FreeRTOS-Plus-TCP/portable/BufferManagement/BufferAllocation_2.o
LOAD /home/aaronli/freeRTOSbuild/RaspberryPi-FreeRTOS/build/Drivers/FreeRTOS-Plus-TCP/portable/NetworkInterface.o

.init           0x0000000000008000       0xe0
 *(.init)
 .init          0x0000000000008000       0xe0 /home/aaronli/freeRTOSbuild/RaspberryPi-FreeRTOS/build/Demo/startup.o
                0x0000000000008000                _start

.module_entries
                0x00000000000080e0        0x0
                0x00000000000080e0                __module_entries_start = .
 *(.module_entries)
 *(.module_entries.*)
                0x00000000000080e0                __module_entries_end = .
                0x0000000000000000                __module_entries_size = SIZEOF (.module_entries)

.text           0x0000000000010000    0x28654
 *(.text)
 .text          0x0000000000010000      0x354 /home/aaronli/freeRTOSbuild/RaspberryPi-FreeRTOS/build/FreeRTOS/Source/portable/GCC/RaspberryPi/port.o
                0x0000000000010000                pxPortInitialiseStack
                0x0000000000010240                xPortStartScheduler
                0x000000000001025c                vPortEndScheduler
                0x0000000000010274                vTickISR
 .text          0x0000000000010354      0x338 /home/aaronli/freeRTOSbuild/RaspberryPi-FreeRTOS/build/FreeRTOS/Source/portable/GCC/RaspberryPi/portisr.o
                0x0000000000010354                vPortISRStartFirstTask
                0x00000000000103f0                vPortYieldProcessor
                0x00000000000104ac                vFreeRTOS_ISR
                0x0000000000010568                vPortEnterCritical
                0x00000000000105fc                vPortExitCritical
 .text          0x000000000001068c      0x7b4 /home/aaronli/freeRTOSbuild/RaspberryPi-FreeRTOS/build/FreeRTOS/Source/croutine.o
                0x000000000001068c                xCoRoutineCreate
                0x00000000000107f4                vCoRoutineAddToDelayedList
                0x0000000000010bd4                vCoRoutineSchedule
                0x0000000000010db4                xCoRoutineRemoveFromEventList
 .text          0x0000000000010e40      0x2a4 /home/aaronli/freeRTOSbuild/RaspberryPi-FreeRTOS/build/FreeRTOS/Source/list.o
                0x0000000000010e40                vListInitialise
                0x0000000000010ea8                vListInitialiseItem
                0x0000000000010ed4                vListInsertEnd
                0x0000000000010f6c                vListInsert
                0x0000000000011044                vListRemove
 .text          0x00000000000110e4      0xd54 /home/aaronli/freeRTOSbuild/RaspberryPi-FreeRTOS/build/FreeRTOS/Source/queue.o
                0x00000000000110e4                xQueueGenericReset
                0x00000000000111f8                xQueueGenericCreate
                0x00000000000112c0                xQueueCreateMutex
                0x000000000001139c                xQueueCreateCountingSemaphore
                0x00000000000113ec                xQueueGenericSend
                0x0000000000011590                xQueueGenericSendFromISR
                0x000000000001166c                xQueueGenericReceive
                0x00000000000118b8                xQueueReceiveFromISR
                0x0000000000011998                uxQueueMessagesWaiting
                0x00000000000119cc                uxQueueMessagesWaitingFromISR
                0x00000000000119fc                vQueueDelete
                0x0000000000011d64                xQueueIsQueueEmptyFromISR
                0x0000000000011df0                xQueueIsQueueFullFromISR
 .text          0x0000000000011e38     0x1e58 /home/aaronli/freeRTOSbuild/RaspberryPi-FreeRTOS/build/FreeRTOS/Source/tasks.o
                0x0000000000011e38                xTaskGenericCreate
                0x00000000000120a0                vTaskDelete
                0x00000000000121ac                vTaskDelayUntil
                0x00000000000122c4                vTaskDelay
                0x0000000000012348                uxTaskPriorityGet
                0x00000000000123a0                vTaskPrioritySet
                0x0000000000012568                vTaskSuspend
                0x0000000000012678                xTaskIsTaskSuspended
                0x00000000000126f4                vTaskResume
                0x00000000000127ec                xTaskResumeFromISR
                0x0000000000012904                vTaskStartScheduler
                0x00000000000129a0                vTaskEndScheduler
                0x00000000000129d8                vTaskSuspendAll
                0x0000000000012a0c                xTaskResumeAll
                0x0000000000012bc8                xTaskGetTickCount
                0x0000000000012bfc                xTaskGetTickCountFromISR
                0x0000000000012c34                uxTaskGetNumberOfTasks
                0x0000000000012c58                vTaskIncrementTick
                0x0000000000012eb0                vTaskSetApplicationTaskTag
                0x0000000000012f0c                xTaskGetApplicationTaskTag
                0x0000000000012f68                xTaskCallApplicationTaskHook
                0x0000000000012fe4                vTaskSwitchContext
                0x00000000000130ec                vTaskPlaceOnEventList
                0x0000000000013190                vTaskPlaceOnUnorderedEventList
                0x0000000000013250                xTaskRemoveFromEventList
                0x0000000000013364                xTaskRemoveFromUnorderedEventList
                0x0000000000013460                vTaskSetTimeOutState
                0x00000000000134a8                xTaskCheckForTimeOut
                0x00000000000135a4                vTaskMissedYield
                0x00000000000139fc                xTaskGetCurrentTaskHandle
                0x0000000000013a2c                vTaskPriorityInherit
                0x0000000000013b5c                vTaskPriorityDisinherit
                0x0000000000013c38                uxTaskResetEventItemValue
 .text          0x0000000000013c90      0x714 /home/aaronli/freeRTOSbuild/RaspberryPi-FreeRTOS/build/FreeRTOS/Source/event_groups.o
                0x0000000000013c90                xEventGroupCreate
                0x0000000000013ce0                xEventGroupSync
                0x0000000000013e6c                xEventGroupWaitBits
                0x0000000000014038                xEventGroupClearBits
                0x0000000000014094                xEventGroupGetBitsFromISR
                0x00000000000140d4                xEventGroupSetBits
                0x0000000000014264                vEventGroupDelete
                0x00000000000142cc                vEventGroupSetBitsCallback
                0x00000000000142f8                vEventGroupClearBitsCallback
 .text          0x00000000000143a4      0x420 /home/aaronli/freeRTOSbuild/RaspberryPi-FreeRTOS/build/Drivers/interrupts.o
                0x00000000000143dc                irqHandler
                0x00000000000144fc                InitInterruptController
                0x0000000000014574                RegisterInterrupt
                0x00000000000145f4                EnableInterrupt
                0x00000000000146c4                DisableInterrupt
                0x0000000000014794                EnableInterrupts
                0x00000000000147ac                DisableInterrupts
 .text          0x00000000000147c4      0x5fc /home/aaronli/freeRTOSbuild/RaspberryPi-FreeRTOS/build/Drivers/gpio.o
                0x00000000000147c4                SetGpioFunction
                0x0000000000014898                SetGpioDirection
                0x00000000000148cc                SetGpio
                0x0000000000014958                ReadGpio
                0x00000000000149a8                EnableGpioDetect
                0x0000000000014b84                DisableGpioDetect
                0x0000000000014d68                ClearGpioInterrupt
 .text          0x0000000000014dc0      0x4e0 /home/aaronli/freeRTOSbuild/RaspberryPi-FreeRTOS/build/FreeRTOS/Source/portable/MemMang/heap_4.o
                0x0000000000014dc0                pvPortMalloc
                0x0000000000014f98                vPortFree
                0x0000000000015018                xPortGetFreeHeapSize
                0x000000000001503c                vPortInitialiseBlocks
 .text          0x00000000000152a0       0x28 /home/aaronli/freeRTOSbuild/RaspberryPi-FreeRTOS/build/Demo/startup.o
                0x00000000000152b8                PUT32
                0x00000000000152c0                GET32
 .text          0x00000000000152c8      0x1f0 /home/aaronli/freeRTOSbuild/RaspberryPi-FreeRTOS/build/Demo/main.o
                0x00000000000152c8                blinkDot
                0x0000000000015300                blinkDash
                0x0000000000015338                restSpace
                0x0000000000015350                task3
                0x0000000000015428                main
 .text          0x00000000000154b8       0xec /home/aaronli/freeRTOSbuild/RaspberryPi-FreeRTOS/build/Drivers/mailbox.o
                0x00000000000154b8                mailboxWrite
                0x0000000000015524                mailboxRead
 .text          0x00000000000155a4      0x32c /home/aaronli/freeRTOSbuild/RaspberryPi-FreeRTOS/build/Demo/trace.o
                0x00000000000155a4                __cyg_profile_func_enter
                0x000000000001572c                __cyg_profile_func_exit
 .text          0x00000000000158d0      0x3d8 /home/aaronli/freeRTOSbuild/RaspberryPi-FreeRTOS/build/Drivers/mem.o
                0x00000000000158d0                memset
                0x0000000000015934                memmove
                0x00000000000159e4                memcpy2
                0x0000000000015a58                memcmp
                0x0000000000015af8                strcpy
                0x0000000000015b58                strncpy
                0x0000000000015c00                strlen
                0x0000000000015c54                rand
 .text          0x0000000000015ca8      0xa20 /home/aaronli/freeRTOSbuild/RaspberryPi-FreeRTOS/build/Drivers/video.o
                0x0000000000015ca8                enablelogging
                0x0000000000015cd0                initFB
                0x0000000000015f04                drawPixel
                0x0000000000015f68                drawRect
                0x0000000000015ff8                drawChar
                0x0000000000016124                drawString
                0x0000000000016190                println
                0x00000000000163c8                printHex
                0x00000000000165e4                videotest
 .text          0x00000000000166c8      0x478 /home/aaronli/freeRTOSbuild/RaspberryPi-FreeRTOS/build/Drivers/lan9514/uspibind.o
                0x00000000000166c8                MsDelay
                0x0000000000016730                usDelay
                0x0000000000016790                StartKernelTimer
                0x00000000000167cc                CancelKernelTimer
                0x00000000000167f8                ConnectInterrupt
                0x000000000001683c                SetPowerStateOn
                0x0000000000016904                GetMACAddress
                0x0000000000016a28                LogWrite
                0x0000000000016a60                uspi_assertion_failed
                0x0000000000016aac                DebugHexdump
                0x0000000000016ae0                malloc
                0x0000000000016b14                free
 .text          0x0000000000016b40     0x1088 /home/aaronli/freeRTOSbuild/RaspberryPi-FreeRTOS/build/Drivers/lan9514/lib/uspilibrary.o
                0x0000000000016b40                USPiInitialize
                0x0000000000016e8c                USPiKeyboardAvailable
                0x0000000000016ee8                USPiKeyboardRegisterKeyPressedHandler
                0x0000000000016f7c                USPiKeyboardRegisterShutdownHandler
                0x0000000000017010                USPiKeyboardRegisterKeyStatusHandlerRaw
                0x00000000000170a4                USPiMouseAvailable
                0x0000000000017100                USPiMouseRegisterStatusHandler
                0x0000000000017194                USPiMassStorageDeviceAvailable
                0x0000000000017228                USPiMassStorageDeviceRead
                0x0000000000017314                USPiMassStorageDeviceWrite
                0x0000000000017400                USPiMassStorageDeviceGetCapacity
                0x00000000000174a0                USPiEthernetAvailable
                0x00000000000174fc                USPiGetMACAddress
                0x00000000000175c0                USPiSendFrame
                0x0000000000017670                USPiReceiveFrame
                0x0000000000017720                USPiGamePadAvailable
                0x00000000000177bc                USPiGamePadRegisterStatusHandler
                0x000000000001787c                USPiGamePadGetStatus
                0x000000000001794c                USPiDeviceGetInformation
 .text          0x0000000000017bc8     0x3594 /home/aaronli/freeRTOSbuild/RaspberryPi-FreeRTOS/build/Drivers/lan9514/lib/dwhcidevice.o
                0x0000000000017bc8                DWHCIDevice
                0x0000000000017c78                _DWHCIDevice
                0x0000000000017ca4                DWHCIDeviceInitialize
                0x0000000000017f48                DWHCIDeviceGetDescriptor
                0x0000000000018000                DWHCIDeviceSetAddress
                0x00000000000180a4                DWHCIDeviceSetConfiguration
                0x0000000000018148                DWHCIDeviceControlMessage
                0x00000000000182cc                DWHCIDeviceTransfer
                0x000000000001837c                DWHCIDeviceSubmitBlockingRequest
                0x0000000000018678                DWHCIDeviceSubmitAsyncRequest
                0x00000000000187a8                DWHCIDeviceInitCore
                0x0000000000018adc                DWHCIDeviceInitHost
                0x0000000000018db8                DWHCIDeviceEnableRootPort
                0x0000000000018ee0                DWHCIDeviceReset
                0x0000000000018fe4                DWHCIDeviceEnableGlobalInterrupts
                0x000000000001906c                DWHCIDeviceEnableCommonInterrupts
                0x00000000000190e4                DWHCIDeviceEnableHostInterrupts
                0x0000000000019184                DWHCIDeviceEnableChannelInterrupt
                0x0000000000019228                DWHCIDeviceDisableChannelInterrupt
                0x00000000000192d0                DWHCIDeviceFlushTxFIFO
                0x00000000000193ac                DWHCIDeviceFlushRxFIFO
                0x000000000001945c                DWHCIDeviceTransferStage
                0x000000000001956c                DWHCIDeviceCompletionRoutine
                0x00000000000195c8                DWHCIDeviceTransferStageAsync
                0x00000000000197e4                DWHCIDeviceStartTransaction
                0x0000000000019970                DWHCIDeviceStartChannel
                0x0000000000019ef8                DWHCIDeviceChannelInterruptHandler
                0x000000000001a658                DWHCIDeviceInterruptHandler
                0x000000000001a828                DWHCIDeviceTimerHandler
                0x000000000001a984                DWHCIDeviceAllocateChannel
                0x000000000001aa4c                DWHCIDeviceFreeChannel
                0x000000000001ab20                DWHCIDeviceWaitForBit
                0x000000000001ac58                DWHCIDeviceGetPortSpeed
                0x000000000001ad1c                DWHCIDeviceOvercurrentDetected
                0x000000000001adb0                DWHCIDeviceDisableRootPort
                0x000000000001ae38                DWHCIDeviceDumpRegister
                0x000000000001aec0                DWHCIDeviceDumpStatus
 .text          0x000000000001b15c      0x71c /home/aaronli/freeRTOSbuild/RaspberryPi-FreeRTOS/build/Drivers/lan9514/lib/dwhciregister.o
                0x000000000001b15c                DWHCIRegister
                0x000000000001b1b8                DWHCIRegister2
                0x000000000001b224                _DWHCIRegister
                0x000000000001b270                DWHCIRegisterRead
                0x000000000001b2d8                DWHCIRegisterWrite
                0x000000000001b358                DWHCIRegisterGet
                0x000000000001b3c8                DWHCIRegisterSet
                0x000000000001b424                DWHCIRegisterIsSet
                0x000000000001b4b0                DWHCIRegisterAnd
                0x000000000001b534                DWHCIRegisterOr
                0x000000000001b5b8                DWHCIRegisterClearBit
                0x000000000001b66c                DWHCIRegisterSetBit
                0x000000000001b71c                DWHCIRegisterClearAll
                0x000000000001b774                DWHCIRegisterSetAll
                0x000000000001b7cc                DWHCIRegisterDump
 .text          0x000000000001b878     0x14b4 /home/aaronli/freeRTOSbuild/RaspberryPi-FreeRTOS/build/Drivers/lan9514/lib/dwhcixferstagedata.o
                0x000000000001b878                DWHCITransferStageData
                0x000000000001bdcc                _DWHCITransferStageData
                0x000000000001beb0                DWHCITransferStageDataTransactionComplete
                0x000000000001c0b8                DWHCITransferStageDataSetSplitComplete
                0x000000000001c130                DWHCITransferStageDataSetState
                0x000000000001c180                DWHCITransferStageDataGetState
                0x000000000001c1c8                DWHCITransferStageDataSetSubState
                0x000000000001c218                DWHCITransferStageDataGetSubState
                0x000000000001c260                DWHCITransferStageDataBeginSplitCycle
                0x000000000001c284                DWHCITransferStageDataGetChannelNumber
                0x000000000001c2cc                DWHCITransferStageDataIsPeriodic
                0x000000000001c370                DWHCITransferStageDataGetDeviceAddress
                0x000000000001c3ec                DWHCITransferStageDataGetEndpointType
                0x000000000001c4d0                DWHCITransferStageDataGetEndpointNumber
                0x000000000001c54c                DWHCITransferStageDataGetMaxPacketSize
                0x000000000001c594                DWHCITransferStageDataGetSpeed
                0x000000000001c5dc                DWHCITransferStageDataGetPID
                0x000000000001c6c8                DWHCITransferStageDataIsDirectionIn
                0x000000000001c710                DWHCITransferStageDataIsStatusStage
                0x000000000001c758                DWHCITransferStageDataGetDMAAddress
                0x000000000001c7c8                DWHCITransferStageDataGetBytesToTransfer
                0x000000000001c810                DWHCITransferStageDataGetPacketsToTransfer
                0x000000000001c858                DWHCITransferStageDataIsSplit
                0x000000000001c8a0                DWHCITransferStageDataIsSplitComplete
                0x000000000001c910                DWHCITransferStageDataGetHubAddress
                0x000000000001c9b4                DWHCITransferStageDataGetHubPortAddress
                0x000000000001ca58                DWHCITransferStageDataGetSplitPosition
                0x000000000001cac4                DWHCITransferStageDataGetStatusMask
                0x000000000001cb40                DWHCITransferStageDataGetTransactionStatus
                0x000000000001cbb0                DWHCITransferStageDataIsStageComplete
                0x000000000001cc08                DWHCITransferStageDataGetResultLen
                0x000000000001cc74                DWHCITransferStageDataGetURB
                0x000000000001cce4                DWHCITransferStageDataGetFrameScheduler
 .text          0x000000000001cd2c      0x5e8 /home/aaronli/freeRTOSbuild/RaspberryPi-FreeRTOS/build/Drivers/lan9514/lib/usbconfigparser.o
                0x000000000001cd2c                USBConfigurationParser
                0x000000000001d068                _USBConfigurationParser
                0x000000000001d0b4                USBConfigurationParserIsValid
                0x000000000001d0fc                USBConfigurationParserGetDescriptor
                0x000000000001d264                USBConfigurationParserError
 .text          0x000000000001d314     0x1514 /home/aaronli/freeRTOSbuild/RaspberryPi-FreeRTOS/build/Drivers/lan9514/lib/usbdevice.o
                0x000000000001d314                USBDevice
                0x000000000001d4dc                USBDeviceCopy
                0x000000000001d7f0                _USBDevice
                0x000000000001d938                USBDeviceInitialize
                0x000000000001e02c                USBDeviceConfigure
                0x000000000001e134                USBDeviceGetName
                0x000000000001e3c4                USBDeviceGetAddress
                0x000000000001e40c                USBDeviceGetSpeed
                0x000000000001e454                USBDeviceGetHubAddress
                0x000000000001e49c                USBDeviceGetHubPortNumber
                0x000000000001e4e4                USBDeviceGetEndpoint0
                0x000000000001e554                USBDeviceGetHost
                0x000000000001e5c4                USBDeviceGetDeviceDescriptor
                0x000000000001e634                USBDeviceGetConfigurationDescriptor
                0x000000000001e6a4                USBDeviceGetDescriptor
                0x000000000001e730                USBDeviceConfigurationError
                0x000000000001e7b0                USBDeviceSetAddress
 .text          0x000000000001e828      0x414 /home/aaronli/freeRTOSbuild/RaspberryPi-FreeRTOS/build/Drivers/lan9514/lib/usbdevicefactory.o
                0x000000000001e828                USBDeviceFactoryGetDevice
                0x000000000001e91c                GetDevice
 .text          0x000000000001ec3c      0x94c /home/aaronli/freeRTOSbuild/RaspberryPi-FreeRTOS/build/Drivers/lan9514/lib/usbendpoint.o
                0x000000000001ec3c                USBEndpoint
                0x000000000001ecfc                USBEndpoint2
                0x000000000001ef80                USBEndpointCopy
                0x000000000001f080                _USBEndpoint
                0x000000000001f0cc                USBEndpointGetDevice
                0x000000000001f13c                USBEndpointGetNumber
                0x000000000001f184                USBEndpointGetType
                0x000000000001f1cc                USBEndpointIsDirectionIn
                0x000000000001f214                USBEndpointSetMaxPacketSize
                0x000000000001f264                USBEndpointGetMaxPacketSize
                0x000000000001f2ac                USBEndpointGetInterval
                0x000000000001f31c                USBEndpointGetNextPID
                0x000000000001f3a4                USBEndpointSkipPID
                0x000000000001f514                USBEndpointResetPID
 .text          0x000000000001f588      0x5dc /home/aaronli/freeRTOSbuild/RaspberryPi-FreeRTOS/build/Drivers/lan9514/lib/usbrequest.o
                0x000000000001f588                USBRequest
                0x000000000001f6a0                _USBRequest
                0x000000000001f710                USBRequestGetEndpoint
                0x000000000001f780                USBRequestSetStatus
                0x000000000001f7d0                USBRequestSetResultLen
                0x000000000001f820                USBRequestGetStatus
                0x000000000001f868                USBRequestGetResultLength
                0x000000000001f8d8                USBRequestGetSetupData
                0x000000000001f97c                USBRequestGetBuffer
                0x000000000001f9fc                USBRequestGetBufLen
                0x000000000001fa44                USBRequestSetCompletionRoutine
                0x000000000001fadc                USBRequestCallCompletionRoutine
 .text          0x000000000001fb64     0x13f8 /home/aaronli/freeRTOSbuild/RaspberryPi-FreeRTOS/build/Drivers/lan9514/lib/usbstandardhub.o
                0x000000000001fb64                USBStandardHub
                0x000000000001fc2c                _USBStandardHub
                0x000000000001fd7c                USBStandardHubInitialize
                0x000000000001fdcc                USBStandardHubConfigure
                0x0000000000020298                USBStandardHubEnumeratePorts
                0x0000000000020df0                USBStandardHubGetDeviceNames
 .text          0x0000000000020f5c      0x448 /home/aaronli/freeRTOSbuild/RaspberryPi-FreeRTOS/build/Drivers/lan9514/lib/devicenameservice.o
                0x0000000000020f5c                DeviceNameService
                0x0000000000020fe4                _DeviceNameService
                0x00000000000210d4                DeviceNameServiceAddDevice
                0x0000000000021234                DeviceNameServiceGetDevice
                0x000000000002135c                DeviceNameServiceGet
 .text          0x00000000000213a4      0x568 /home/aaronli/freeRTOSbuild/RaspberryPi-FreeRTOS/build/Drivers/lan9514/lib/macaddress.o
                0x00000000000213a4                MACAddress
                0x00000000000213f0                MACAddress2
                0x0000000000021440                _MACAddress
                0x000000000002148c                MACAddressIsEqual
                0x0000000000021530                MACAddressSet
                0x00000000000215bc                MACAddressSetBroadcast
                0x0000000000021620                MACAddressGet
                0x0000000000021690                MACAddressCopyTo
                0x0000000000021738                MACAddressIsBroadcast
                0x00000000000217ec                MACAddressGetSize
                0x0000000000021810                MACAddressFormat
 .text          0x000000000002190c      0xed8 /home/aaronli/freeRTOSbuild/RaspberryPi-FreeRTOS/build/Drivers/lan9514/lib/smsc951x.o
                0x000000000002190c                SMSC951xDevice
                0x00000000000219d4                _SMSC951xDevice
                0x0000000000021ac4                SMSC951xDeviceConfigure
                0x0000000000022018                SMSC951xDeviceGetMACAddress
                0x0000000000022060                SMSC951xDeviceSendFrame
                0x00000000000221b0                SMSC951xDeviceReceiveFrame
                0x000000000002240c                SMSC951xDeviceWriteReg
                0x00000000000224b8                SMSC951xDeviceReadReg
                0x0000000000022568                SMSC951xDeviceDumpReg
                0x0000000000022614                SMSC951xDeviceDumpRegs
 .text          0x00000000000227e4      0xfac /home/aaronli/freeRTOSbuild/RaspberryPi-FreeRTOS/build/Drivers/lan9514/lib/string.o
                0x00000000000227e4                String
                0x000000000002283c                String2
                0x00000000000228cc                _String
                0x0000000000022938                StringGet
                0x000000000002299c                StringSet
                0x0000000000022a54                StringGetLength
                0x0000000000022ac0                StringAppend
                0x0000000000022bdc                StringCompare
                0x0000000000022c38                StringFind
                0x0000000000022ce0                StringFormat
                0x0000000000022d44                StringFormatV
                0x000000000002341c                StringPutChar
                0x00000000000234a8                StringPutString
                0x0000000000023530                StringReserveSpace
                0x0000000000023650                ntoa
 .text          0x0000000000023790      0x548 /home/aaronli/freeRTOSbuild/RaspberryPi-FreeRTOS/build/Drivers/lan9514/lib/util.o
                0x0000000000023790                uspi_memset
                0x00000000000237f4                uspi_memcpy2
                0x0000000000023868                uspi_memcmp
                0x0000000000023914                uspi_strlen
                0x0000000000023968                uspi_strcmp
                0x0000000000023a4c                uspi_strcpy
                0x0000000000023abc                uspi_strncpy
                0x0000000000023b5c                uspi_strcat
                0x0000000000023bec                uspi_char2int
                0x0000000000023c38                uspi_le2be16
                0x0000000000023c84                uspi_le2be32
 .text          0x0000000000023cd8     0x132c /home/aaronli/freeRTOSbuild/RaspberryPi-FreeRTOS/build/Drivers/lan9514/lib/usbmassdevice.o
                0x0000000000023cd8                USBBulkOnlyMassStorageDevice
                0x0000000000023d7c                _USBBulkOnlyMassStorageDevice
                0x0000000000023e40                USBBulkOnlyMassStorageDeviceConfigure
                0x0000000000024528                USBBulkOnlyMassStorageDeviceRead
                0x00000000000245e8                USBBulkOnlyMassStorageDeviceWrite
                0x00000000000246a8                USBBulkOnlyMassStorageDeviceSeek
                0x0000000000024704                USBBulkOnlyMassStorageDeviceGetCapacity
                0x000000000002474c                USBBulkOnlyMassStorageDeviceTryRead
                0x0000000000024914                USBBulkOnlyMassStorageDeviceTryWrite
                0x0000000000024ad8                USBBulkOnlyMassStorageDeviceCommand
                0x0000000000024e28                USBBulkOnlyMassStorageDeviceReset
 .text          0x0000000000025004      0x430 /home/aaronli/freeRTOSbuild/RaspberryPi-FreeRTOS/build/Drivers/lan9514/lib/dwhciframeschednper.o
                0x0000000000025004                DWHCIFrameSchedulerNonPeriodic
                0x00000000000250b8                _DWHCIFrameSchedulerNonPeriodic
                0x000000000002510c                DWHCIFrameSchedulerNonPeriodicStartSplit
                0x0000000000025160                DWHCIFrameSchedulerNonPeriodicCompleteSplit
                0x0000000000025238                DWHCIFrameSchedulerNonPeriodicTransactionComplete
                0x00000000000253f0                DWHCIFrameSchedulerNonPeriodicWaitForFrame
                0x0000000000025410                DWHCIFrameSchedulerNonPeriodicIsOddFrame
 .text          0x0000000000025434      0x568 /home/aaronli/freeRTOSbuild/RaspberryPi-FreeRTOS/build/Drivers/lan9514/lib/dwhciframeschedper.o
                0x0000000000025434                DWHCIFrameSchedulerPeriodic
                0x00000000000254f4                _DWHCIFrameSchedulerPeriodic
                0x0000000000025548                DWHCIFrameSchedulerPeriodicStartSplit
                0x00000000000255a8                DWHCIFrameSchedulerPeriodicCompleteSplit
                0x00000000000256c0                DWHCIFrameSchedulerPeriodicTransactionComplete
                0x0000000000025854                DWHCIFrameSchedulerPeriodicWaitForFrame
                0x0000000000025938                DWHCIFrameSchedulerPeriodicIsOddFrame
 .text          0x000000000002599c      0x690 /home/aaronli/freeRTOSbuild/RaspberryPi-FreeRTOS/build/Drivers/lan9514/lib/keymap.o
                0x000000000002599c                KeyMap
                0x0000000000025a18                _KeyMap
                0x0000000000025a38                KeyMapClearTable
                0x0000000000025ae0                KeyMapSetEntry
                0x0000000000025ba4                KeyMapTranslate
                0x0000000000025dec                KeyMapGetString
                0x0000000000025f8c                KeyMapGetLEDStatus
 .text          0x000000000002602c      0xd50 /home/aaronli/freeRTOSbuild/RaspberryPi-FreeRTOS/build/Drivers/lan9514/lib/usbkeyboard.o
                0x000000000002602c                USBKeyboardDevice
                0x000000000002614c                _CUSBKeyboardDevice
                0x0000000000026210                USBKeyboardDeviceConfigure
                0x00000000000265f8                USBKeyboardDeviceRegisterKeyPressedHandler
                0x000000000002666c                USBKeyboardDeviceRegisterSelectConsoleHandler
                0x00000000000266e0                USBKeyboardDeviceRegisterShutdownHandler
                0x0000000000026754                USBKeyboardDeviceRegisterKeyStatusHandlerRaw
 .text          0x0000000000026d7c      0x4a4 /home/aaronli/freeRTOSbuild/RaspberryPi-FreeRTOS/build/Drivers/lan9514/lib/dwhcirootport.o
                0x0000000000026d7c                DWHCIRootPort
                0x0000000000026e00                _DWHCIRootPort
                0x0000000000026e88                DWHCIRootPortInitialize
 .text          0x0000000000027220      0x8e4 /home/aaronli/freeRTOSbuild/RaspberryPi-FreeRTOS/build/Drivers/lan9514/lib/usbmouse.o
                0x0000000000027220                USBMouseDevice
                0x00000000000272f4                _CUSBMouseDevice
                0x00000000000273a8                USBMouseDeviceConfigure
                0x0000000000027790                USBMouseDeviceRegisterStatusHandler
 .text          0x0000000000027b04      0x2ac /home/aaronli/freeRTOSbuild/RaspberryPi-FreeRTOS/build/Drivers/lan9514/lib/dwhciframeschednsplit.o
                0x0000000000027b04                DWHCIFrameSchedulerNoSplit
                0x0000000000027bc8                _DWHCIFrameSchedulerNoSplit
                0x0000000000027be8                DWHCIFrameSchedulerNoSplitStartSplit
                0x0000000000027c1c                DWHCIFrameSchedulerNoSplitCompleteSplit
                0x0000000000027c54                DWHCIFrameSchedulerNoSplitTransactionComplete
                0x0000000000027c8c                DWHCIFrameSchedulerNoSplitWaitForFrame
                0x0000000000027d4c                DWHCIFrameSchedulerNoSplitIsOddFrame
 .text          0x0000000000027db0     0x1764 /home/aaronli/freeRTOSbuild/RaspberryPi-FreeRTOS/build/Drivers/lan9514/lib/usbgamepad.o
                0x0000000000027db0                USBGamePadDevice
                0x0000000000027f94                _CUSBGamePadDevice
                0x00000000000289f8                USBGamePadDeviceConfigure
                0x0000000000028ffc                USBGamePadDeviceRegisterStatusHandler
                0x0000000000029328                USBGamePadDeviceGetReport
 .text          0x0000000000029514      0x12c /home/aaronli/freeRTOSbuild/RaspberryPi-FreeRTOS/build/Drivers/lan9514/lib/synchronize.o
                0x0000000000029514                uspi_EnterCritical
                0x000000000002958c                uspi_LeaveCritical
                0x0000000000029610                uspi_CleanAndInvalidateDataCacheRange
 .text          0x0000000000029640      0xc10 /home/aaronli/freeRTOSbuild/RaspberryPi-FreeRTOS/build/Drivers/lan9514/lib/usbstring.o
                0x0000000000029640                USBString
                0x0000000000029714                USBStringCopy
                0x00000000000298a8                _USBString
                0x0000000000029974                USBStringGetFromDescriptor
                0x0000000000029eac                USBStringGet
                0x0000000000029f00                USBStringGetLanguageID
 .text          0x000000000002a250      0xd54 /home/aaronli/freeRTOSbuild/RaspberryPi-FreeRTOS/build/Drivers/FreeRTOS-Plus-TCP/FreeRTOS_ARP.o
                0x000000000002a250                eARPProcessPacket
                0x000000000002a5f4                vARPRefreshCacheEntry
                0x000000000002a970                eARPGetCacheEntry
                0x000000000002abc4                vARPAgeCache
                0x000000000002adb8                vARPSendGratuitous
                0x000000000002ade0                FreeRTOS_OutputARPRequest
                0x000000000002ae38                vARPGenerateRequestPacket
                0x000000000002af80                FreeRTOS_ClearARP
 .text          0x000000000002afa4        0x0 /home/aaronli/freeRTOSbuild/RaspberryPi-FreeRTOS/build/Drivers/FreeRTOS-Plus-TCP/FreeRTOS_DHCP.o
 .text          0x000000000002afa4      0x89c /home/aaronli/freeRTOSbuild/RaspberryPi-FreeRTOS/build/Drivers/FreeRTOS-Plus-TCP/FreeRTOS_DNS.o
                0x000000000002aff0                FreeRTOS_gethostbyname
                0x000000000002b454                ulDNSHandlePacket
 .text          0x000000000002b840     0x1ee0 /home/aaronli/freeRTOSbuild/RaspberryPi-FreeRTOS/build/Drivers/FreeRTOS-Plus-TCP/FreeRTOS_IP.o
                0x000000000002ba44                xIsCallingFromIPTask
                0x000000000002be3c                FreeRTOS_NetworkDown
                0x000000000002be9c                FreeRTOS_NetworkDownFromISR
                0x000000000002bf10                FreeRTOS_GetUDPPayloadBuffer
                0x000000000002bf88                pxDuplicateNetworkBufferWithDescriptor
                0x000000000002c01c                pxPacketBuffer_to_NetworkBuffer
                0x000000000002c094                pxUDPPayloadBuffer_to_NetworkBuffer
                0x000000000002c10c                FreeRTOS_ReleaseUDPPayloadBuffer
                0x000000000002c13c                FreeRTOS_IPInit
                0x000000000002c3f8                FreeRTOS_GetAddressConfiguration
                0x000000000002c4a4                FreeRTOS_SetAddressConfiguration
                0x000000000002c550                xSendEventToIPTask
                0x000000000002c59c                xSendEventStructToIPTask
                0x000000000002c714                eConsiderFrameForProcessing
                0x000000000002c84c                vIPNetworkUpCalls
                0x000000000002cf4c                usGenerateProtocolChecksum
                0x000000000002d1a8                usGenerateChecksum
                0x000000000002d4ec                vReturnEthernetFrame
                0x000000000002d598                FreeRTOS_GetIPAddress
                0x000000000002d5bc                FreeRTOS_SetIPAddress
                0x000000000002d5ec                FreeRTOS_GetGatewayAddress
                0x000000000002d610                FreeRTOS_GetDNSServerAddress
                0x000000000002d634                FreeRTOS_GetNetmask
                0x000000000002d658                FreeRTOS_GetMACAddress
                0x000000000002d678                FreeRTOS_SetNetmask
                0x000000000002d6a8                FreeRTOS_SetGatewayAddress
                0x000000000002d6d8                xIPIsNetworkTaskReady
                0x000000000002d6fc                FreeRTOS_IsNetworkUp
 .text          0x000000000002d720     0x3558 /home/aaronli/freeRTOSbuild/RaspberryPi-FreeRTOS/build/Drivers/FreeRTOS-Plus-TCP/FreeRTOS_Sockets.o
                0x000000000002db30                vNetworkSocketsInit
                0x000000000002dcb8                FreeRTOS_socket
                0x000000000002dea4                FreeRTOS_recvfrom
                0x000000000002e0d4                FreeRTOS_sendto
                0x000000000002e2c4                FreeRTOS_bind
                0x000000000002e424                vSocketBind
                0x000000000002e5e0                FreeRTOS_closesocket
                0x000000000002e674                vSocketClose
                0x000000000002e898                FreeRTOS_setsockopt
                0x000000000002ef90                pxUDPSocketLookup
                0x000000000002efe8                FreeRTOS_inet_addr
                0x000000000002f1ac                FreeRTOS_GetLocalAddress
                0x000000000002f228                vWakeUpSocketUser
                0x000000000002f4ac                FreeRTOS_connect
                0x000000000002f5c8                FreeRTOS_accept
                0x000000000002f88c                FreeRTOS_recv
                0x000000000002fc54                FreeRTOS_get_tx_head
                0x000000000002fd08                FreeRTOS_send
                0x000000000002ffb8                FreeRTOS_listen
                0x0000000000030118                FreeRTOS_shutdown
                0x00000000000301b4                xTCPTimerCheck
                0x000000000003035c                pxTCPSocketLookup
                0x0000000000030460                FreeRTOS_get_rx_buf
                0x0000000000030610                lTCPAddRxdata
                0x0000000000030728                FreeRTOS_outstanding
                0x00000000000307a0                FreeRTOS_recvcount
                0x0000000000030818                FreeRTOS_GetRemoteAddress
                0x00000000000308f0                FreeRTOS_maywrite
                0x00000000000309b4                FreeRTOS_tx_space
                0x0000000000030a30                FreeRTOS_tx_size
                0x0000000000030aa8                FreeRTOS_issocketconnected
                0x0000000000030b20                FreeRTOS_mss
                0x0000000000030b74                FreeRTOS_connstatus
                0x0000000000030bc8                FreeRTOS_rx_size
                0x0000000000030c40                FreeRTOS_netstat
 .text          0x0000000000030c78      0x5dc /home/aaronli/freeRTOSbuild/RaspberryPi-FreeRTOS/build/Drivers/FreeRTOS-Plus-TCP/FreeRTOS_Stream_Buffer.o
                0x0000000000030ed0                uxStreamBufferAdd
                0x00000000000310a4                uxStreamBufferGet
 .text          0x0000000000031254     0x4704 /home/aaronli/freeRTOSbuild/RaspberryPi-FreeRTOS/build/Drivers/FreeRTOS-Plus-TCP/FreeRTOS_TCP_IP.o
                0x0000000000031664                xTCPSocketCheck
                0x0000000000032ba0                vTCPStateChange
                0x0000000000034dec                xProcessReceivedTCPPacket
                0x0000000000035854                xTCPCheckNewClient
 .text          0x0000000000035958     0x1de0 /home/aaronli/freeRTOSbuild/RaspberryPi-FreeRTOS/build/Drivers/FreeRTOS-Plus-TCP/FreeRTOS_TCP_WIN.o
                0x0000000000035b54                vListInsertGeneric
                0x0000000000035ed4                xTCPWindowRxEmpty
                0x00000000000360b8                vTCPWindowDestroy
                0x000000000003615c                vTCPWindowCreate
                0x0000000000036238                vTCPWindowInit
                0x00000000000364e0                lTCPWindowRxCheck
                0x00000000000368e4                lTCPWindowTxAdd
                0x0000000000036bec                xTCPWindowTxDone
                0x0000000000036d30                xTCPWindowTxHasData
                0x0000000000036e94                ulTCPWindowTxGet
                0x0000000000037628                ulTCPWindowTxAck
                0x0000000000037690                ulTCPWindowTxSack
 .text          0x0000000000037738      0x618 /home/aaronli/freeRTOSbuild/RaspberryPi-FreeRTOS/build/Drivers/FreeRTOS-Plus-TCP/FreeRTOS_UDP_IP.o
                0x0000000000037738                vProcessGeneratedUDPPacket
                0x0000000000037ba8                xProcessReceivedUDPPacket
 .text          0x0000000000037d50      0x458 /home/aaronli/freeRTOSbuild/RaspberryPi-FreeRTOS/build/Drivers/FreeRTOS-Plus-TCP/portable/BufferManagement/BufferAllocation_2.o
                0x0000000000037d50                xNetworkBuffersInitialise
                0x0000000000037ebc                pucGetNetworkBuffer
                0x0000000000037f28                vReleaseNetworkBuffer
                0x0000000000037f64                pxGetNetworkBufferWithDescriptor
                0x00000000000380b4                vReleaseNetworkBufferAndDescriptor
                0x0000000000038160                uxGetNumberOfFreeNetworkBuffers
                0x0000000000038184                uxGetMinimumFreeNetworkBuffers
 .text          0x00000000000381a8      0x394 /home/aaronli/freeRTOSbuild/RaspberryPi-FreeRTOS/build/Drivers/FreeRTOS-Plus-TCP/portable/NetworkInterface.o
                0x00000000000381a8                ethernetPollTask
                0x0000000000038444                xNetworkInterfaceInitialise
                0x00000000000384ec                xNetworkInterfaceOutput
 .text          0x000000000003853c      0x114 /usr/lib/gcc/arm-none-eabi/6.3.1/libgcc.a(_udivsi3.o)
                0x000000000003853c                __udivsi3
                0x000000000003853c                __aeabi_uidiv
                0x0000000000038630                __aeabi_uidivmod
 .text          0x0000000000038650        0x4 /usr/lib/gcc/arm-none-eabi/6.3.1/libgcc.a(_dvmd_tls.o)
                0x0000000000038650                __aeabi_ldiv0
                0x0000000000038650                __aeabi_idiv0

.rodata         0x0000000000038654     0x2a81
 .rodata        0x0000000000038654        0x4 /home/aaronli/freeRTOSbuild/RaspberryPi-FreeRTOS/build/FreeRTOS/Source/portable/GCC/RaspberryPi/port.o
 .rodata        0x0000000000038658        0x5 /home/aaronli/freeRTOSbuild/RaspberryPi-FreeRTOS/build/FreeRTOS/Source/tasks.o
 *fill*         0x000000000003865d        0x3 
 .rodata        0x0000000000038660        0x4 /home/aaronli/freeRTOSbuild/RaspberryPi-FreeRTOS/build/Drivers/interrupts.o
 .rodata        0x0000000000038664        0x4 /home/aaronli/freeRTOSbuild/RaspberryPi-FreeRTOS/build/Drivers/gpio.o
                0x0000000000038664                pRegs
 .rodata        0x0000000000038668        0x8 /home/aaronli/freeRTOSbuild/RaspberryPi-FreeRTOS/build/FreeRTOS/Source/portable/MemMang/heap_4.o
 .rodata        0x0000000000038670       0x26 /home/aaronli/freeRTOSbuild/RaspberryPi-FreeRTOS/build/Demo/main.o
 *fill*         0x0000000000038696        0x2 
 .rodata        0x0000000000038698      0x25a /home/aaronli/freeRTOSbuild/RaspberryPi-FreeRTOS/build/Drivers/video.o
                0x0000000000038698                font
 *fill*         0x00000000000388f2        0x2 
 .rodata        0x00000000000388f4       0x3d /home/aaronli/freeRTOSbuild/RaspberryPi-FreeRTOS/build/Drivers/lan9514/uspibind.o
 *fill*         0x0000000000038931        0x3 
 .rodata        0x0000000000038934      0x16b /home/aaronli/freeRTOSbuild/RaspberryPi-FreeRTOS/build/Drivers/lan9514/lib/uspilibrary.o
 *fill*         0x0000000000038a9f        0x1 
 .rodata        0x0000000000038aa0        0x6 /home/aaronli/freeRTOSbuild/RaspberryPi-FreeRTOS/build/Drivers/lan9514/lib/dwhcidevice.o
 *fill*         0x0000000000038aa6        0x2 
 .rodata        0x0000000000038aa8       0xd9 /home/aaronli/freeRTOSbuild/RaspberryPi-FreeRTOS/build/Drivers/lan9514/lib/dwhciregister.o
 *fill*         0x0000000000038b81        0x3 
 .rodata        0x0000000000038b84      0x215 /home/aaronli/freeRTOSbuild/RaspberryPi-FreeRTOS/build/Drivers/lan9514/lib/dwhcixferstagedata.o
 *fill*         0x0000000000038d99        0x3 
 .rodata        0x0000000000038d9c       0xef /home/aaronli/freeRTOSbuild/RaspberryPi-FreeRTOS/build/Drivers/lan9514/lib/usbconfigparser.o
 *fill*         0x0000000000038e8b        0x1 
 .rodata        0x0000000000038e8c      0x33d /home/aaronli/freeRTOSbuild/RaspberryPi-FreeRTOS/build/Drivers/lan9514/lib/usbdevice.o
 *fill*         0x00000000000391c9        0x3 
 .rodata        0x00000000000391cc       0xf3 /home/aaronli/freeRTOSbuild/RaspberryPi-FreeRTOS/build/Drivers/lan9514/lib/usbdevicefactory.o
 *fill*         0x00000000000392bf        0x1 
 .rodata        0x00000000000392c0      0x1ce /home/aaronli/freeRTOSbuild/RaspberryPi-FreeRTOS/build/Drivers/lan9514/lib/usbendpoint.o
 *fill*         0x000000000003948e        0x2 
 .rodata        0x0000000000039490      0x139 /home/aaronli/freeRTOSbuild/RaspberryPi-FreeRTOS/build/Drivers/lan9514/lib/usbrequest.o
 *fill*         0x00000000000395c9        0x3 
 .rodata        0x00000000000395cc      0x3c3 /home/aaronli/freeRTOSbuild/RaspberryPi-FreeRTOS/build/Drivers/lan9514/lib/usbstandardhub.o
 *fill*         0x000000000003998f        0x1 
 .rodata        0x0000000000039990       0xf1 /home/aaronli/freeRTOSbuild/RaspberryPi-FreeRTOS/build/Drivers/lan9514/lib/devicenameservice.o
 *fill*         0x0000000000039a81        0x3 
 .rodata        0x0000000000039a84       0xbe /home/aaronli/freeRTOSbuild/RaspberryPi-FreeRTOS/build/Drivers/lan9514/lib/macaddress.o
 *fill*         0x0000000000039b42        0x2 
 .rodata        0x0000000000039b44      0x2c2 /home/aaronli/freeRTOSbuild/RaspberryPi-FreeRTOS/build/Drivers/lan9514/lib/smsc951x.o
 *fill*         0x0000000000039e06        0x2 
 .rodata        0x0000000000039e08       0x5d /home/aaronli/freeRTOSbuild/RaspberryPi-FreeRTOS/build/Drivers/lan9514/lib/string.o
 *fill*         0x0000000000039e65        0x3 
 .rodata        0x0000000000039e68      0x2fc /home/aaronli/freeRTOSbuild/RaspberryPi-FreeRTOS/build/Drivers/lan9514/lib/usbmassdevice.o
 .rodata        0x000000000003a164       0xac /home/aaronli/freeRTOSbuild/RaspberryPi-FreeRTOS/build/Drivers/lan9514/lib/dwhciframeschednper.o
 .rodata        0x000000000003a210       0xac /home/aaronli/freeRTOSbuild/RaspberryPi-FreeRTOS/build/Drivers/lan9514/lib/dwhciframeschedper.o
 .rodata        0x000000000003a2bc      0x2bb /home/aaronli/freeRTOSbuild/RaspberryPi-FreeRTOS/build/Drivers/lan9514/lib/keymap.o
 *fill*         0x000000000003a577        0x1 
 .rodata        0x000000000003a578      0x1de /home/aaronli/freeRTOSbuild/RaspberryPi-FreeRTOS/build/Drivers/lan9514/lib/usbkeyboard.o
 *fill*         0x000000000003a756        0x2 
 .rodata        0x000000000003a758      0x143 /home/aaronli/freeRTOSbuild/RaspberryPi-FreeRTOS/build/Drivers/lan9514/lib/dwhcirootport.o
 *fill*         0x000000000003a89b        0x1 
 .rodata        0x000000000003a89c      0x17a /home/aaronli/freeRTOSbuild/RaspberryPi-FreeRTOS/build/Drivers/lan9514/lib/usbmouse.o
 *fill*         0x000000000003aa16        0x2 
 .rodata        0x000000000003aa18       0x6e /home/aaronli/freeRTOSbuild/RaspberryPi-FreeRTOS/build/Drivers/lan9514/lib/dwhciframeschednsplit.o
 *fill*         0x000000000003aa86        0x2 
 .rodata        0x000000000003aa88      0x19e /home/aaronli/freeRTOSbuild/RaspberryPi-FreeRTOS/build/Drivers/lan9514/lib/usbgamepad.o
 *fill*         0x000000000003ac26        0x2 
 .rodata        0x000000000003ac28      0x195 /home/aaronli/freeRTOSbuild/RaspberryPi-FreeRTOS/build/Drivers/lan9514/lib/usbstring.o
 *fill*         0x000000000003adbd        0x3 
 .rodata        0x000000000003adc0       0x26 /home/aaronli/freeRTOSbuild/RaspberryPi-FreeRTOS/build/Drivers/FreeRTOS-Plus-TCP/FreeRTOS_ARP.o
 *fill*         0x000000000003ade6        0x2 
 .rodata        0x000000000003ade8        0xc /home/aaronli/freeRTOSbuild/RaspberryPi-FreeRTOS/build/Drivers/FreeRTOS-Plus-TCP/FreeRTOS_DNS.o
 .rodata        0x000000000003adf4       0xbc /home/aaronli/freeRTOSbuild/RaspberryPi-FreeRTOS/build/Drivers/FreeRTOS-Plus-TCP/FreeRTOS_IP.o
                0x000000000003adf4                xBroadcastMACAddress
 .rodata        0x000000000003aeb0       0xe7 /home/aaronli/freeRTOSbuild/RaspberryPi-FreeRTOS/build/Drivers/FreeRTOS-Plus-TCP/FreeRTOS_Sockets.o
 *fill*         0x000000000003af97        0x1 
 .rodata        0x000000000003af98       0xd8 /home/aaronli/freeRTOSbuild/RaspberryPi-FreeRTOS/build/Drivers/FreeRTOS-Plus-TCP/FreeRTOS_TCP_IP.o
 .rodata        0x000000000003b070        0x4 /home/aaronli/freeRTOSbuild/RaspberryPi-FreeRTOS/build/Drivers/FreeRTOS-Plus-TCP/portable/BufferManagement/BufferAllocation_2.o
                0x000000000003b070                xBufferAllocFixedSize
 .rodata        0x000000000003b074       0x61 /home/aaronli/freeRTOSbuild/RaspberryPi-FreeRTOS/build/Drivers/FreeRTOS-Plus-TCP/portable/NetworkInterface.o

.rodata.str1.4  0x000000000003b0d8      0x674
 .rodata.str1.4
                0x000000000003b0d8      0x606 /home/aaronli/freeRTOSbuild/RaspberryPi-FreeRTOS/build/Drivers/lan9514/lib/dwhcidevice.o
                                        0x60a (size before relaxing)
 *fill*         0x000000000003b6de        0x2 
 .rodata.str1.4
                0x000000000003b6e0       0x6c /home/aaronli/freeRTOSbuild/RaspberryPi-FreeRTOS/build/Drivers/lan9514/lib/synchronize.o
                                         0x69 (size before relaxing)

.glue_7         0x000000000003b74c        0x0
 .glue_7        0x000000000003b74c        0x0 linker stubs

.glue_7t        0x000000000003b74c        0x0
 .glue_7t       0x000000000003b74c        0x0 linker stubs

.vfp11_veneer   0x000000000003b74c        0x0
 .vfp11_veneer  0x000000000003b74c        0x0 linker stubs

.v4_bx          0x000000000003b74c        0x0
 .v4_bx         0x000000000003b74c        0x0 linker stubs

.iplt           0x000000000003b74c        0x0
 .iplt          0x000000000003b74c        0x0 /home/aaronli/freeRTOSbuild/RaspberryPi-FreeRTOS/build/FreeRTOS/Source/portable/GCC/RaspberryPi/port.o

.rel.dyn        0x000000000003b74c        0x0
 .rel.iplt      0x000000000003b74c        0x0 /home/aaronli/freeRTOSbuild/RaspberryPi-FreeRTOS/build/FreeRTOS/Source/portable/GCC/RaspberryPi/port.o

.data           0x000000000003b74c      0x14c
 *(.data)
 .data          0x000000000003b74c        0x0 /home/aaronli/freeRTOSbuild/RaspberryPi-FreeRTOS/build/FreeRTOS/Source/portable/GCC/RaspberryPi/port.o
 .data          0x000000000003b74c        0x4 /home/aaronli/freeRTOSbuild/RaspberryPi-FreeRTOS/build/FreeRTOS/Source/portable/GCC/RaspberryPi/portisr.o
                0x000000000003b74c                ulCriticalNesting
 .data          0x000000000003b750        0x0 /home/aaronli/freeRTOSbuild/RaspberryPi-FreeRTOS/build/FreeRTOS/Source/croutine.o
 .data          0x000000000003b750        0x0 /home/aaronli/freeRTOSbuild/RaspberryPi-FreeRTOS/build/FreeRTOS/Source/list.o
 .data          0x000000000003b750        0x0 /home/aaronli/freeRTOSbuild/RaspberryPi-FreeRTOS/build/FreeRTOS/Source/queue.o
 .data          0x000000000003b750        0x4 /home/aaronli/freeRTOSbuild/RaspberryPi-FreeRTOS/build/FreeRTOS/Source/tasks.o
 .data          0x000000000003b754        0x0 /home/aaronli/freeRTOSbuild/RaspberryPi-FreeRTOS/build/FreeRTOS/Source/event_groups.o
 .data          0x000000000003b754        0x0 /home/aaronli/freeRTOSbuild/RaspberryPi-FreeRTOS/build/Drivers/interrupts.o
 .data          0x000000000003b754        0x0 /home/aaronli/freeRTOSbuild/RaspberryPi-FreeRTOS/build/Drivers/gpio.o
 .data          0x000000000003b754        0x4 /home/aaronli/freeRTOSbuild/RaspberryPi-FreeRTOS/build/FreeRTOS/Source/portable/MemMang/heap_4.o
 .data          0x000000000003b758        0x0 /home/aaronli/freeRTOSbuild/RaspberryPi-FreeRTOS/build/Demo/startup.o
 .data          0x000000000003b758        0x0 /home/aaronli/freeRTOSbuild/RaspberryPi-FreeRTOS/build/Demo/main.o
 .data          0x000000000003b758        0x0 /home/aaronli/freeRTOSbuild/RaspberryPi-FreeRTOS/build/Drivers/mailbox.o
 .data          0x000000000003b758        0x0 /home/aaronli/freeRTOSbuild/RaspberryPi-FreeRTOS/build/Demo/trace.o
 .data          0x000000000003b758        0x4 /home/aaronli/freeRTOSbuild/RaspberryPi-FreeRTOS/build/Drivers/mem.o
                0x000000000003b758                next
 .data          0x000000000003b75c        0x0 /home/aaronli/freeRTOSbuild/RaspberryPi-FreeRTOS/build/Drivers/video.o
 .data          0x000000000003b75c        0x0 /home/aaronli/freeRTOSbuild/RaspberryPi-FreeRTOS/build/Drivers/lan9514/uspibind.o
 .data          0x000000000003b75c        0x0 /home/aaronli/freeRTOSbuild/RaspberryPi-FreeRTOS/build/Drivers/lan9514/lib/uspilibrary.o
 .data          0x000000000003b75c        0x0 /home/aaronli/freeRTOSbuild/RaspberryPi-FreeRTOS/build/Drivers/lan9514/lib/dwhcidevice.o
 .data          0x000000000003b75c        0x0 /home/aaronli/freeRTOSbuild/RaspberryPi-FreeRTOS/build/Drivers/lan9514/lib/dwhciregister.o
 .data          0x000000000003b75c        0x0 /home/aaronli/freeRTOSbuild/RaspberryPi-FreeRTOS/build/Drivers/lan9514/lib/dwhcixferstagedata.o
 .data          0x000000000003b75c        0x0 /home/aaronli/freeRTOSbuild/RaspberryPi-FreeRTOS/build/Drivers/lan9514/lib/usbconfigparser.o
 .data          0x000000000003b75c        0x1 /home/aaronli/freeRTOSbuild/RaspberryPi-FreeRTOS/build/Drivers/lan9514/lib/usbdevice.o
 .data          0x000000000003b75d        0x0 /home/aaronli/freeRTOSbuild/RaspberryPi-FreeRTOS/build/Drivers/lan9514/lib/usbdevicefactory.o
 .data          0x000000000003b75d        0x0 /home/aaronli/freeRTOSbuild/RaspberryPi-FreeRTOS/build/Drivers/lan9514/lib/usbendpoint.o
 .data          0x000000000003b75d        0x0 /home/aaronli/freeRTOSbuild/RaspberryPi-FreeRTOS/build/Drivers/lan9514/lib/usbrequest.o
 .data          0x000000000003b75d        0x0 /home/aaronli/freeRTOSbuild/RaspberryPi-FreeRTOS/build/Drivers/lan9514/lib/usbstandardhub.o
 .data          0x000000000003b75d        0x0 /home/aaronli/freeRTOSbuild/RaspberryPi-FreeRTOS/build/Drivers/lan9514/lib/devicenameservice.o
 .data          0x000000000003b75d        0x0 /home/aaronli/freeRTOSbuild/RaspberryPi-FreeRTOS/build/Drivers/lan9514/lib/macaddress.o
 .data          0x000000000003b75d        0x0 /home/aaronli/freeRTOSbuild/RaspberryPi-FreeRTOS/build/Drivers/lan9514/lib/smsc951x.o
 .data          0x000000000003b75d        0x0 /home/aaronli/freeRTOSbuild/RaspberryPi-FreeRTOS/build/Drivers/lan9514/lib/string.o
 .data          0x000000000003b75d        0x0 /home/aaronli/freeRTOSbuild/RaspberryPi-FreeRTOS/build/Drivers/lan9514/lib/util.o
 *fill*         0x000000000003b75d        0x3 
 .data          0x000000000003b760        0x4 /home/aaronli/freeRTOSbuild/RaspberryPi-FreeRTOS/build/Drivers/lan9514/lib/usbmassdevice.o
 .data          0x000000000003b764        0x0 /home/aaronli/freeRTOSbuild/RaspberryPi-FreeRTOS/build/Drivers/lan9514/lib/dwhciframeschednper.o
 .data          0x000000000003b764        0x0 /home/aaronli/freeRTOSbuild/RaspberryPi-FreeRTOS/build/Drivers/lan9514/lib/dwhciframeschedper.o
 .data          0x000000000003b764       0xcc /home/aaronli/freeRTOSbuild/RaspberryPi-FreeRTOS/build/Drivers/lan9514/lib/keymap.o
 .data          0x000000000003b830        0x4 /home/aaronli/freeRTOSbuild/RaspberryPi-FreeRTOS/build/Drivers/lan9514/lib/usbkeyboard.o
 .data          0x000000000003b834        0x0 /home/aaronli/freeRTOSbuild/RaspberryPi-FreeRTOS/build/Drivers/lan9514/lib/dwhcirootport.o
 .data          0x000000000003b834        0x4 /home/aaronli/freeRTOSbuild/RaspberryPi-FreeRTOS/build/Drivers/lan9514/lib/usbmouse.o
 .data          0x000000000003b838        0x0 /home/aaronli/freeRTOSbuild/RaspberryPi-FreeRTOS/build/Drivers/lan9514/lib/dwhciframeschednsplit.o
 .data          0x000000000003b838       0x39 /home/aaronli/freeRTOSbuild/RaspberryPi-FreeRTOS/build/Drivers/lan9514/lib/usbgamepad.o
 .data          0x000000000003b871        0x0 /home/aaronli/freeRTOSbuild/RaspberryPi-FreeRTOS/build/Drivers/lan9514/lib/synchronize.o
 .data          0x000000000003b871        0x0 /home/aaronli/freeRTOSbuild/RaspberryPi-FreeRTOS/build/Drivers/lan9514/lib/usbstring.o
 .data          0x000000000003b871        0x0 /home/aaronli/freeRTOSbuild/RaspberryPi-FreeRTOS/build/Drivers/FreeRTOS-Plus-TCP/FreeRTOS_ARP.o
 .data          0x000000000003b871        0x0 /home/aaronli/freeRTOSbuild/RaspberryPi-FreeRTOS/build/Drivers/FreeRTOS-Plus-TCP/FreeRTOS_DHCP.o
 .data          0x000000000003b871        0x0 /home/aaronli/freeRTOSbuild/RaspberryPi-FreeRTOS/build/Drivers/FreeRTOS-Plus-TCP/FreeRTOS_DNS.o
 .data          0x000000000003b871        0x0 /home/aaronli/freeRTOSbuild/RaspberryPi-FreeRTOS/build/Drivers/FreeRTOS-Plus-TCP/FreeRTOS_IP.o
 *fill*         0x000000000003b871        0x3 
 .data          0x000000000003b874        0x4 /home/aaronli/freeRTOSbuild/RaspberryPi-FreeRTOS/build/Drivers/FreeRTOS-Plus-TCP/FreeRTOS_Sockets.o
 .data          0x000000000003b878        0x0 /home/aaronli/freeRTOSbuild/RaspberryPi-FreeRTOS/build/Drivers/FreeRTOS-Plus-TCP/FreeRTOS_Stream_Buffer.o
 .data          0x000000000003b878        0x0 /home/aaronli/freeRTOSbuild/RaspberryPi-FreeRTOS/build/Drivers/FreeRTOS-Plus-TCP/FreeRTOS_TCP_IP.o
 .data          0x000000000003b878        0x0 /home/aaronli/freeRTOSbuild/RaspberryPi-FreeRTOS/build/Drivers/FreeRTOS-Plus-TCP/FreeRTOS_TCP_WIN.o
 .data          0x000000000003b878       0x18 /home/aaronli/freeRTOSbuild/RaspberryPi-FreeRTOS/build/Drivers/FreeRTOS-Plus-TCP/FreeRTOS_UDP_IP.o
                0x000000000003b878                xDefaultPartUDPPacketHeader
 .data          0x000000000003b890        0x0 /home/aaronli/freeRTOSbuild/RaspberryPi-FreeRTOS/build/Drivers/FreeRTOS-Plus-TCP/portable/BufferManagement/BufferAllocation_2.o
 .data          0x000000000003b890        0x8 /home/aaronli/freeRTOSbuild/RaspberryPi-FreeRTOS/build/Drivers/FreeRTOS-Plus-TCP/portable/NetworkInterface.o
 .data          0x000000000003b898        0x0 /usr/lib/gcc/arm-none-eabi/6.3.1/libgcc.a(_udivsi3.o)
 .data          0x000000000003b898        0x0 /usr/lib/gcc/arm-none-eabi/6.3.1/libgcc.a(_dvmd_tls.o)

.igot.plt       0x000000000003b898        0x0
 .igot.plt      0x000000000003b898        0x0 /home/aaronli/freeRTOSbuild/RaspberryPi-FreeRTOS/build/FreeRTOS/Source/portable/GCC/RaspberryPi/port.o

.bss            0x000000000003b8a0    0x1ec30
                0x000000000003b8a0                __bss_start = .
 *(.bss)
 .bss           0x000000000003b8a0        0x0 /home/aaronli/freeRTOSbuild/RaspberryPi-FreeRTOS/build/FreeRTOS/Source/portable/GCC/RaspberryPi/port.o
 .bss           0x000000000003b8a0        0x4 /home/aaronli/freeRTOSbuild/RaspberryPi-FreeRTOS/build/FreeRTOS/Source/portable/GCC/RaspberryPi/portisr.o
                0x000000000003b8a0                g_bStarted
 .bss           0x000000000003b8a4       0x80 /home/aaronli/freeRTOSbuild/RaspberryPi-FreeRTOS/build/FreeRTOS/Source/croutine.o
                0x000000000003b910                pxCurrentCoRoutine
 .bss           0x000000000003b924        0x0 /home/aaronli/freeRTOSbuild/RaspberryPi-FreeRTOS/build/FreeRTOS/Source/list.o
 .bss           0x000000000003b924        0x0 /home/aaronli/freeRTOSbuild/RaspberryPi-FreeRTOS/build/FreeRTOS/Source/queue.o
 .bss           0x000000000003b924      0x100 /home/aaronli/freeRTOSbuild/RaspberryPi-FreeRTOS/build/FreeRTOS/Source/tasks.o
                0x000000000003b924                pxCurrentTCB
 .bss           0x000000000003ba24        0x0 /home/aaronli/freeRTOSbuild/RaspberryPi-FreeRTOS/build/FreeRTOS/Source/event_groups.o
 .bss           0x000000000003ba24      0x240 /home/aaronli/freeRTOSbuild/RaspberryPi-FreeRTOS/build/Drivers/interrupts.o
 .bss           0x000000000003bc64        0x0 /home/aaronli/freeRTOSbuild/RaspberryPi-FreeRTOS/build/Drivers/gpio.o
 *fill*         0x000000000003bc64        0x4 
 .bss           0x000000000003bc68    0x1e010 /home/aaronli/freeRTOSbuild/RaspberryPi-FreeRTOS/build/FreeRTOS/Source/portable/MemMang/heap_4.o
                0x0000000000059c74                allocated
 .bss           0x0000000000059c78        0x0 /home/aaronli/freeRTOSbuild/RaspberryPi-FreeRTOS/build/Demo/startup.o
 .bss           0x0000000000059c78        0x0 /home/aaronli/freeRTOSbuild/RaspberryPi-FreeRTOS/build/Demo/main.o
 .bss           0x0000000000059c78        0x0 /home/aaronli/freeRTOSbuild/RaspberryPi-FreeRTOS/build/Drivers/mailbox.o
 .bss           0x0000000000059c78        0x4 /home/aaronli/freeRTOSbuild/RaspberryPi-FreeRTOS/build/Demo/trace.o
                0x0000000000059c78                depth
 .bss           0x0000000000059c7c        0x0 /home/aaronli/freeRTOSbuild/RaspberryPi-FreeRTOS/build/Drivers/mem.o
 .bss           0x0000000000059c7c        0xc /home/aaronli/freeRTOSbuild/RaspberryPi-FreeRTOS/build/Drivers/video.o
                0x0000000000059c7c                loaded
                0x0000000000059c80                position_x
                0x0000000000059c84                position_y
 .bss           0x0000000000059c88        0x0 /home/aaronli/freeRTOSbuild/RaspberryPi-FreeRTOS/build/Drivers/lan9514/uspibind.o
 .bss           0x0000000000059c88        0x4 /home/aaronli/freeRTOSbuild/RaspberryPi-FreeRTOS/build/Drivers/lan9514/lib/uspilibrary.o
 .bss           0x0000000000059c8c        0x0 /home/aaronli/freeRTOSbuild/RaspberryPi-FreeRTOS/build/Drivers/lan9514/lib/dwhcidevice.o
 .bss           0x0000000000059c8c        0x0 /home/aaronli/freeRTOSbuild/RaspberryPi-FreeRTOS/build/Drivers/lan9514/lib/dwhciregister.o
 .bss           0x0000000000059c8c        0x0 /home/aaronli/freeRTOSbuild/RaspberryPi-FreeRTOS/build/Drivers/lan9514/lib/dwhcixferstagedata.o
 .bss           0x0000000000059c8c        0x0 /home/aaronli/freeRTOSbuild/RaspberryPi-FreeRTOS/build/Drivers/lan9514/lib/usbconfigparser.o
 .bss           0x0000000000059c8c        0x0 /home/aaronli/freeRTOSbuild/RaspberryPi-FreeRTOS/build/Drivers/lan9514/lib/usbdevice.o
 .bss           0x0000000000059c8c        0x0 /home/aaronli/freeRTOSbuild/RaspberryPi-FreeRTOS/build/Drivers/lan9514/lib/usbdevicefactory.o
 .bss           0x0000000000059c8c        0x0 /home/aaronli/freeRTOSbuild/RaspberryPi-FreeRTOS/build/Drivers/lan9514/lib/usbendpoint.o
 .bss           0x0000000000059c8c        0x0 /home/aaronli/freeRTOSbuild/RaspberryPi-FreeRTOS/build/Drivers/lan9514/lib/usbrequest.o
 .bss           0x0000000000059c8c        0x0 /home/aaronli/freeRTOSbuild/RaspberryPi-FreeRTOS/build/Drivers/lan9514/lib/usbstandardhub.o
 .bss           0x0000000000059c8c        0x4 /home/aaronli/freeRTOSbuild/RaspberryPi-FreeRTOS/build/Drivers/lan9514/lib/devicenameservice.o
 .bss           0x0000000000059c90        0x0 /home/aaronli/freeRTOSbuild/RaspberryPi-FreeRTOS/build/Drivers/lan9514/lib/macaddress.o
 .bss           0x0000000000059c90        0x4 /home/aaronli/freeRTOSbuild/RaspberryPi-FreeRTOS/build/Drivers/lan9514/lib/smsc951x.o
 .bss           0x0000000000059c94        0x0 /home/aaronli/freeRTOSbuild/RaspberryPi-FreeRTOS/build/Drivers/lan9514/lib/string.o
 .bss           0x0000000000059c94        0x0 /home/aaronli/freeRTOSbuild/RaspberryPi-FreeRTOS/build/Drivers/lan9514/lib/util.o
 .bss           0x0000000000059c94        0x0 /home/aaronli/freeRTOSbuild/RaspberryPi-FreeRTOS/build/Drivers/lan9514/lib/usbmassdevice.o
 .bss           0x0000000000059c94        0x0 /home/aaronli/freeRTOSbuild/RaspberryPi-FreeRTOS/build/Drivers/lan9514/lib/dwhciframeschednper.o
 .bss           0x0000000000059c94        0x0 /home/aaronli/freeRTOSbuild/RaspberryPi-FreeRTOS/build/Drivers/lan9514/lib/dwhciframeschedper.o
 .bss           0x0000000000059c94        0x0 /home/aaronli/freeRTOSbuild/RaspberryPi-FreeRTOS/build/Drivers/lan9514/lib/keymap.o
 .bss           0x0000000000059c94        0x0 /home/aaronli/freeRTOSbuild/RaspberryPi-FreeRTOS/build/Drivers/lan9514/lib/usbkeyboard.o
 .bss           0x0000000000059c94        0x0 /home/aaronli/freeRTOSbuild/RaspberryPi-FreeRTOS/build/Drivers/lan9514/lib/dwhcirootport.o
 .bss           0x0000000000059c94        0x0 /home/aaronli/freeRTOSbuild/RaspberryPi-FreeRTOS/build/Drivers/lan9514/lib/usbmouse.o
 .bss           0x0000000000059c94        0x0 /home/aaronli/freeRTOSbuild/RaspberryPi-FreeRTOS/build/Drivers/lan9514/lib/dwhciframeschednsplit.o
 .bss           0x0000000000059c94        0x0 /home/aaronli/freeRTOSbuild/RaspberryPi-FreeRTOS/build/Drivers/lan9514/lib/usbgamepad.o
 .bss           0x0000000000059c94        0x8 /home/aaronli/freeRTOSbuild/RaspberryPi-FreeRTOS/build/Drivers/lan9514/lib/synchronize.o
 .bss           0x0000000000059c9c        0x0 /home/aaronli/freeRTOSbuild/RaspberryPi-FreeRTOS/build/Drivers/lan9514/lib/usbstring.o
 .bss           0x0000000000059c9c       0x7c /home/aaronli/freeRTOSbuild/RaspberryPi-FreeRTOS/build/Drivers/FreeRTOS-Plus-TCP/FreeRTOS_ARP.o
 .bss           0x0000000000059d18        0x0 /home/aaronli/freeRTOSbuild/RaspberryPi-FreeRTOS/build/Drivers/FreeRTOS-Plus-TCP/FreeRTOS_DHCP.o
 .bss           0x0000000000059d18        0xc /home/aaronli/freeRTOSbuild/RaspberryPi-FreeRTOS/build/Drivers/FreeRTOS-Plus-TCP/FreeRTOS_DNS.o
 .bss           0x0000000000059d24       0x74 /home/aaronli/freeRTOSbuild/RaspberryPi-FreeRTOS/build/Drivers/FreeRTOS-Plus-TCP/FreeRTOS_IP.o
                0x0000000000059d24                xNetworkEventQueue
                0x0000000000059d28                uxRxEventCount
                0x0000000000059d2c                usPacketIdentifier
                0x0000000000059d30                xNetworkAddressing
                0x0000000000059d44                xDefaultAddressing
 .bss           0x0000000000059d98        0x4 /home/aaronli/freeRTOSbuild/RaspberryPi-FreeRTOS/build/Drivers/FreeRTOS-Plus-TCP/FreeRTOS_Sockets.o
 .bss           0x0000000000059d9c        0x0 /home/aaronli/freeRTOSbuild/RaspberryPi-FreeRTOS/build/Drivers/FreeRTOS-Plus-TCP/FreeRTOS_Stream_Buffer.o
 .bss           0x0000000000059d9c        0x4 /home/aaronli/freeRTOSbuild/RaspberryPi-FreeRTOS/build/Drivers/FreeRTOS-Plus-TCP/FreeRTOS_TCP_IP.o
                0x0000000000059d9c                ulNextInitialSequenceNumber
 .bss           0x0000000000059da0       0x1c /home/aaronli/freeRTOSbuild/RaspberryPi-FreeRTOS/build/Drivers/FreeRTOS-Plus-TCP/FreeRTOS_TCP_WIN.o
                0x0000000000059db8                xTCPWindowLoggingLevel
 .bss           0x0000000000059dbc        0x0 /home/aaronli/freeRTOSbuild/RaspberryPi-FreeRTOS/build/Drivers/FreeRTOS-Plus-TCP/FreeRTOS_UDP_IP.o
 .bss           0x0000000000059dbc      0x670 /home/aaronli/freeRTOSbuild/RaspberryPi-FreeRTOS/build/Drivers/FreeRTOS-Plus-TCP/portable/BufferManagement/BufferAllocation_2.o
 .bss           0x000000000005a42c        0x8 /home/aaronli/freeRTOSbuild/RaspberryPi-FreeRTOS/build/Drivers/FreeRTOS-Plus-TCP/portable/NetworkInterface.o
                0x000000000005a42c                xOutputQueue
 .bss           0x000000000005a434        0x0 /usr/lib/gcc/arm-none-eabi/6.3.1/libgcc.a(_udivsi3.o)
 .bss           0x000000000005a434        0x0 /usr/lib/gcc/arm-none-eabi/6.3.1/libgcc.a(_dvmd_tls.o)
 *(.bss.*)
                0x000000000005a434                __bss_end = .
 COMMON         0x000000000005a434        0x1 /home/aaronli/freeRTOSbuild/RaspberryPi-FreeRTOS/build/FreeRTOS/Source/portable/GCC/RaspberryPi/portisr.o
                0x000000000005a434                s_bWereEnabled
 *fill*         0x000000000005a435        0xb 
 COMMON         0x000000000005a440       0x68 /home/aaronli/freeRTOSbuild/RaspberryPi-FreeRTOS/build/Drivers/video.o
                0x000000000005a440                SCREEN_WIDTH
                0x000000000005a444                SCREEN_HEIGHT
                0x000000000005a448                framebuffer
                0x000000000005a450                mailbuffer
 COMMON         0x000000000005a4a8       0x28 /home/aaronli/freeRTOSbuild/RaspberryPi-FreeRTOS/build/Drivers/FreeRTOS-Plus-TCP/FreeRTOS_Sockets.o
                0x000000000005a4a8                xBoundUdpSocketsList
                0x000000000005a4bc                xBoundTcpSocketsList
                0x0000000008010000                _estack = (ORIGIN (RAM) + LENGTH (RAM))
LOAD /usr/lib/gcc/arm-none-eabi/6.3.1/libgcc.a
LOAD /usr/lib/arm-none-eabi/lib/libc.a
OUTPUT(kernel.elf elf32-littlearm)

.debug_info     0x0000000000000000    0x27553
 .debug_info    0x0000000000000000      0x1f1 /home/aaronli/freeRTOSbuild/RaspberryPi-FreeRTOS/build/FreeRTOS/Source/portable/GCC/RaspberryPi/port.o
 .debug_info    0x00000000000001f1      0x1b5 /home/aaronli/freeRTOSbuild/RaspberryPi-FreeRTOS/build/FreeRTOS/Source/portable/GCC/RaspberryPi/portisr.o
 .debug_info    0x00000000000003a6      0x452 /home/aaronli/freeRTOSbuild/RaspberryPi-FreeRTOS/build/FreeRTOS/Source/croutine.o
 .debug_info    0x00000000000007f8      0xa82 /home/aaronli/freeRTOSbuild/RaspberryPi-FreeRTOS/build/FreeRTOS/Source/list.o
 .debug_info    0x000000000000127a      0xfe8 /home/aaronli/freeRTOSbuild/RaspberryPi-FreeRTOS/build/FreeRTOS/Source/queue.o
 .debug_info    0x0000000000002262     0x169f /home/aaronli/freeRTOSbuild/RaspberryPi-FreeRTOS/build/FreeRTOS/Source/tasks.o
 .debug_info    0x0000000000003901      0xe7e /home/aaronli/freeRTOSbuild/RaspberryPi-FreeRTOS/build/FreeRTOS/Source/event_groups.o
 .debug_info    0x000000000000477f      0x31d /home/aaronli/freeRTOSbuild/RaspberryPi-FreeRTOS/build/Drivers/interrupts.o
 .debug_info    0x0000000000004a9c      0x3fe /home/aaronli/freeRTOSbuild/RaspberryPi-FreeRTOS/build/Drivers/gpio.o
 .debug_info    0x0000000000004e9a      0xacf /home/aaronli/freeRTOSbuild/RaspberryPi-FreeRTOS/build/FreeRTOS/Source/portable/MemMang/heap_4.o
 .debug_info    0x0000000000005969      0xb3c /home/aaronli/freeRTOSbuild/RaspberryPi-FreeRTOS/build/Demo/main.o
[...]
 .comment       0x0000000000000031       0x32 /home/aaronli/freeRTOSbuild/RaspberryPi-FreeRTOS/build/Drivers/lan9514/lib/smsc951x.o
 .comment       0x0000000000000031       0x32 /home/aaronli/freeRTOSbuild/RaspberryPi-FreeRTOS/build/Drivers/lan9514/lib/string.o
 .comment       0x0000000000000031       0x32 /home/aaronli/freeRTOSbuild/RaspberryPi-FreeRTOS/build/Drivers/lan9514/lib/util.o
 .comment       0x0000000000000031       0x32 /home/aaronli/freeRTOSbuild/RaspberryPi-FreeRTOS/build/Drivers/lan9514/lib/usbmassdevice.o
 .comment       0x0000000000000031       0x32 /home/aaronli/freeRTOSbuild/RaspberryPi-FreeRTOS/build/Drivers/lan9514/lib/dwhciframeschednper.o
 .comment       0x0000000000000031       0x32 /home/aaronli/freeRTOSbuild/RaspberryPi-FreeRTOS/build/Drivers/lan9514/lib/dwhciframeschedper.o
 .comment       0x0000000000000031       0x32 /home/aaronli/freeRTOSbuild/RaspberryPi-FreeRTOS/build/Drivers/lan9514/lib/keymap.o
 .comment       0x0000000000000031       0x32 /home/aaronli/freeRTOSbuild/RaspberryPi-FreeRTOS/build/Drivers/lan9514/lib/usbkeyboard.o
 .comment       0x0000000000000031       0x32 /home/aaronli/freeRTOSbuild/RaspberryPi-FreeRTOS/build/Drivers/lan9514/lib/dwhcirootport.o
 .comment       0x0000000000000031       0x32 /home/aaronli/freeRTOSbuild/RaspberryPi-FreeRTOS/build/Drivers/lan9514/lib/usbmouse.o
 .comment       0x0000000000000031       0x32 /home/aaronli/freeRTOSbuild/RaspberryPi-FreeRTOS/build/Drivers/lan9514/lib/dwhciframeschednsplit.o
 .comment       0x0000000000000031       0x32 /home/aaronli/freeRTOSbuild/RaspberryPi-FreeRTOS/build/Drivers/lan9514/lib/usbgamepad.o
 .comment       0x0000000000000031       0x32 /home/aaronli/freeRTOSbuild/RaspberryPi-FreeRTOS/build/Drivers/lan9514/lib/synchronize.o
 .comment       0x0000000000000031       0x32 /home/aaronli/freeRTOSbuild/RaspberryPi-FreeRTOS/build/Drivers/lan9514/lib/usbstring.o
 .comment       0x0000000000000031       0x32 /home/aaronli/freeRTOSbuild/RaspberryPi-FreeRTOS/build/Drivers/FreeRTOS-Plus-TCP/FreeRTOS_ARP.o
 .comment       0x0000000000000031       0x32 /home/aaronli/freeRTOSbuild/RaspberryPi-FreeRTOS/build/Drivers/FreeRTOS-Plus-TCP/FreeRTOS_DHCP.o
 .comment       0x0000000000000031       0x32 /home/aaronli/freeRTOSbuild/RaspberryPi-FreeRTOS/build/Drivers/FreeRTOS-Plus-TCP/FreeRTOS_DNS.o
 .comment       0x0000000000000031       0x32 /home/aaronli/freeRTOSbuild/RaspberryPi-FreeRTOS/build/Drivers/FreeRTOS-Plus-TCP/FreeRTOS_IP.o
 .comment       0x0000000000000031       0x32 /home/aaronli/freeRTOSbuild/RaspberryPi-FreeRTOS/build/Drivers/FreeRTOS-Plus-TCP/FreeRTOS_Sockets.o
 .comment       0x0000000000000031       0x32 /home/aaronli/freeRTOSbuild/RaspberryPi-FreeRTOS/build/Drivers/FreeRTOS-Plus-TCP/FreeRTOS_Stream_Buffer.o
 .comment       0x0000000000000031       0x32 /home/aaronli/freeRTOSbuild/RaspberryPi-FreeRTOS/build/Drivers/FreeRTOS-Plus-TCP/FreeRTOS_TCP_IP.o
 .comment       0x0000000000000031       0x32 /home/aaronli/freeRTOSbuild/RaspberryPi-FreeRTOS/build/Drivers/FreeRTOS-Plus-TCP/FreeRTOS_TCP_WIN.o
 .comment       0x0000000000000031       0x32 /home/aaronli/freeRTOSbuild/RaspberryPi-FreeRTOS/build/Drivers/FreeRTOS-Plus-TCP/FreeRTOS_UDP_IP.o
 .comment       0x0000000000000031       0x32 /home/aaronli/freeRTOSbuild/RaspberryPi-FreeRTOS/build/Drivers/FreeRTOS-Plus-TCP/portable/BufferManagement/BufferAllocation_2.o
 .comment       0x0000000000000031       0x32 /home/aaronli/freeRTOSbuild/RaspberryPi-FreeRTOS/build/Drivers/FreeRTOS-Plus-TCP/portable/NetworkInterface.o

.ARM.attributes
                0x0000000000000000       0x2f
 .ARM.attributes
                0x0000000000000000       0x2f /home/aaronli/freeRTOSbuild/RaspberryPi-FreeRTOS/build/FreeRTOS/Source/portable/GCC/RaspberryPi/port.o
 .ARM.attributes
                0x000000000000002f       0x2f /home/aaronli/freeRTOSbuild/RaspberryPi-FreeRTOS/build/FreeRTOS/Source/portable/GCC/RaspberryPi/portisr.o
 .ARM.attributes
                0x000000000000005e       0x2f /home/aaronli/freeRTOSbuild/RaspberryPi-FreeRTOS/build/FreeRTOS/Source/croutine.o
 .ARM.attributes
                0x000000000000008d       0x2f /home/aaronli/freeRTOSbuild/RaspberryPi-FreeRTOS/build/FreeRTOS/Source/list.o
 .ARM.attributes
                0x00000000000000bc       0x2f /home/aaronli/freeRTOSbuild/RaspberryPi-FreeRTOS/build/FreeRTOS/Source/queue.o
 .ARM.attributes
                0x00000000000000eb       0x2f /home/aaronli/freeRTOSbuild/RaspberryPi-FreeRTOS/build/FreeRTOS/Source/tasks.o
 .ARM.attributes
                0x000000000000011a       0x2f /home/aaronli/freeRTOSbuild/RaspberryPi-FreeRTOS/build/FreeRTOS/Source/event_groups.o
 .ARM.attributes
                0x0000000000000149       0x2f /home/aaronli/freeRTOSbuild/RaspberryPi-FreeRTOS/build/Drivers/interrupts.o
 .ARM.attributes
                0x0000000000000178       0x2f /home/aaronli/freeRTOSbuild/RaspberryPi-FreeRTOS/build/Drivers/gpio.o
 .ARM.attributes
                0x00000000000001a7       0x2f /home/aaronli/freeRTOSbuild/RaspberryPi-FreeRTOS/build/FreeRTOS/Source/portable/MemMang/heap_4.o
 .ARM.attributes
                0x00000000000001d6       0x18 /home/aaronli/freeRTOSbuild/RaspberryPi-FreeRTOS/build/Demo/startup.o
 .ARM.attributes
                0x00000000000001ee       0x2f /home/aaronli/freeRTOSbuild/RaspberryPi-FreeRTOS/build/Demo/main.o
 .ARM.attributes
                0x000000000000021d       0x2f /home/aaronli/freeRTOSbuild/RaspberryPi-FreeRTOS/build/Drivers/mailbox.o
 .ARM.attributes
                0x000000000000024c       0x2f /home/aaronli/freeRTOSbuild/RaspberryPi-FreeRTOS/build/Demo/trace.o
 .ARM.attributes
                0x000000000000027b       0x2f /home/aaronli/freeRTOSbuild/RaspberryPi-FreeRTOS/build/Drivers/mem.o
 .ARM.attributes
                0x00000000000002aa       0x2f /home/aaronli/freeRTOSbuild/RaspberryPi-FreeRTOS/build/Drivers/video.o
 .ARM.attributes
                0x00000000000002d9       0x2f /home/aaronli/freeRTOSbuild/RaspberryPi-FreeRTOS/build/Drivers/lan9514/uspibind.o
 .ARM.attributes
                0x0000000000000308       0x2f /home/aaronli/freeRTOSbuild/RaspberryPi-FreeRTOS/build/Drivers/lan9514/lib/uspilibrary.o
 .ARM.attributes
                0x0000000000000337       0x2f /home/aaronli/freeRTOSbuild/RaspberryPi-FreeRTOS/build/Drivers/lan9514/lib/dwhcidevice.o
 .ARM.attributes
                0x0000000000000366       0x2f /home/aaronli/freeRTOSbuild/RaspberryPi-FreeRTOS/build/Drivers/lan9514/lib/dwhciregister.o
 .ARM.attributes
                0x0000000000000395       0x2f /home/aaronli/freeRTOSbuild/RaspberryPi-FreeRTOS/build/Drivers/lan9514/lib/dwhcixferstagedata.o
 .ARM.attributes
                0x00000000000003c4       0x2f /home/aaronli/freeRTOSbuild/RaspberryPi-FreeRTOS/build/Drivers/lan9514/lib/usbconfigparser.o
 .ARM.attributes
                0x00000000000003f3       0x2f /home/aaronli/freeRTOSbuild/RaspberryPi-FreeRTOS/build/Drivers/lan9514/lib/usbdevice.o
 .ARM.attributes
                0x0000000000000422       0x2f /home/aaronli/freeRTOSbuild/RaspberryPi-FreeRTOS/build/Drivers/lan9514/lib/usbdevicefactory.o
 .ARM.attributes
                0x0000000000000451       0x2f /home/aaronli/freeRTOSbuild/RaspberryPi-FreeRTOS/build/Drivers/lan9514/lib/usbendpoint.o
 .ARM.attributes
                0x0000000000000480       0x2f /home/aaronli/freeRTOSbuild/RaspberryPi-FreeRTOS/build/Drivers/lan9514/lib/usbrequest.o
 .ARM.attributes
                0x00000000000004af       0x2f /home/aaronli/freeRTOSbuild/RaspberryPi-FreeRTOS/build/Drivers/lan9514/lib/usbstandardhub.o
 .ARM.attributes
                0x00000000000004de       0x2f /home/aaronli/freeRTOSbuild/RaspberryPi-FreeRTOS/build/Drivers/lan9514/lib/devicenameservice.o
 .ARM.attributes
                0x000000000000050d       0x2f /home/aaronli/freeRTOSbuild/RaspberryPi-FreeRTOS/build/Drivers/lan9514/lib/macaddress.o
 .ARM.attributes
                0x000000000000053c       0x2f /home/aaronli/freeRTOSbuild/RaspberryPi-FreeRTOS/build/Drivers/lan9514/lib/smsc951x.o
 .ARM.attributes
                0x000000000000056b       0x2f /home/aaronli/freeRTOSbuild/RaspberryPi-FreeRTOS/build/Drivers/lan9514/lib/string.o
 .ARM.attributes
                0x000000000000059a       0x2f /home/aaronli/freeRTOSbuild/RaspberryPi-FreeRTOS/build/Drivers/lan9514/lib/util.o
 .ARM.attributes
                0x00000000000005c9       0x2f /home/aaronli/freeRTOSbuild/RaspberryPi-FreeRTOS/build/Drivers/lan9514/lib/usbmassdevice.o
 .ARM.attributes
                0x00000000000005f8       0x2f /home/aaronli/freeRTOSbuild/RaspberryPi-FreeRTOS/build/Drivers/lan9514/lib/dwhciframeschednper.o
 .ARM.attributes
                0x0000000000000627       0x2f /home/aaronli/freeRTOSbuild/RaspberryPi-FreeRTOS/build/Drivers/lan9514/lib/dwhciframeschedper.o
 .ARM.attributes
                0x0000000000000656       0x2f /home/aaronli/freeRTOSbuild/RaspberryPi-FreeRTOS/build/Drivers/lan9514/lib/keymap.o
 .ARM.attributes
                0x0000000000000685       0x2f /home/aaronli/freeRTOSbuild/RaspberryPi-FreeRTOS/build/Drivers/lan9514/lib/usbkeyboard.o
 .ARM.attributes
                0x00000000000006b4       0x2f /home/aaronli/freeRTOSbuild/RaspberryPi-FreeRTOS/build/Drivers/lan9514/lib/dwhcirootport.o
 .ARM.attributes
                0x00000000000006e3       0x2f /home/aaronli/freeRTOSbuild/RaspberryPi-FreeRTOS/build/Drivers/lan9514/lib/usbmouse.o
 .ARM.attributes
                0x0000000000000712       0x2f /home/aaronli/freeRTOSbuild/RaspberryPi-FreeRTOS/build/Drivers/lan9514/lib/dwhciframeschednsplit.o
 .ARM.attributes
                0x0000000000000741       0x2f /home/aaronli/freeRTOSbuild/RaspberryPi-FreeRTOS/build/Drivers/lan9514/lib/usbgamepad.o
 .ARM.attributes
                0x0000000000000770       0x2f /home/aaronli/freeRTOSbuild/RaspberryPi-FreeRTOS/build/Drivers/lan9514/lib/synchronize.o
 .ARM.attributes
                0x000000000000079f       0x2f /home/aaronli/freeRTOSbuild/RaspberryPi-FreeRTOS/build/Drivers/lan9514/lib/usbstring.o
 .ARM.attributes
                0x00000000000007ce       0x2f /home/aaronli/freeRTOSbuild/RaspberryPi-FreeRTOS/build/Drivers/FreeRTOS-Plus-TCP/FreeRTOS_ARP.o
 .ARM.attributes
                0x00000000000007fd       0x2d /home/aaronli/freeRTOSbuild/RaspberryPi-FreeRTOS/build/Drivers/FreeRTOS-Plus-TCP/FreeRTOS_DHCP.o
 .ARM.attributes
                0x000000000000082a       0x2f /home/aaronli/freeRTOSbuild/RaspberryPi-FreeRTOS/build/Drivers/FreeRTOS-Plus-TCP/FreeRTOS_DNS.o
 .ARM.attributes
                0x0000000000000859       0x2f /home/aaronli/freeRTOSbuild/RaspberryPi-FreeRTOS/build/Drivers/FreeRTOS-Plus-TCP/FreeRTOS_IP.o
 .ARM.attributes
                0x0000000000000888       0x2f /home/aaronli/freeRTOSbuild/RaspberryPi-FreeRTOS/build/Drivers/FreeRTOS-Plus-TCP/FreeRTOS_Sockets.o
 .ARM.attributes
                0x00000000000008b7       0x2f /home/aaronli/freeRTOSbuild/RaspberryPi-FreeRTOS/build/Drivers/FreeRTOS-Plus-TCP/FreeRTOS_Stream_Buffer.o
 .ARM.attributes
                0x00000000000008e6       0x2f /home/aaronli/freeRTOSbuild/RaspberryPi-FreeRTOS/build/Drivers/FreeRTOS-Plus-TCP/FreeRTOS_TCP_IP.o
 .ARM.attributes
                0x0000000000000915       0x2f /home/aaronli/freeRTOSbuild/RaspberryPi-FreeRTOS/build/Drivers/FreeRTOS-Plus-TCP/FreeRTOS_TCP_WIN.o
 .ARM.attributes
                0x0000000000000944       0x2f /home/aaronli/freeRTOSbuild/RaspberryPi-FreeRTOS/build/Drivers/FreeRTOS-Plus-TCP/FreeRTOS_UDP_IP.o
 .ARM.attributes
                0x0000000000000973       0x2f /home/aaronli/freeRTOSbuild/RaspberryPi-FreeRTOS/build/Drivers/FreeRTOS-Plus-TCP/portable/BufferManagement/BufferAllocation_2.o
 .ARM.attributes
                0x00000000000009a2       0x2f /home/aaronli/freeRTOSbuild/RaspberryPi-FreeRTOS/build/Drivers/FreeRTOS-Plus-TCP/portable/NetworkInterface.o
 .ARM.attributes
                0x00000000000009d1       0x18 /usr/lib/gcc/arm-none-eabi/6.3.1/libgcc.a(_udivsi3.o)
 .ARM.attributes
                0x00000000000009e9       0x18 /usr/lib/gcc/arm-none-eabi/6.3.1/libgcc.a(_dvmd_tls.o)

.debug_frame    0x0000000000000000     0x55b0
 .debug_frame   0x0000000000000000       0xb0 /home/aaronli/freeRTOSbuild/RaspberryPi-FreeRTOS/build/FreeRTOS/Source/portable/GCC/RaspberryPi/port.o
 .debug_frame   0x00000000000000b0       0x90 /home/aaronli/freeRTOSbuild/RaspberryPi-FreeRTOS/build/FreeRTOS/Source/portable/GCC/RaspberryPi/portisr.o
 .debug_frame   0x0000000000000140       0xf0 /home/aaronli/freeRTOSbuild/RaspberryPi-FreeRTOS/build/FreeRTOS/Source/croutine.o
 .debug_frame   0x0000000000000230       0xb0 /home/aaronli/freeRTOSbuild/RaspberryPi-FreeRTOS/build/FreeRTOS/Source/list.o
 .debug_frame   0x00000000000002e0      0x254 /home/aaronli/freeRTOSbuild/RaspberryPi-FreeRTOS/build/FreeRTOS/Source/queue.o
 .debug_frame   0x0000000000000534      0x514 /home/aaronli/freeRTOSbuild/RaspberryPi-FreeRTOS/build/FreeRTOS/Source/tasks.o
 .debug_frame   0x0000000000000a48      0x150 /home/aaronli/freeRTOSbuild/RaspberryPi-FreeRTOS/build/FreeRTOS/Source/event_groups.o
 .debug_frame   0x0000000000000b98      0x14c /home/aaronli/freeRTOSbuild/RaspberryPi-FreeRTOS/build/Drivers/interrupts.o
 .debug_frame   0x0000000000000ce4       0xf0 /home/aaronli/freeRTOSbuild/RaspberryPi-FreeRTOS/build/Drivers/gpio.o
 .debug_frame   0x0000000000000dd4       0xd0 /home/aaronli/freeRTOSbuild/RaspberryPi-FreeRTOS/build/FreeRTOS/Source/portable/MemMang/heap_4.o
 .debug_frame   0x0000000000000ea4       0x9c /home/aaronli/freeRTOSbuild/RaspberryPi-FreeRTOS/build/Demo/main.o
 .debug_frame   0x0000000000000f40       0x50 /home/aaronli/freeRTOSbuild/RaspberryPi-FreeRTOS/build/Drivers/mailbox.o
 .debug_frame   0x0000000000000f90       0x60 /home/aaronli/freeRTOSbuild/RaspberryPi-FreeRTOS/build/Demo/trace.o
 .debug_frame   0x0000000000000ff0      0x11c /home/aaronli/freeRTOSbuild/RaspberryPi-FreeRTOS/build/Drivers/mem.o
 .debug_frame   0x000000000000110c      0x134 /home/aaronli/freeRTOSbuild/RaspberryPi-FreeRTOS/build/Drivers/video.o
 .debug_frame   0x0000000000001240      0x1a4 /home/aaronli/freeRTOSbuild/RaspberryPi-FreeRTOS/build/Drivers/lan9514/uspibind.o
 .debug_frame   0x00000000000013e4      0x270 /home/aaronli/freeRTOSbuild/RaspberryPi-FreeRTOS/build/Drivers/lan9514/lib/uspilibrary.o
 .debug_frame   0x0000000000001654      0x4d4 /home/aaronli/freeRTOSbuild/RaspberryPi-FreeRTOS/build/Drivers/lan9514/lib/dwhcidevice.o
 .debug_frame   0x0000000000001b28      0x1f0 /home/aaronli/freeRTOSbuild/RaspberryPi-FreeRTOS/build/Drivers/lan9514/lib/dwhciregister.o
 .debug_frame   0x0000000000001d18      0x434 /home/aaronli/freeRTOSbuild/RaspberryPi-FreeRTOS/build/Drivers/lan9514/lib/dwhcixferstagedata.o
 .debug_frame   0x000000000000214c       0xb4 /home/aaronli/freeRTOSbuild/RaspberryPi-FreeRTOS/build/Drivers/lan9514/lib/usbconfigparser.o
 .debug_frame   0x0000000000002200      0x23c /home/aaronli/freeRTOSbuild/RaspberryPi-FreeRTOS/build/Drivers/lan9514/lib/usbdevice.o
 .debug_frame   0x000000000000243c       0x54 /home/aaronli/freeRTOSbuild/RaspberryPi-FreeRTOS/build/Drivers/lan9514/lib/usbdevicefactory.o
 .debug_frame   0x0000000000002490      0x1d4 /home/aaronli/freeRTOSbuild/RaspberryPi-FreeRTOS/build/Drivers/lan9514/lib/usbendpoint.o
 .debug_frame   0x0000000000002664      0x190 /home/aaronli/freeRTOSbuild/RaspberryPi-FreeRTOS/build/Drivers/lan9514/lib/usbrequest.o
 .debug_frame   0x00000000000027f4       0xd8 /home/aaronli/freeRTOSbuild/RaspberryPi-FreeRTOS/build/Drivers/lan9514/lib/usbstandardhub.o
 .debug_frame   0x00000000000028cc       0xac /home/aaronli/freeRTOSbuild/RaspberryPi-FreeRTOS/build/Drivers/lan9514/lib/devicenameservice.o
 .debug_frame   0x0000000000002978      0x174 /home/aaronli/freeRTOSbuild/RaspberryPi-FreeRTOS/build/Drivers/lan9514/lib/macaddress.o
 .debug_frame   0x0000000000002aec      0x160 /home/aaronli/freeRTOSbuild/RaspberryPi-FreeRTOS/build/Drivers/lan9514/lib/smsc951x.o
 .debug_frame   0x0000000000002c4c      0x208 /home/aaronli/freeRTOSbuild/RaspberryPi-FreeRTOS/build/Drivers/lan9514/lib/string.o
 .debug_frame   0x0000000000002e54      0x170 /home/aaronli/freeRTOSbuild/RaspberryPi-FreeRTOS/build/Drivers/lan9514/lib/util.o
 .debug_frame   0x0000000000002fc4      0x180 /home/aaronli/freeRTOSbuild/RaspberryPi-FreeRTOS/build/Drivers/lan9514/lib/usbmassdevice.o
 .debug_frame   0x0000000000003144       0xf0 /home/aaronli/freeRTOSbuild/RaspberryPi-FreeRTOS/build/Drivers/lan9514/lib/dwhciframeschednper.o
 .debug_frame   0x0000000000003234       0xf0 /home/aaronli/freeRTOSbuild/RaspberryPi-FreeRTOS/build/Drivers/lan9514/lib/dwhciframeschedper.o
 .debug_frame   0x0000000000003324       0xf4 /home/aaronli/freeRTOSbuild/RaspberryPi-FreeRTOS/build/Drivers/lan9514/lib/keymap.o
 .debug_frame   0x0000000000003418      0x198 /home/aaronli/freeRTOSbuild/RaspberryPi-FreeRTOS/build/Drivers/lan9514/lib/usbkeyboard.o
 .debug_frame   0x00000000000035b0       0x74 /home/aaronli/freeRTOSbuild/RaspberryPi-FreeRTOS/build/Drivers/lan9514/lib/dwhcirootport.o
 .debug_frame   0x0000000000003624       0xdc /home/aaronli/freeRTOSbuild/RaspberryPi-FreeRTOS/build/Drivers/lan9514/lib/usbmouse.o
 .debug_frame   0x0000000000003700       0xf0 /home/aaronli/freeRTOSbuild/RaspberryPi-FreeRTOS/build/Drivers/lan9514/lib/dwhciframeschednsplit.o
 .debug_frame   0x00000000000037f0      0x184 /home/aaronli/freeRTOSbuild/RaspberryPi-FreeRTOS/build/Drivers/lan9514/lib/usbgamepad.o
 .debug_frame   0x0000000000003974       0x5c /home/aaronli/freeRTOSbuild/RaspberryPi-FreeRTOS/build/Drivers/lan9514/lib/synchronize.o
 .debug_frame   0x00000000000039d0       0xe8 /home/aaronli/freeRTOSbuild/RaspberryPi-FreeRTOS/build/Drivers/lan9514/lib/usbstring.o
 .debug_frame   0x0000000000003ab8      0x130 /home/aaronli/freeRTOSbuild/RaspberryPi-FreeRTOS/build/Drivers/FreeRTOS-Plus-TCP/FreeRTOS_ARP.o
 .debug_frame   0x0000000000003be8      0x114 /home/aaronli/freeRTOSbuild/RaspberryPi-FreeRTOS/build/Drivers/FreeRTOS-Plus-TCP/FreeRTOS_DNS.o
 .debug_frame   0x0000000000003cfc      0x530 /home/aaronli/freeRTOSbuild/RaspberryPi-FreeRTOS/build/Drivers/FreeRTOS-Plus-TCP/FreeRTOS_IP.o
 .debug_frame   0x000000000000422c      0x720 /home/aaronli/freeRTOSbuild/RaspberryPi-FreeRTOS/build/Drivers/FreeRTOS-Plus-TCP/FreeRTOS_Sockets.o
 .debug_frame   0x000000000000494c      0x110 /home/aaronli/freeRTOSbuild/RaspberryPi-FreeRTOS/build/Drivers/FreeRTOS-Plus-TCP/FreeRTOS_Stream_Buffer.o
 .debug_frame   0x0000000000004a5c      0x564 /home/aaronli/freeRTOSbuild/RaspberryPi-FreeRTOS/build/Drivers/FreeRTOS-Plus-TCP/FreeRTOS_TCP_IP.o
 .debug_frame   0x0000000000004fc0      0x420 /home/aaronli/freeRTOSbuild/RaspberryPi-FreeRTOS/build/Drivers/FreeRTOS-Plus-TCP/FreeRTOS_TCP_WIN.o
 .debug_frame   0x00000000000053e0       0x54 /home/aaronli/freeRTOSbuild/RaspberryPi-FreeRTOS/build/Drivers/FreeRTOS-Plus-TCP/FreeRTOS_UDP_IP.o
 .debug_frame   0x0000000000005434       0xf0 /home/aaronli/freeRTOSbuild/RaspberryPi-FreeRTOS/build/Drivers/FreeRTOS-Plus-TCP/portable/BufferManagement/BufferAllocation_2.o
 .debug_frame   0x0000000000005524       0x6c /home/aaronli/freeRTOSbuild/RaspberryPi-FreeRTOS/build/Drivers/FreeRTOS-Plus-TCP/portable/NetworkInterface.o
 .debug_frame   0x0000000000005590       0x20 /usr/lib/gcc/arm-none-eabi/6.3.1/libgcc.a(_udivsi3.o)

.debug_ranges   0x0000000000000000       0x78
 .debug_ranges  0x0000000000000000       0x18 /home/aaronli/freeRTOSbuild/RaspberryPi-FreeRTOS/build/Drivers/lan9514/lib/usbconfigparser.o
 .debug_ranges  0x0000000000000018       0x18 /home/aaronli/freeRTOSbuild/RaspberryPi-FreeRTOS/build/Drivers/lan9514/lib/usbstandardhub.o
 .debug_ranges  0x0000000000000030       0x18 /home/aaronli/freeRTOSbuild/RaspberryPi-FreeRTOS/build/Drivers/lan9514/lib/string.o
 .debug_ranges  0x0000000000000048       0x18 /home/aaronli/freeRTOSbuild/RaspberryPi-FreeRTOS/build/Drivers/lan9514/lib/usbmassdevice.o
 .debug_ranges  0x0000000000000060       0x18 /home/aaronli/freeRTOSbuild/RaspberryPi-FreeRTOS/build/Drivers/FreeRTOS-Plus-TCP/FreeRTOS_TCP_IP.o
